Archive member included to satisfy reference by file (symbol)

app/libapp.a(main.c.obj)      (--whole-archive)
zephyr/libzephyr.a(crc32_sw.c.obj)
                              (--whole-archive)
zephyr/libzephyr.a(crc16_sw.c.obj)
                              (--whole-archive)
zephyr/libzephyr.a(crc8_sw.c.obj)
                              (--whole-archive)
zephyr/libzephyr.a(crc7_sw.c.obj)
                              (--whole-archive)
zephyr/libzephyr.a(dec.c.obj)
                              (--whole-archive)
zephyr/libzephyr.a(fdtable.c.obj)
                              (--whole-archive)
zephyr/libzephyr.a(hex.c.obj)
                              (--whole-archive)
zephyr/libzephyr.a(mempool.c.obj)
                              (--whole-archive)
zephyr/libzephyr.a(notify.c.obj)
                              (--whole-archive)
zephyr/libzephyr.a(printk.c.obj)
                              (--whole-archive)
zephyr/libzephyr.a(onoff.c.obj)
                              (--whole-archive)
zephyr/libzephyr.a(rb.c.obj)  (--whole-archive)
zephyr/libzephyr.a(sem.c.obj)
                              (--whole-archive)
zephyr/libzephyr.a(thread_entry.c.obj)
                              (--whole-archive)
zephyr/libzephyr.a(timeutil.c.obj)
                              (--whole-archive)
zephyr/libzephyr.a(work_q.c.obj)
                              (--whole-archive)
zephyr/libzephyr.a(heap.c.obj)
                              (--whole-archive)
zephyr/libzephyr.a(heap-validate.c.obj)
                              (--whole-archive)
zephyr/libzephyr.a(configs.c.obj)
                              (--whole-archive)
zephyr/libzephyr.a(soc.c.obj)
                              (--whole-archive)
zephyr/libzephyr.a(power.c.obj)
                              (--whole-archive)
zephyr/libzephyr.a(validate_base_addresses.c.obj)
                              (--whole-archive)
zephyr/libzephyr.a(validate_enabled_instances.c.obj)
                              (--whole-archive)
zephyr/libzephyr.a(power.c.obj)
                              (--whole-archive)
zephyr/libzephyr.a(policy_residency.c.obj)
                              (--whole-archive)
zephyr/libzephyr.a(uart_console.c.obj)
                              (--whole-archive)
zephyr/libzephyr.a(nrf_power_clock.c.obj)
                              (--whole-archive)
zephyr/libzephyr.a(sys_clock_init.c.obj)
                              (--whole-archive)
zephyr/libzephyr.a(nrf_rtc_timer.c.obj)
                              (--whole-archive)
zephyr/libzephyr.a(spm.c.obj)
                              (--whole-archive)
zephyr/libzephyr.a(secure_services.c.obj)
                              (--whole-archive)
zephyr/libzephyr.a(nrf_cc310_platform_abort_zephyr.c.obj)
                              (--whole-archive)
zephyr/libzephyr.a(nrf_cc310_platform_mutex_zephyr.c.obj)
                              (--whole-archive)
zephyr/arch/common/libarch__common.a(isr_tables.c.obj)
                              (--whole-archive)
zephyr/arch/common/libarch__common.a(sw_isr_common.c.obj)
                              (--whole-archive)
zephyr/arch/arch/arm/core/aarch32/libarch__arm__core__aarch32.a(swap.c.obj)
                              (--whole-archive)
zephyr/arch/arch/arm/core/aarch32/libarch__arm__core__aarch32.a(swap_helper.S.obj)
                              (--whole-archive)
zephyr/arch/arch/arm/core/aarch32/libarch__arm__core__aarch32.a(irq_manage.c.obj)
                              (--whole-archive)
zephyr/arch/arch/arm/core/aarch32/libarch__arm__core__aarch32.a(thread.c.obj)
                              (--whole-archive)
zephyr/arch/arch/arm/core/aarch32/libarch__arm__core__aarch32.a(cpu_idle.S.obj)
                              (--whole-archive)
zephyr/arch/arch/arm/core/aarch32/libarch__arm__core__aarch32.a(fatal.c.obj)
                              (--whole-archive)
zephyr/arch/arch/arm/core/aarch32/libarch__arm__core__aarch32.a(nmi.c.obj)
                              (--whole-archive)
zephyr/arch/arch/arm/core/aarch32/libarch__arm__core__aarch32.a(nmi_on_reset.S.obj)
                              (--whole-archive)
zephyr/arch/arch/arm/core/aarch32/libarch__arm__core__aarch32.a(prep_c.c.obj)
                              (--whole-archive)
zephyr/arch/arch/arm/core/aarch32/libarch__arm__core__aarch32.a(isr_wrapper.S.obj)
                              (--whole-archive)
zephyr/arch/arch/arm/core/aarch32/cortex_m/libarch__arm__core__aarch32__cortex_m.a(vector_table.S.obj)
                              (--whole-archive)
zephyr/arch/arch/arm/core/aarch32/cortex_m/libarch__arm__core__aarch32__cortex_m.a(reset.S.obj)
                              (--whole-archive)
zephyr/arch/arch/arm/core/aarch32/cortex_m/libarch__arm__core__aarch32__cortex_m.a(fault_s.S.obj)
                              (--whole-archive)
zephyr/arch/arch/arm/core/aarch32/cortex_m/libarch__arm__core__aarch32__cortex_m.a(fault.c.obj)
                              (--whole-archive)
[...]
Memory Configuration

Name             Origin             Length             Attributes
FLASH            0x0000000000000000 0x000000000000c000 xr
SRAM             0x0000000020000000 0x0000000000010000 xw
IDT_LIST         0x0000000020010000 0x0000000000000800 xw
*default*        0x0000000000000000 0xffffffffffffffff

Linker script and memory map

LOAD zephyr/CMakeFiles/zephyr_final.dir/misc/empty_file.c.obj
LOAD zephyr/CMakeFiles/zephyr_final.dir/isr_tables.c.obj
                0x0000000000000020                _region_min_align = 0x20

.rel.plt        0x0000000000000000        0x0
 *(SORT_BY_ALIGNMENT(.rel.plt))
                [!provide]                        PROVIDE (__rel_iplt_start = .)
 *(SORT_BY_ALIGNMENT(.rel.iplt))
 .rel.iplt      0x0000000000000000        0x0 zephyr/CMakeFiles/zephyr_final.dir/isr_tables.c.obj
                [!provide]                        PROVIDE (__rel_iplt_end = .)

.rela.plt       0x0000000000000000        0x0
 *(SORT_BY_ALIGNMENT(.rela.plt))
                [!provide]                        PROVIDE (__rela_iplt_start = .)
 *(SORT_BY_ALIGNMENT(.rela.iplt))
                [!provide]                        PROVIDE (__rela_iplt_end = .)

.rel.dyn
 *(SORT_BY_ALIGNMENT(.rel.*))

.rela.dyn
 *(SORT_BY_ALIGNMENT(.rela.*))

/DISCARD/
 *(SORT_BY_ALIGNMENT(.plt))
 *(SORT_BY_ALIGNMENT(.iplt))
 *(SORT_BY_ALIGNMENT(.got.plt))
 *(SORT_BY_ALIGNMENT(.igot.plt))
 *(SORT_BY_ALIGNMENT(.got))
 *(SORT_BY_ALIGNMENT(.igot))
 *(SORT_BY_ALIGNMENT(.irq_info))
 *(SORT_BY_ALIGNMENT(.intList))
 *(SORT_BY_ALIGNMENT(.note.GNU-stack))
                0x0000000000000000                _image_rom_start = 0x0

rom_start       0x0000000000000000      0x23c
                0x0000000000000000                . = 0x0
                0x0000000000000000                . = ALIGN (0x4)
                0x0000000000000000                _vector_start = .
 *(SORT_BY_ALIGNMENT(.exc_vector_table))
 *(SORT_BY_ALIGNMENT(.exc_vector_table.*))
 .exc_vector_table._vector_table_section
                0x0000000000000000       0x40 zephyr/arch/arch/arm/core/aarch32/cortex_m/libarch__arm__core__aarch32__cortex_m.a(vector_table.S.obj)
                0x0000000000000000                _vector_table
 *(SORT_BY_ALIGNMENT(.gnu.linkonce.irq_vector_table))
 .gnu.linkonce.irq_vector_table
                0x0000000000000040      0x104 zephyr/CMakeFiles/zephyr_final.dir/isr_tables.c.obj
                0x0000000000000040                _irq_vector_table
 *(SORT_BY_ALIGNMENT(.vectors))
                0x0000000000000144                _vector_end = .
 *(SORT_BY_ALIGNMENT(.openocd_dbg))
 *(SORT_BY_ALIGNMENT(.openocd_dbg.*))
                0x0000000000000200                . = 0x200
 *fill*         0x0000000000000144       0xbc 
                0x0000000000000200                _fw_info_start = .
 *(SORT_BY_NAME(SORT_BY_ALIGNMENT(.firmware_info*)))
 .firmware_info
                0x0000000000000200       0x3c modules/nrf/subsys/fw_info/lib..__nrf__subsys__fw_info.a(fw_info.c.obj)
                0x0000000000000200                m_firmware_info
                0x000000000000003c                _fw_info_size = ABSOLUTE ((. - _fw_info_start))

text            0x000000000000023c     0x4364
                0x000000000000023c                _image_text_start = .
 *(SORT_BY_ALIGNMENT(.text))
 .text          0x000000000000023c       0x30 /home/jolu/zephyr-sdk/arm-zephyr-eabi/bin/../lib/gcc/arm-zephyr-eabi/9.2.0/thumb/v8-m.main+fp/hard/libgcc.a(_aeabi_uldivmod.o)
                0x000000000000023c                __aeabi_uldivmod
 .text          0x000000000000026c      0x2c4 /home/jolu/zephyr-sdk/arm-zephyr-eabi/bin/../lib/gcc/arm-zephyr-eabi/9.2.0/thumb/v8-m.main+fp/hard/libgcc.a(_udivmoddi4.o)
                0x000000000000026c                __udivmoddi4
 .text          0x0000000000000530        0x4 /home/jolu/zephyr-sdk/arm-zephyr-eabi/bin/../lib/gcc/arm-zephyr-eabi/9.2.0/thumb/v8-m.main+fp/hard/libgcc.a(_dvmd_tls.o)
                0x0000000000000530                __aeabi_ldiv0
                0x0000000000000530                __aeabi_idiv0
 .text          0x0000000000000534       0x5c /home/jolu/zephyr-sdk/arm-zephyr-eabi/bin/../lib/gcc/arm-zephyr-eabi/9.2.0/thumb/v8-m.main+fp/hard/libgcc.a(cmse_nonsecure_call.o)
                0x0000000000000534                __gnu_cmse_nonsecure_call
 *(SORT_BY_ALIGNMENT(.text.*))
 .text.char_out
                0x0000000000000590       0x10 zephyr/libzephyr.a(printk.c.obj)
 .text._printk_dec_ulong
                0x00000000000005a0       0xa8 zephyr/libzephyr.a(printk.c.obj)
 .text.__printk_hook_install
                0x0000000000000648        0xc zephyr/libzephyr.a(printk.c.obj)
                0x0000000000000648                __printk_hook_install
 .text.z_vprintk
                0x0000000000000654      0x328 zephyr/libzephyr.a(printk.c.obj)
                0x0000000000000654                z_vprintk
 .text.vprintk  0x000000000000097c       0x1c zephyr/libzephyr.a(printk.c.obj)
                0x000000000000097c                vprintk
 .text.nordicsemi_nrf91_init
                0x0000000000000998       0x28 zephyr/libzephyr.a(soc.c.obj)
 .text.arch_busy_wait
                0x00000000000009c0       0x14 zephyr/libzephyr.a(soc.c.obj)
                0x00000000000009c0                arch_busy_wait
 .text.uart_console_init
                0x00000000000009d4       0x28 zephyr/libzephyr.a(uart_console.c.obj)
 .text.console_out
                0x00000000000009fc       0x28 zephyr/libzephyr.a(uart_console.c.obj)
 .text.clkstarted_handle.constprop.0
                0x0000000000000a24       0x50 zephyr/libzephyr.a(nrf_power_clock.c.obj)
 .text.nrf_power_clock_isr
                0x0000000000000a74       0x54 zephyr/libzephyr.a(nrf_power_clock.c.obj)
                0x0000000000000a74                nrf_power_clock_isr
 .text.handle_next_tick_case
                0x0000000000000ac8       0x28 zephyr/libzephyr.a(nrf_rtc_timer.c.obj)
 .text.rtc1_nrf_isr
                0x0000000000000af0       0x24 zephyr/libzephyr.a(nrf_rtc_timer.c.obj)
                0x0000000000000af0                rtc1_nrf_isr
 .text.z_clock_driver_init
                0x0000000000000b14       0x68 zephyr/libzephyr.a(nrf_rtc_timer.c.obj)
                0x0000000000000b14                z_clock_driver_init
 .text.z_clock_set_timeout
                0x0000000000000b7c       0xc8 zephyr/libzephyr.a(nrf_rtc_timer.c.obj)
                0x0000000000000b7c                z_clock_set_timeout
 .text.z_clock_elapsed
                0x0000000000000c44       0x34 zephyr/libzephyr.a(nrf_rtc_timer.c.obj)
                0x0000000000000c44                z_clock_elapsed
 .text.config_regions
                0x0000000000000c78       0xb0 zephyr/libzephyr.a(spm.c.obj)
 .text.spm_config_peripheral.constprop.0
                0x0000000000000d28       0x5c zephyr/libzephyr.a(spm.c.obj)
 .text.spm_jump
                0x0000000000000d84       0xd4 zephyr/libzephyr.a(spm.c.obj)
                0x0000000000000d84                spm_jump
 .text.spm_config
                0x0000000000000e58      0x130 zephyr/libzephyr.a(spm.c.obj)
                0x0000000000000e58                spm_config
 .text.spm_request_read
                0x0000000000000f88       0xb0 zephyr/libzephyr.a(secure_services.c.obj)
                0x0000000000000f88                __acle_se_spm_request_read
 .text.spm_firmware_info
                0x0000000000001038       0xd4 zephyr/libzephyr.a(secure_services.c.obj)
                0x0000000000001038                __acle_se_spm_firmware_info
 .text.nrf_cc310_platform_abort_init
                0x000000000000110c        0xc zephyr/libzephyr.a(nrf_cc310_platform_abort_zephyr.c.obj)
                0x000000000000110c                nrf_cc310_platform_abort_init
 .text.mutex_unlock
                0x0000000000001118       0x20 zephyr/libzephyr.a(nrf_cc310_platform_mutex_zephyr.c.obj)
 .text.mutex_free
                0x0000000000001138       0x40 zephyr/libzephyr.a(nrf_cc310_platform_mutex_zephyr.c.obj)
 .text.mutex_init
                0x0000000000001178       0x68 zephyr/libzephyr.a(nrf_cc310_platform_mutex_zephyr.c.obj)
 .text.mutex_lock
                0x00000000000011e0       0x34 zephyr/libzephyr.a(nrf_cc310_platform_mutex_zephyr.c.obj)
 .text.nrf_cc310_platform_mutex_init
                0x0000000000001214       0x2c zephyr/libzephyr.a(nrf_cc310_platform_mutex_zephyr.c.obj)
                0x0000000000001214                nrf_cc310_platform_mutex_init
 .text.arch_swap
                0x0000000000001240       0x34 zephyr/arch/arch/arm/core/aarch32/libarch__arm__core__aarch32.a(swap.c.obj)
                0x0000000000001240                arch_swap
 .text.z_arm_pendsv
                0x0000000000001274       0x48 zephyr/arch/arch/arm/core/aarch32/libarch__arm__core__aarch32.a(swap_helper.S.obj)
                0x0000000000001274                z_arm_pendsv
 .text.z_arm_svc
                0x00000000000012bc       0x20 zephyr/arch/arch/arm/core/aarch32/libarch__arm__core__aarch32.a(swap_helper.S.obj)
                0x00000000000012bc                z_arm_svc
 .text.arch_irq_enable
                0x00000000000012dc       0x20 zephyr/arch/arch/arm/core/aarch32/libarch__arm__core__aarch32.a(irq_manage.c.obj)
                0x00000000000012dc                arch_irq_enable
 .text.z_arm_irq_priority_set
                0x00000000000012fc       0x2c zephyr/arch/arch/arm/core/aarch32/libarch__arm__core__aarch32.a(irq_manage.c.obj)
                0x00000000000012fc                z_arm_irq_priority_set
 .text.arch_new_thread
                0x0000000000001328       0x34 zephyr/arch/arch/arm/core/aarch32/libarch__arm__core__aarch32.a(thread.c.obj)
                0x0000000000001328                arch_new_thread
 .text.arch_switch_to_main_thread
                0x000000000000135c       0x3c zephyr/arch/arch/arm/core/aarch32/libarch__arm__core__aarch32.a(thread.c.obj)
                0x000000000000135c                arch_switch_to_main_thread
 .text.z_arm_cpu_idle_init
                0x0000000000001398        0xc zephyr/arch/arch/arm/core/aarch32/libarch__arm__core__aarch32.a(cpu_idle.S.obj)
                0x0000000000001398                z_arm_cpu_idle_init
 .text.arch_cpu_idle
                0x00000000000013a4       0x1c zephyr/arch/arch/arm/core/aarch32/libarch__arm__core__aarch32.a(cpu_idle.S.obj)
                0x00000000000013a4                arch_cpu_idle
 .text.z_SysNmiOnReset
                0x00000000000013c0        0x8 zephyr/arch/arch/arm/core/aarch32/libarch__arm__core__aarch32.a(nmi_on_reset.S.obj)
                0x00000000000013c0                z_SysNmiOnReset
 .text.z_arm_prep_c
                0x00000000000013c8       0x6c zephyr/arch/arch/arm/core/aarch32/libarch__arm__core__aarch32.a(prep_c.c.obj)
                0x00000000000013c8                z_arm_prep_c
 .text._isr_wrapper
                0x0000000000001434       0x40 zephyr/arch/arch/arm/core/aarch32/libarch__arm__core__aarch32.a(isr_wrapper.S.obj)
                0x0000000000001434                _isr_wrapper
 .text._reset_section
                0x0000000000001474       0x30 zephyr/arch/arch/arm/core/aarch32/cortex_m/libarch__arm__core__aarch32__cortex_m.a(reset.S.obj)
                0x0000000000001474                z_arm_reset
                0x0000000000001474                __start
 .text.__fault  0x00000000000014a4       0x14 zephyr/arch/arch/arm/core/aarch32/cortex_m/libarch__arm__core__aarch32__cortex_m.a(fault_s.S.obj)
                0x00000000000014a4                z_arm_secure_fault
                0x00000000000014a4                z_arm_bus_fault
                0x00000000000014a4                z_arm_usage_fault
                0x00000000000014a4                z_arm_mpu_fault
                0x00000000000014a4                z_arm_exc_spurious
                0x00000000000014a4                z_arm_debug_monitor
                0x00000000000014a4                z_arm_hard_fault
 .text.mem_manage_fault.isra.0
                0x00000000000014b8       0x38 zephyr/arch/arch/arm/core/aarch32/cortex_m/libarch__arm__core__aarch32__cortex_m.a(fault.c.obj)
 .text.bus_fault.isra.0
                0x00000000000014f0       0x3c zephyr/arch/arch/arm/core/aarch32/cortex_m/libarch__arm__core__aarch32__cortex_m.a(fault.c.obj)
 .text.usage_fault.isra.0
                0x000000000000152c       0x24 zephyr/arch/arch/arm/core/aarch32/cortex_m/libarch__arm__core__aarch32__cortex_m.a(fault.c.obj)
 .text.secure_fault.isra.0
                0x0000000000001550       0x3c zephyr/arch/arch/arm/core/aarch32/cortex_m/libarch__arm__core__aarch32__cortex_m.a(fault.c.obj)
 .text.z_arm_fault
                0x000000000000158c      0x118 zephyr/arch/arch/arm/core/aarch32/cortex_m/libarch__arm__core__aarch32__cortex_m.a(fault.c.obj)
                0x000000000000158c                z_arm_fault
 .text.z_arm_fault_init
                0x00000000000016a4       0x10 zephyr/arch/arch/arm/core/aarch32/cortex_m/libarch__arm__core__aarch32__cortex_m.a(fault.c.obj)
                0x00000000000016a4                z_arm_fault_init
 .text._HandlerModeExit
                0x00000000000016b4       0x1c zephyr/arch/arch/arm/core/aarch32/cortex_m/libarch__arm__core__aarch32__cortex_m.a(exc_exit.S.obj)
                0x00000000000016b4                z_arm_exc_exit
                0x00000000000016b4                z_arm_int_exit
 .text.sys_arch_reboot
                0x00000000000016d0       0x24 zephyr/arch/arch/arm/core/aarch32/cortex_m/libarch__arm__core__aarch32__cortex_m.a(scb.c.obj)
                0x00000000000016d0                sys_arch_reboot
 .text.z_arm_interrupt_init
                0x00000000000016f4       0x18 zephyr/arch/arch/arm/core/aarch32/cortex_m/libarch__arm__core__aarch32__cortex_m.a(irq_init.c.obj)
                0x00000000000016f4                z_arm_interrupt_init
 .text.z_impl_k_thread_abort
                0x000000000000170c       0x4c zephyr/arch/arch/arm/core/aarch32/cortex_m/libarch__arm__core__aarch32__cortex_m.a(thread_abort.c.obj)
                0x000000000000170c                z_impl_k_thread_abort
 .text.z_arm_configure_static_mpu_regions
                0x0000000000001758       0x54 zephyr/arch/arch/arm/core/aarch32/cortex_m/mpu/libarch__arm__core__aarch32__cortex_m__mpu.a(arm_core_mpu.c.obj)
                0x0000000000001758                z_arm_configure_static_mpu_regions
 .text.region_init
                0x00000000000017ac       0x30 zephyr/arch/arch/arm/core/aarch32/cortex_m/mpu/libarch__arm__core__aarch32__cortex_m__mpu.a(arm_mpu.c.obj)
 .text.mpu_configure_regions_and_partition.constprop.0
                0x00000000000017dc      0x13c zephyr/arch/arch/arm/core/aarch32/cortex_m/mpu/libarch__arm__core__aarch32__cortex_m__mpu.a(arm_mpu.c.obj)
 .text.arm_core_mpu_enable
                0x0000000000001918       0x14 zephyr/arch/arch/arm/core/aarch32/cortex_m/mpu/libarch__arm__core__aarch32__cortex_m__mpu.a(arm_mpu.c.obj)
                0x0000000000001918                arm_core_mpu_enable
 .text.arm_core_mpu_disable
                0x000000000000192c       0x10 zephyr/arch/arch/arm/core/aarch32/cortex_m/mpu/libarch__arm__core__aarch32__cortex_m__mpu.a(arm_mpu.c.obj)
                0x000000000000192c                arm_core_mpu_disable
 .text.arm_mpu_init
                0x000000000000193c       0x4c zephyr/arch/arch/arm/core/aarch32/cortex_m/mpu/libarch__arm__core__aarch32__cortex_m__mpu.a(arm_mpu.c.obj)
 .text.arm_core_mpu_configure_static_mpu_regions
                0x0000000000001988       0x14 zephyr/arch/arch/arm/core/aarch32/cortex_m/mpu/libarch__arm__core__aarch32__cortex_m__mpu.a(arm_mpu.c.obj)
                0x0000000000001988                arm_core_mpu_configure_static_mpu_regions
 .text.arm_core_mpu_mark_areas_for_dynamic_regions
                0x000000000000199c       0xac zephyr/arch/arch/arm/core/aarch32/cortex_m/mpu/libarch__arm__core__aarch32__cortex_m__mpu.a(arm_mpu.c.obj)
                0x000000000000199c                arm_core_mpu_mark_areas_for_dynamic_regions
 .text.tz_nonsecure_state_setup
                0x0000000000001a48       0x38 zephyr/arch/arch/arm/core/aarch32/cortex_m/tz/libarch__arm__core__aarch32__cortex_m__tz.a(arm_core_tz.c.obj)
                0x0000000000001a48                tz_nonsecure_state_setup
 .text.tz_nbanked_exception_target_state_set
                0x0000000000001a80       0x28 zephyr/arch/arch/arm/core/aarch32/cortex_m/tz/libarch__arm__core__aarch32__cortex_m__tz.a(arm_core_tz.c.obj)
                0x0000000000001a80                tz_nbanked_exception_target_state_set
 .text.tz_nonsecure_exception_prio_config
                0x0000000000001aa8       0x28 zephyr/arch/arch/arm/core/aarch32/cortex_m/tz/libarch__arm__core__aarch32__cortex_m__tz.a(arm_core_tz.c.obj)
                0x0000000000001aa8                tz_nonsecure_exception_prio_config
 .text.tz_nonsecure_system_reset_req_block
                0x0000000000001ad0       0x28 zephyr/arch/arch/arm/core/aarch32/cortex_m/tz/libarch__arm__core__aarch32__cortex_m__tz.a(arm_core_tz.c.obj)
                0x0000000000001ad0                tz_nonsecure_system_reset_req_block
 .text.tz_nonsecure_fpu_access_enable
                0x0000000000001af8       0x14 zephyr/arch/arch/arm/core/aarch32/cortex_m/tz/libarch__arm__core__aarch32__cortex_m__tz.a(arm_core_tz.c.obj)
                0x0000000000001af8                tz_nonsecure_fpu_access_enable
 .text.tz_sau_configure
                0x0000000000001b0c       0x28 zephyr/arch/arch/arm/core/aarch32/cortex_m/tz/libarch__arm__core__aarch32__cortex_m__tz.a(arm_core_tz.c.obj)
                0x0000000000001b0c                tz_sau_configure
 .text.__stdout_hook_install
                0x0000000000001b34        0xc zephyr/lib/libc/minimal/liblib__libc__minimal.a(stdout_console.c.obj)
                0x0000000000001b34                __stdout_hook_install
 .text.uarte_nrfx_configure
                0x0000000000001b40      0x168 zephyr/drivers/serial/libdrivers__serial.a(uart_nrfx_uarte.c.obj)
 .text.uarte_instance_init.isra.0
                0x0000000000001ca8       0x98 zephyr/drivers/serial/libdrivers__serial.a(uart_nrfx_uarte.c.obj)
 .text.uarte_0_init
                0x0000000000001d40       0x20 zephyr/drivers/serial/libdrivers__serial.a(uart_nrfx_uarte.c.obj)
 .text.uarte_1_init
                0x0000000000001d60       0x20 zephyr/drivers/serial/libdrivers__serial.a(uart_nrfx_uarte.c.obj)
 .text.check_ext_api_requests
                0x0000000000001d80       0x9c modules/nrf/subsys/fw_info/lib..__nrf__subsys__fw_info.a(fw_info.c.obj)
 .text.nrf91_errata_6
                0x0000000000001e1c       0x20 modules/nordic/lib..__modules__hal__nordic.a(system_nrf9160.c.obj)
 .text.nrf91_errata_14
                0x0000000000001e3c       0x1c modules/nordic/lib..__modules__hal__nordic.a(system_nrf9160.c.obj)
 .text.SystemInit
                0x0000000000001e58      0x170 modules/nordic/lib..__modules__hal__nordic.a(system_nrf9160.c.obj)
                0x0000000000001e58                SystemInit
 .text.z_sys_init_run_level
                0x0000000000001fc8       0x2c zephyr/kernel/libkernel.a(device.c.obj)
                0x0000000000001fc8                z_sys_init_run_level
 .text.z_impl_device_get_binding
                0x0000000000001ff4       0x48 zephyr/kernel/libkernel.a(device.c.obj)
                0x0000000000001ff4                z_impl_device_get_binding
 .text.idle     0x000000000000203c       0x34 zephyr/kernel/libkernel.a(idle.c.obj)
                0x000000000000203c                idle
 .text.z_bss_zero
                0x0000000000002070       0x14 zephyr/kernel/libkernel.a(init.c.obj)
                0x0000000000002070                z_bss_zero
 .text.z_data_copy
                0x0000000000002084       0x34 zephyr/kernel/libkernel.a(init.c.obj)
                0x0000000000002084                z_data_copy
 .text.bg_thread_main
                0x00000000000020b8       0x48 zephyr/kernel/libkernel.a(init.c.obj)
 .text.z_cstart
                0x0000000000002100      0x10c zephyr/kernel/libkernel.a(init.c.obj)
                0x0000000000002100                z_cstart
 .text.init_mem_slab_module
                0x000000000000220c       0x44 zephyr/kernel/libkernel.a(mem_slab.c.obj)
 .text.k_mem_slab_alloc
                0x0000000000002250       0x64 zephyr/kernel/libkernel.a(mem_slab.c.obj)
                0x0000000000002250                k_mem_slab_alloc
 .text.k_mem_slab_free
                0x00000000000022b4       0x54 zephyr/kernel/libkernel.a(mem_slab.c.obj)
                0x00000000000022b4                k_mem_slab_free
 .text.z_impl_k_mutex_lock
                0x0000000000002308       0xf0 zephyr/kernel/libkernel.a(mutex.c.obj)
                0x0000000000002308                z_impl_k_mutex_lock
 .text.z_impl_k_mutex_unlock
                0x00000000000023f8       0x8c zephyr/kernel/libkernel.a(mutex.c.obj)
                0x00000000000023f8                z_impl_k_mutex_unlock
 .text.z_reset_time_slice
                0x0000000000002484       0x2c zephyr/kernel/libkernel.a(sched.c.obj)
                0x0000000000002484                z_reset_time_slice
 .text.k_sched_time_slice_set
                0x00000000000024b0       0x58 zephyr/kernel/libkernel.a(sched.c.obj)
                0x00000000000024b0                k_sched_time_slice_set
 .text.k_sched_lock
                0x0000000000002508       0x28 zephyr/kernel/libkernel.a(sched.c.obj)
                0x0000000000002508                k_sched_lock
 .text.z_priq_dumb_remove
                0x0000000000002530       0x2c zephyr/kernel/libkernel.a(sched.c.obj)
                0x0000000000002530                z_priq_dumb_remove
 .text.update_cache
                0x000000000000255c       0x48 zephyr/kernel/libkernel.a(sched.c.obj)
 .text.k_sched_unlock
                0x00000000000025a4       0x38 zephyr/kernel/libkernel.a(sched.c.obj)
                0x00000000000025a4                k_sched_unlock
 .text.ready_thread
                0x00000000000025dc       0x68 zephyr/kernel/libkernel.a(sched.c.obj)
 .text.z_sched_start
                0x0000000000002644       0x3c zephyr/kernel/libkernel.a(sched.c.obj)
                0x0000000000002644                z_sched_start
 .text.z_move_thread_to_end_of_prio_q
                0x0000000000002680       0x8c zephyr/kernel/libkernel.a(sched.c.obj)
                0x0000000000002680                z_move_thread_to_end_of_prio_q
 .text.z_time_slice
                0x000000000000270c       0x6c zephyr/kernel/libkernel.a(sched.c.obj)
                0x000000000000270c                z_time_slice
 .text.z_impl_k_thread_suspend
                0x0000000000002778       0x68 zephyr/kernel/libkernel.a(sched.c.obj)
                0x0000000000002778                z_impl_k_thread_suspend
 .text.z_thread_single_abort
                0x00000000000027e0       0xb8 zephyr/kernel/libkernel.a(sched.c.obj)
                0x00000000000027e0                z_thread_single_abort
 .text.unready_thread
                0x0000000000002898       0x34 zephyr/kernel/libkernel.a(sched.c.obj)
 .text.z_tick_sleep.part.0
                0x00000000000028cc       0x5c zephyr/kernel/libkernel.a(sched.c.obj)
 .text.pend     0x0000000000002928       0x4c zephyr/kernel/libkernel.a(sched.c.obj)
 .text.z_pend_curr
                0x0000000000002974       0x28 zephyr/kernel/libkernel.a(sched.c.obj)
                0x0000000000002974                z_pend_curr
 .text.z_set_prio
                0x000000000000299c       0x88 zephyr/kernel/libkernel.a(sched.c.obj)
                0x000000000000299c                z_set_prio
 .text.z_sched_init
                0x0000000000002a24       0x18 zephyr/kernel/libkernel.a(sched.c.obj)
                0x0000000000002a24                z_sched_init
 .text.z_impl_k_yield
                0x0000000000002a3c       0x9c zephyr/kernel/libkernel.a(sched.c.obj)
                0x0000000000002a3c                z_impl_k_yield
 .text.z_impl_k_sleep
                0x0000000000002ad8       0x40 zephyr/kernel/libkernel.a(sched.c.obj)
                0x0000000000002ad8                z_impl_k_sleep
 .text.z_impl_k_current_get
                0x0000000000002b18        0xc zephyr/kernel/libkernel.a(sched.c.obj)
                0x0000000000002b18                z_impl_k_current_get
 .text.z_setup_new_thread
                0x0000000000002b24       0x4c zephyr/kernel/libkernel.a(thread.c.obj)
                0x0000000000002b24                z_setup_new_thread
 .text.z_init_static_threads
                0x0000000000002b70       0xc4 zephyr/kernel/libkernel.a(thread.c.obj)
                0x0000000000002b70                z_init_static_threads
 .text.elapsed  0x0000000000002c34       0x14 zephyr/kernel/libkernel.a(timeout.c.obj)
 .text.remove_timeout
                0x0000000000002c48       0x28 zephyr/kernel/libkernel.a(timeout.c.obj)
 .text.next_timeout
                0x0000000000002c70       0x38 zephyr/kernel/libkernel.a(timeout.c.obj)
 .text.z_add_timeout
                0x0000000000002ca8       0xf4 zephyr/kernel/libkernel.a(timeout.c.obj)
                0x0000000000002ca8                z_add_timeout
 .text.z_clock_announce
                0x0000000000002d9c       0xa8 zephyr/kernel/libkernel.a(timeout.c.obj)
                0x0000000000002d9c                z_clock_announce
 .text.z_tick_get
                0x0000000000002e44       0x34 zephyr/kernel/libkernel.a(timeout.c.obj)
                0x0000000000002e44                z_tick_get
 .text.statics_init
                0x0000000000002e78       0x24 zephyr/kernel/libkernel.a(kheap.c.obj)
 .text.CC_PalMemCopyPlat
                0x0000000000002e9c        0x4 modules/nrfxlib/nrf_security/src/mbedtls/cc310/libmbedcrypto_cc310.a(cc_pal_mem.c.obj)
                0x0000000000002e9c                CC_PalMemCopyPlat
 .text.CC_PalMemSetZeroPlat
                0x0000000000002ea0        0x8 modules/nrfxlib/nrf_security/src/mbedtls/cc310/libmbedcrypto_cc310.a(cc_pal_mem.c.obj)
                0x0000000000002ea0                CC_PalMemSetZeroPlat
 .text.CC_PalInit
                0x0000000000002ea8       0x5c modules/nrfxlib/nrf_security/src/mbedtls/cc310/libmbedcrypto_cc310.a(cc_pal.c.obj)
                0x0000000000002ea8                CC_PalInit
 .text.CC_PalTerminate
                0x0000000000002f04       0x34 modules/nrfxlib/nrf_security/src/mbedtls/cc310/libmbedcrypto_cc310.a(cc_pal.c.obj)
                0x0000000000002f04                CC_PalTerminate
 .text.CC_PalDmaInit
                0x0000000000002f38        0x4 modules/nrfxlib/nrf_security/src/mbedtls/cc310/libmbedcrypto_cc310.a(cc_pal_dma.c.obj)
                0x0000000000002f38                CC_PalDmaInit
 .text.CC_PalDmaTerminate
                0x0000000000002f3c        0x4 modules/nrfxlib/nrf_security/src/mbedtls/cc310/libmbedcrypto_cc310.a(cc_pal_dma.c.obj)
                0x0000000000002f3c                CC_PalDmaTerminate
 .text.CC_PalMutexCreate
                0x0000000000002f40       0x14 modules/nrfxlib/nrf_security/src/mbedtls/cc310/libmbedcrypto_cc310.a(cc_pal_mutex.c.obj)
                0x0000000000002f40                CC_PalMutexCreate
 .text.CC_PalMutexDestroy
                0x0000000000002f54       0x14 modules/nrfxlib/nrf_security/src/mbedtls/cc310/libmbedcrypto_cc310.a(cc_pal_mutex.c.obj)
                0x0000000000002f54                CC_PalMutexDestroy
 .text.CC_PalMutexLock
                0x0000000000002f68       0x10 modules/nrfxlib/nrf_security/src/mbedtls/cc310/libmbedcrypto_cc310.a(cc_pal_mutex.c.obj)
                0x0000000000002f68                CC_PalMutexLock
 .text.CC_PalMutexUnlock
                0x0000000000002f78       0x14 modules/nrfxlib/nrf_security/src/mbedtls/cc310/libmbedcrypto_cc310.a(cc_pal_mutex.c.obj)
                0x0000000000002f78                CC_PalMutexUnlock
 .text.CC_PalPowerSaveModeInit
                0x0000000000002f8c       0x3c modules/nrfxlib/nrf_security/src/mbedtls/cc310/libmbedcrypto_cc310.a(cc_pal_pm.c.obj)
                0x0000000000002f8c                CC_PalPowerSaveModeInit
 .text.CC_PalPowerSaveModeSelect
                0x0000000000002fc8       0x84 modules/nrfxlib/nrf_security/src/mbedtls/cc310/libmbedcrypto_cc310.a(cc_pal_pm.c.obj)
                0x0000000000002fc8                CC_PalPowerSaveModeSelect
 .text.CC_HalInit
                0x000000000000304c        0x4 modules/nrfxlib/nrf_security/src/mbedtls/cc310/libmbedcrypto_cc310.a(cc_hal.c.obj)
                0x000000000000304c                CC_HalInit
 .text.CC_HalTerminate
                0x0000000000003050        0x4 modules/nrfxlib/nrf_security/src/mbedtls/cc310/libmbedcrypto_cc310.a(cc_hal.c.obj)
                0x0000000000003050                CC_HalTerminate
 .text.CC_HalClearInterruptBit
                0x0000000000003054       0x1c modules/nrfxlib/nrf_security/src/mbedtls/cc310/libmbedcrypto_cc310.a(cc_hal.c.obj)
                0x0000000000003054                CC_HalClearInterruptBit
 .text.CC_HalMaskInterrupt
                0x0000000000003070        0xc modules/nrfxlib/nrf_security/src/mbedtls/cc310/libmbedcrypto_cc310.a(cc_hal.c.obj)
                0x0000000000003070                CC_HalMaskInterrupt
 .text.CC_HalWaitInterruptRND
                0x000000000000307c        0xc modules/nrfxlib/nrf_security/src/mbedtls/cc310/libmbedcrypto_cc310.a(cc_hal.c.obj)
                0x000000000000307c                CC_HalWaitInterruptRND
 .text.CC_PalWaitInterruptRND
                0x0000000000003088       0x30 modules/nrfxlib/nrf_security/src/mbedtls/cc310/libmbedcrypto_cc310.a(cc_pal_interrupt_ctrl.c.obj)
                0x0000000000003088                CC_PalWaitInterruptRND
 .text.mbedtls_platform_setup
                0x00000000000030b8        0x4 /home/jolu/ncs/nrfxlib/crypto/nrf_cc310_platform/lib/cortex-m33/hard-float/no-interrupts/libnrf_cc310_platform_0.9.2.a(platform_alt.c.obj)
                0x00000000000030b8                mbedtls_platform_setup
 .text.mbedtls_platform_zeroize
                0x00000000000030bc       0x14 /home/jolu/ncs/nrfxlib/crypto/nrf_cc310_platform/lib/cortex-m33/hard-float/no-interrupts/libnrf_cc310_platform_0.9.2.a(mbedtls_common.c.obj)
                0x00000000000030bc                mbedtls_platform_zeroize
 .text.mbedtls_hardware_poll
                0x00000000000030d0       0xb0 /home/jolu/ncs/nrfxlib/crypto/nrf_cc310_platform/lib/cortex-m33/hard-float/no-interrupts/libnrf_cc310_platform_0.9.2.a(trng_api.c.obj)
                0x00000000000030d0                mbedtls_hardware_poll
 .text.RNG_PLAT_SetUserRngParameters
                0x0000000000003180       0x7c /home/jolu/ncs/nrfxlib/crypto/nrf_cc310_platform/lib/cortex-m33/hard-float/no-interrupts/libnrf_cc310_platform_0.9.2.a(cc_rng_plat.c.obj)
                0x0000000000003180                RNG_PLAT_SetUserRngParameters
 .text.nrf_cc310_platform_init
                0x00000000000031fc       0x44 /home/jolu/ncs/nrfxlib/crypto/nrf_cc310_platform/lib/cortex-m33/hard-float/no-interrupts/libnrf_cc310_platform_0.9.2.a(nrf_cc310_platform.c.obj)
                0x00000000000031fc                nrf_cc310_platform_init
 .text.nrf_cc310_platform_init_no_rng
                0x0000000000003240       0x34 /home/jolu/ncs/nrfxlib/crypto/nrf_cc310_platform/lib/cortex-m33/hard-float/no-interrupts/libnrf_cc310_platform_0.9.2.a(nrf_cc310_platform.c.obj)
                0x0000000000003240                nrf_cc310_platform_init_no_rng
 .text.nrf_cc310_platform_abort
                0x0000000000003274       0x24 /home/jolu/ncs/nrfxlib/crypto/nrf_cc310_platform/lib/cortex-m33/hard-float/no-interrupts/libnrf_cc310_platform_0.9.2.a(nrf_cc310_platform_abort.c.obj)
 .text.CC_PalAbort
                0x0000000000003298        0xc /home/jolu/ncs/nrfxlib/crypto/nrf_cc310_platform/lib/cortex-m33/hard-float/no-interrupts/libnrf_cc310_platform_0.9.2.a(nrf_cc310_platform_abort.c.obj)
                0x0000000000003298                CC_PalAbort
 .text.nrf_cc310_platform_set_abort
                0x00000000000032a4       0x10 /home/jolu/ncs/nrfxlib/crypto/nrf_cc310_platform/lib/cortex-m33/hard-float/no-interrupts/libnrf_cc310_platform_0.9.2.a(nrf_cc310_platform_abort.c.obj)
                0x00000000000032a4                nrf_cc310_platform_set_abort
 .text.mutex_free
                0x00000000000032b4        0x4 /home/jolu/ncs/nrfxlib/crypto/nrf_cc310_platform/lib/cortex-m33/hard-float/no-interrupts/libnrf_cc310_platform_0.9.2.a(nrf_cc310_platform_mutex.c.obj)
 .text.mutex_unlock
                0x00000000000032b8       0x24 /home/jolu/ncs/nrfxlib/crypto/nrf_cc310_platform/lib/cortex-m33/hard-float/no-interrupts/libnrf_cc310_platform_0.9.2.a(nrf_cc310_platform_mutex.c.obj)
 .text.mutex_init
                0x00000000000032dc       0x1c /home/jolu/ncs/nrfxlib/crypto/nrf_cc310_platform/lib/cortex-m33/hard-float/no-interrupts/libnrf_cc310_platform_0.9.2.a(nrf_cc310_platform_mutex.c.obj)
 .text.mutex_lock
                0x00000000000032f8       0x1c /home/jolu/ncs/nrfxlib/crypto/nrf_cc310_platform/lib/cortex-m33/hard-float/no-interrupts/libnrf_cc310_platform_0.9.2.a(nrf_cc310_platform_mutex.c.obj)
 .text.nrf_cc310_platform_set_mutexes
                0x0000000000003314       0x38 /home/jolu/ncs/nrfxlib/crypto/nrf_cc310_platform/lib/cortex-m33/hard-float/no-interrupts/libnrf_cc310_platform_0.9.2.a(nrf_cc310_platform_mutex.c.obj)
                0x0000000000003314                nrf_cc310_platform_set_mutexes
 .text.CC_LibInitNoRng
                0x000000000000334c       0x6c /home/jolu/ncs/nrfxlib/crypto/nrf_cc310_platform/lib/cortex-m33/hard-float/no-interrupts/libnrf_cc310_platform_0.9.2.a(cc_lib.c.obj)
                0x000000000000334c                CC_LibInitNoRng
 .text.CC_LibInitRngModule
                0x00000000000033b8       0xb8 /home/jolu/ncs/nrfxlib/crypto/nrf_cc310_platform/lib/cortex-m33/hard-float/no-interrupts/libnrf_cc310_platform_0.9.2.a(cc_lib.c.obj)
                0x00000000000033b8                CC_LibInitRngModule
 .text.CC_LibInit
                0x0000000000003470       0x84 /home/jolu/ncs/nrfxlib/crypto/nrf_cc310_platform/lib/cortex-m33/hard-float/no-interrupts/libnrf_cc310_platform_0.9.2.a(cc_lib.c.obj)
                0x0000000000003470                CC_LibInit
 .text.CC_PalTrngParamGet
                0x00000000000034f4      0x10c /home/jolu/ncs/nrfxlib/crypto/nrf_cc310_platform/lib/cortex-m33/hard-float/no-interrupts/libnrf_cc310_platform_0.9.2.a(cc_pal_trng.c.obj)
                0x00000000000034f4                CC_PalTrngParamGet
 .text.LLF_RND_AdaptiveProportionTest
                0x0000000000003600       0x7c /home/jolu/ncs/nrfxlib/crypto/nrf_cc310_platform/lib/cortex-m33/hard-float/no-interrupts/libnrf_cc310_platform_0.9.2.a(llf_rnd_trng90b.c.obj)
                0x0000000000003600                LLF_RND_AdaptiveProportionTest
 .text.getTrngSource
                0x000000000000367c      0x4b0 /home/jolu/ncs/nrfxlib/crypto/nrf_cc310_platform/lib/cortex-m33/hard-float/no-interrupts/libnrf_cc310_platform_0.9.2.a(llf_rnd_trng90b.c.obj)
 .text.LLF_RND_GetTrngSource
                0x0000000000003b2c       0x88 /home/jolu/ncs/nrfxlib/crypto/nrf_cc310_platform/lib/cortex-m33/hard-float/no-interrupts/libnrf_cc310_platform_0.9.2.a(llf_rnd_trng90b.c.obj)
                0x0000000000003b2c                LLF_RND_GetTrngSource
 .text.LLF_RND_RunTrngStartupTest
                0x0000000000003bb4       0x1c /home/jolu/ncs/nrfxlib/crypto/nrf_cc310_platform/lib/cortex-m33/hard-float/no-interrupts/libnrf_cc310_platform_0.9.2.a(llf_rnd_trng90b.c.obj)
                0x0000000000003bb4                LLF_RND_RunTrngStartupTest
 .text.LLF_RND_WaitRngInterrupt
                0x0000000000003bd0       0x20 /home/jolu/ncs/nrfxlib/crypto/nrf_cc310_platform/lib/cortex-m33/hard-float/no-interrupts/libnrf_cc310_platform_0.9.2.a(llf_rnd.c.obj)
                0x0000000000003bd0                LLF_RND_WaitRngInterrupt
 .text.LLF_RND_GetRoscSampleCnt
                0x0000000000003bf0       0x3c /home/jolu/ncs/nrfxlib/crypto/nrf_cc310_platform/lib/cortex-m33/hard-float/no-interrupts/libnrf_cc310_platform_0.9.2.a(llf_rnd.c.obj)
                0x0000000000003bf0                LLF_RND_GetRoscSampleCnt
 .text.LLF_RND_GetFastestRosc
                0x0000000000003c2c       0x20 /home/jolu/ncs/nrfxlib/crypto/nrf_cc310_platform/lib/cortex-m33/hard-float/no-interrupts/libnrf_cc310_platform_0.9.2.a(llf_rnd.c.obj)
                0x0000000000003c2c                LLF_RND_GetFastestRosc
 .text.LLF_RND_TurnOffTrng
                0x0000000000003c4c       0x1c /home/jolu/ncs/nrfxlib/crypto/nrf_cc310_platform/lib/cortex-m33/hard-float/no-interrupts/libnrf_cc310_platform_0.9.2.a(llf_rnd.c.obj)
                0x0000000000003c4c                LLF_RND_TurnOffTrng
 .text.main     0x0000000000003c68        0xe app/libapp.a(main.c.obj)
                0x0000000000003c68                main
 .text.arch_printk_char_out
                0x0000000000003c76        0x4 zephyr/libzephyr.a(printk.c.obj)
                0x0000000000003c76                arch_printk_char_out
 .text.print_err
                0x0000000000003c7a       0x1c zephyr/libzephyr.a(printk.c.obj)
 .text.printk   0x0000000000003c96       0x1a zephyr/libzephyr.a(printk.c.obj)
                0x0000000000003c96                printk
 .text.z_thread_entry
                0x0000000000003cb0       0x14 zephyr/libzephyr.a(thread_entry.c.obj)
                0x0000000000003cb0                z_thread_entry
 .text.chunk_field
                0x0000000000003cc4       0x18 zephyr/libzephyr.a(heap.c.obj)
 .text.chunk_set
                0x0000000000003cdc       0x1a zephyr/libzephyr.a(heap.c.obj)
 .text.free_list_add
                0x0000000000003cf6       0x9a zephyr/libzephyr.a(heap.c.obj)
 .text.sys_heap_init
                0x0000000000003d90       0x88 zephyr/libzephyr.a(heap.c.obj)
                0x0000000000003d90                sys_heap_init
 .text._ConfigAbsSyms
                0x0000000000003e18        0x2 zephyr/libzephyr.a(configs.c.obj)
                0x0000000000003e18                _ConfigAbsSyms
 .text.z_platform_init
                0x0000000000003e1a        0x4 zephyr/libzephyr.a(soc.c.obj)
                0x0000000000003e1a                z_platform_init
 .text.get_status
                0x0000000000003e1e       0x1c zephyr/libzephyr.a(nrf_power_clock.c.obj)
 .text.clock_stop
                0x0000000000003e3a       0x52 zephyr/libzephyr.a(nrf_power_clock.c.obj)
 .text.clock_async_start
                0x0000000000003e8c       0xc8 zephyr/libzephyr.a(nrf_power_clock.c.obj)
 .text.clock_start
                0x0000000000003f54        0x6 zephyr/libzephyr.a(nrf_power_clock.c.obj)
 .text.clk_init
                0x0000000000003f5a       0x34 zephyr/libzephyr.a(nrf_power_clock.c.obj)
 .text.z_clock_isr
                0x0000000000003f8e        0x2 zephyr/libzephyr.a(sys_clock_init.c.obj)
                0x0000000000003f8e                z_clock_isr
 .text.z_clock_idle_exit
                0x0000000000003f90        0x2 zephyr/libzephyr.a(sys_clock_init.c.obj)
                0x0000000000003f90                z_clock_idle_exit
 .text.spm_secure_services_init
                0x0000000000003f92       0x14 zephyr/libzephyr.a(secure_services.c.obj)
                0x0000000000003f92                spm_secure_services_init
 .text.spm_request_random_number
                0x0000000000003fa6       0x82 zephyr/libzephyr.a(secure_services.c.obj)
                0x0000000000003fa6                __acle_se_spm_request_random_number
 .text.abort_function
                0x0000000000004028        0x2 zephyr/libzephyr.a(nrf_cc310_platform_abort_zephyr.c.obj)
 .text.z_irq_spurious
                0x000000000000402a        0x8 zephyr/arch/arch/arm/core/aarch32/libarch__arm__core__aarch32.a(irq_manage.c.obj)
                0x000000000000402a                z_irq_spurious
 .text.irq_target_state_set
                0x0000000000004032       0x52 zephyr/arch/arch/arm/core/aarch32/libarch__arm__core__aarch32.a(irq_manage.c.obj)
                0x0000000000004032                irq_target_state_set
 .text.z_arm_fatal_error
                0x0000000000004084        0x4 zephyr/arch/arch/arm/core/aarch32/libarch__arm__core__aarch32.a(fatal.c.obj)
                0x0000000000004084                z_arm_fatal_error
 .text.z_do_kernel_oops
                0x0000000000004088        0x8 zephyr/arch/arch/arm/core/aarch32/libarch__arm__core__aarch32.a(fatal.c.obj)
                0x0000000000004088                z_do_kernel_oops
 .text.z_arm_nmi
                0x0000000000004090        0xe zephyr/arch/arch/arm/core/aarch32/libarch__arm__core__aarch32.a(nmi.c.obj)
                0x0000000000004090                z_arm_nmi
 .text.mpu_configure_region
                0x000000000000409e       0x40 zephyr/arch/arch/arm/core/aarch32/cortex_m/mpu/libarch__arm__core__aarch32__cortex_m__mpu.a(arm_mpu.c.obj)
 .text.arm_cmse_mpu_region_get
                0x00000000000040de       0x14 zephyr/arch/arch/arm/core/aarch32/cortex_m/cmse/libarch__arm__core__aarch32__cortex_m__cmse.a(arm_core_cmse.c.obj)
                0x00000000000040de                arm_cmse_mpu_region_get
 .text.strcmp   0x00000000000040f2       0x18 zephyr/lib/libc/minimal/liblib__libc__minimal.a(string.c.obj)
                0x00000000000040f2                strcmp
 .text.memcmp   0x000000000000410a       0x20 zephyr/lib/libc/minimal/liblib__libc__minimal.a(string.c.obj)
                0x000000000000410a                memcmp
 .text.memmove  0x000000000000412a       0x2e zephyr/lib/libc/minimal/liblib__libc__minimal.a(string.c.obj)
                0x000000000000412a                memmove
 .text.memcpy   0x0000000000004158       0x56 zephyr/lib/libc/minimal/liblib__libc__minimal.a(string.c.obj)
                0x0000000000004158                memcpy
 .text.memset   0x00000000000041ae       0x46 zephyr/lib/libc/minimal/liblib__libc__minimal.a(string.c.obj)
                0x00000000000041ae                memset
 .text._stdout_hook_default
                0x00000000000041f4        0x6 zephyr/lib/libc/minimal/liblib__libc__minimal.a(stdout_console.c.obj)
 .text.uarte_nrfx_config_get
                0x00000000000041fa       0x10 zephyr/drivers/serial/libdrivers__serial.a(uart_nrfx_uarte.c.obj)
 .text.uarte_nrfx_err_check
                0x000000000000420a        0xe zephyr/drivers/serial/libdrivers__serial.a(uart_nrfx_uarte.c.obj)
 .text.uarte_nrfx_poll_in
                0x0000000000004218       0x22 zephyr/drivers/serial/libdrivers__serial.a(uart_nrfx_uarte.c.obj)
 .text.uarte_nrfx_poll_out
                0x000000000000423a       0x7e zephyr/drivers/serial/libdrivers__serial.a(uart_nrfx_uarte.c.obj)
 .text.k_sys_fatal_error_handler
                0x00000000000042b8        0x8 modules/nrf/lib/fatal_error/lib..__nrf__lib__fatal_error.a(fatal_error.c.obj)
                0x00000000000042b8                k_sys_fatal_error_handler
 .text.hw_cc310_init
                0x00000000000042c0       0x12 modules/nrf/drivers/hw_cc310/lib..__nrf__drivers__hw_cc310.a(hw_cc310.c.obj)
 .text.nrfx_busy_wait
                0x00000000000042d2        0x4 modules/nordic/lib..__modules__hal__nordic.a(nrfx_glue.c.obj)
                0x00000000000042d2                nrfx_busy_wait
 .text.z_fatal_error
                0x00000000000042d6       0x38 zephyr/kernel/libkernel.a(fatal.c.obj)
                0x00000000000042d6                z_fatal_error
 .text.z_sys_power_save_idle_exit
                0x000000000000430e        0x4 zephyr/kernel/libkernel.a(idle.c.obj)
                0x000000000000430e                z_sys_power_save_idle_exit
 .text.k_mem_slab_init
                0x0000000000004312       0x36 zephyr/kernel/libkernel.a(mem_slab.c.obj)
                0x0000000000004312                k_mem_slab_init
 .text.z_impl_k_mutex_init
                0x0000000000004348        0xe zephyr/kernel/libkernel.a(mutex.c.obj)
                0x0000000000004348                z_impl_k_mutex_init
 .text.z_reschedule
                0x0000000000004356       0x16 zephyr/kernel/libkernel.a(sched.c.obj)
                0x0000000000004356                z_reschedule
 .text.z_reschedule_irqlock
                0x000000000000436c       0x18 zephyr/kernel/libkernel.a(sched.c.obj)
                0x000000000000436c                z_reschedule_irqlock
 .text.z_reschedule_unlocked
                0x0000000000004384       0x14 zephyr/kernel/libkernel.a(sched.c.obj)
 .text.z_priq_dumb_best
                0x0000000000004398       0x14 zephyr/kernel/libkernel.a(sched.c.obj)
                0x0000000000004398                z_priq_dumb_best
 .text.z_ready_thread
                0x00000000000043ac       0x20 zephyr/kernel/libkernel.a(sched.c.obj)
                0x00000000000043ac                z_ready_thread
 .text.z_thread_timeout
                0x00000000000043cc       0x56 zephyr/kernel/libkernel.a(sched.c.obj)
                0x00000000000043cc                z_thread_timeout
 .text.z_remove_thread_from_ready_q
                0x0000000000004422       0x20 zephyr/kernel/libkernel.a(sched.c.obj)
                0x0000000000004422                z_remove_thread_from_ready_q
 .text.add_to_waitq_locked
                0x0000000000004442       0x56 zephyr/kernel/libkernel.a(sched.c.obj)
 .text.z_unpend_first_thread
                0x0000000000004498       0x5a zephyr/kernel/libkernel.a(sched.c.obj)
                0x0000000000004498                z_unpend_first_thread
 .text.k_is_in_isr
                0x00000000000044f2        0xc zephyr/kernel/libkernel.a(thread.c.obj)
                0x00000000000044f2                k_is_in_isr
 .text.z_impl_k_busy_wait
                0x00000000000044fe        0x4 zephyr/kernel/libkernel.a(thread.c.obj)
                0x00000000000044fe                z_impl_k_busy_wait
 .text.z_abort_timeout
                0x0000000000004502       0x2c zephyr/kernel/libkernel.a(timeout.c.obj)
                0x0000000000004502                z_abort_timeout
 .text.z_get_next_timeout_expiry
                0x000000000000452e       0x20 zephyr/kernel/libkernel.a(timeout.c.obj)
                0x000000000000452e                z_get_next_timeout_expiry
 .text.z_set_timeout_expiry
                0x000000000000454e       0x36 zephyr/kernel/libkernel.a(timeout.c.obj)
                0x000000000000454e                z_set_timeout_expiry
 .text.z_tick_get_32
                0x0000000000004584        0x8 zephyr/kernel/libkernel.a(timeout.c.obj)
                0x0000000000004584                z_tick_get_32
 .text.k_heap_init
                0x000000000000458c       0x12 zephyr/kernel/libkernel.a(kheap.c.obj)
                0x000000000000458c                k_heap_init
 .text._OffsetAbsSyms
                0x000000000000459e        0x2 zephyr/CMakeFiles/offsets.dir/./arch/arm/core/offsets/offsets.c.obj
                0x000000000000459e                _OffsetAbsSyms
 *(SORT_BY_ALIGNMENT(.gnu.linkonce.t.*))
 *(SORT_BY_ALIGNMENT(.glue_7t))
 .glue_7t       0x00000000000045a0        0x0 linker stubs
 *(SORT_BY_ALIGNMENT(.glue_7))
 .glue_7        0x00000000000045a0        0x0 linker stubs
 *(SORT_BY_ALIGNMENT(.vfp11_veneer))
 .vfp11_veneer  0x00000000000045a0        0x0 linker stubs
 *(SORT_BY_ALIGNMENT(.v4_bx))
 .v4_bx         0x00000000000045a0        0x0 linker stubs
                0x00000000000045a0                _image_text_end = .

.ARM.exidx      0x00000000000045a0        0x8
                0x00000000000045a0                __exidx_start = .
 *(SORT_BY_ALIGNMENT(.ARM.exidx*) SORT_BY_ALIGNMENT(gnu.linkonce.armexidx.*))
 .ARM.exidx     0x00000000000045a0        0x8 /home/jolu/zephyr-sdk/arm-zephyr-eabi/bin/../lib/gcc/arm-zephyr-eabi/9.2.0/thumb/v8-m.main+fp/hard/libgcc.a(_udivmoddi4.o)
                0x00000000000045a8                __exidx_end = .
                0x00000000000045a8                _image_rodata_start = .

initlevel       0x00000000000045a8       0x58
                0x00000000000045a8                __init_start = .
                0x00000000000045a8                __init_PRE_KERNEL_1_start = .
 *(SORT_BY_NAME(SORT_BY_ALIGNMENT(.init_PRE_KERNEL_1[0-9])))
 .init_PRE_KERNEL_10
                0x00000000000045a8        0x8 zephyr/libzephyr.a(soc.c.obj)
 *(SORT_BY_NAME(SORT_BY_ALIGNMENT(.init_PRE_KERNEL_1[1-9][0-9])))
 .init_PRE_KERNEL_130
                0x00000000000045b0        0x8 zephyr/kernel/libkernel.a(mem_slab.c.obj)
 .init_PRE_KERNEL_130
                0x00000000000045b8        0x8 zephyr/kernel/libkernel.a(kheap.c.obj)
 .init_PRE_KERNEL_140
                0x00000000000045c0        0x8 zephyr/arch/arch/arm/core/aarch32/cortex_m/mpu/libarch__arm__core__aarch32__cortex_m__mpu.a(arm_mpu.c.obj)
 .init_PRE_KERNEL_150
                0x00000000000045c8        0x8 zephyr/libzephyr.a(nrf_power_clock.c.obj)
 .init_PRE_KERNEL_150
                0x00000000000045d0       0x10 zephyr/drivers/serial/libdrivers__serial.a(uart_nrfx_uarte.c.obj)
 .init_PRE_KERNEL_160
                0x00000000000045e0        0x8 zephyr/libzephyr.a(uart_console.c.obj)
                0x00000000000045e8                __init_PRE_KERNEL_2_start = .
 *(SORT_BY_NAME(SORT_BY_ALIGNMENT(.init_PRE_KERNEL_2[0-9])))
 .init_PRE_KERNEL_20
                0x00000000000045e8        0x8 zephyr/libzephyr.a(sys_clock_init.c.obj)
 *(SORT_BY_NAME(SORT_BY_ALIGNMENT(.init_PRE_KERNEL_2[1-9][0-9])))
                0x00000000000045f0                __init_POST_KERNEL_start = .
 *(SORT_BY_NAME(SORT_BY_ALIGNMENT(.init_POST_KERNEL[0-9])))
 *(SORT_BY_NAME(SORT_BY_ALIGNMENT(.init_POST_KERNEL[1-9][0-9])))
 .init_POST_KERNEL40
                0x00000000000045f0        0x8 modules/nrf/drivers/hw_cc310/lib..__nrf__drivers__hw_cc310.a(hw_cc310.c.obj)
 .init_POST_KERNEL90
                0x00000000000045f8        0x8 modules/nrf/subsys/fw_info/lib..__nrf__subsys__fw_info.a(fw_info.c.obj)
                0x0000000000004600                __init_APPLICATION_start = .
 *(SORT_BY_NAME(SORT_BY_ALIGNMENT(.init_APPLICATION[0-9])))
 *(SORT_BY_NAME(SORT_BY_ALIGNMENT(.init_APPLICATION[1-9][0-9])))
                0x0000000000004600                __init_SMP_start = .
 *(SORT_BY_NAME(SORT_BY_ALIGNMENT(.init_SMP[0-9])))
 *(SORT_BY_NAME(SORT_BY_ALIGNMENT(.init_SMP[1-9][0-9])))
                0x0000000000004600                __init_end = .

sw_isr_table    0x0000000000004600      0x208
                0x0000000000004600                . = ALIGN (0x0)
 *(SORT_BY_ALIGNMENT(.gnu.linkonce.sw_isr_table))
 .gnu.linkonce.sw_isr_table
                0x0000000000004600      0x208 zephyr/CMakeFiles/zephyr_final.dir/isr_tables.c.obj
                0x0000000000004600                _sw_isr_table

initlevel_error
                0x00000000000045a8        0x0
 *(SORT_BY_NAME(SORT_BY_ALIGNMENT(.init_[_A-Z0-9]*)))
                0x0000000000000001                ASSERT ((SIZEOF (initlevel_error) == 0x0), Undefined initialization levels used.)

app_shmem_regions
                0x0000000000004808        0x0
                0x0000000000004808                __app_shmem_regions_start = .
 *(SORT_BY_NAME(SORT_BY_ALIGNMENT(.app_regions.*)))
                0x0000000000004808                __app_shmem_regions_end = .

net_l2          0x0000000000004808        0x0
                0x0000000000004808                __net_l2_start = .
 *(SORT_BY_ALIGNMENT(.net_l2.init))
 *(SORT_BY_NAME(SORT_BY_ALIGNMENT(.net_l2.init*)))
                0x0000000000004808                __net_l2_end = .

_bt_channels_area
                0x0000000000004808        0x0
                0x0000000000004808                _bt_l2cap_fixed_chan_list_start = .
 *(SORT_BY_NAME(SORT_BY_ALIGNMENT(._bt_l2cap_fixed_chan.static.*)))
                0x0000000000004808                _bt_l2cap_fixed_chan_list_end = .

_bt_services_area
                0x0000000000004808        0x0
                0x0000000000004808                _bt_gatt_service_static_list_start = .
 *(SORT_BY_NAME(SORT_BY_ALIGNMENT(._bt_gatt_service_static.static.*)))
                0x0000000000004808                _bt_gatt_service_static_list_end = .

log_const_sections
                0x0000000000004808        0x0
                0x0000000000004808                __log_const_start = .
 *(SORT_BY_NAME(SORT_BY_ALIGNMENT(.log_const_*)))
                0x0000000000004808                __log_const_end = .

log_backends_sections
                0x0000000000004808        0x0
                0x0000000000004808                __log_backends_start = .
 *(SORT_BY_ALIGNMENT(._log_backend.*))
                0x0000000000004808                __log_backends_end = .

shell_sections  0x0000000000004808        0x0
                0x0000000000004808                _shell_list_start = .
 *(SORT_BY_NAME(SORT_BY_ALIGNMENT(._shell.static.*)))
                0x0000000000004808                _shell_list_end = .

shell_root_cmds_sections
                0x0000000000004808        0x0
                0x0000000000004808                __shell_root_cmds_start = .
 *(SORT_BY_NAME(SORT_BY_ALIGNMENT(.shell_root_cmd_*)))
                0x0000000000004808                __shell_root_cmds_end = .

font_entry_sections
                0x0000000000004808        0x0
                0x0000000000004808                __font_entry_start = .
 *(SORT_BY_NAME(SORT_BY_ALIGNMENT(._cfb_font.*)))
                0x0000000000004808                __font_entry_end = .

tracing_backends_sections
                0x0000000000004808        0x0
                0x0000000000004808                _tracing_backend_list_start = .
 *(SORT_BY_ALIGNMENT(._tracing_backend.*))
                0x0000000000004808                _tracing_backend_list_end = .

rodata          0x0000000000004810      0x6a0
 *(SORT_BY_ALIGNMENT(.rodata))
 .rodata        0x0000000000004810        0xc zephyr/libzephyr.a(secure_services.c.obj)
 .rodata        0x000000000000481c       0x20 zephyr/drivers/serial/libdrivers__serial.a(uart_nrfx_uarte.c.obj)
 .rodata        0x000000000000483c       0x18 modules/nrf/subsys/fw_info/lib..__nrf__subsys__fw_info.a(fw_info.c.obj)
 *(SORT_BY_ALIGNMENT(.rodata.*))
 *fill*         0x0000000000004854        0xc 
 .rodata.delay_machine_code.10008
                0x0000000000004860        0x6 zephyr/libzephyr.a(soc.c.obj)
 *fill*         0x0000000000004866        0x2 
 .rodata.clock_control_api
                0x0000000000004868       0x14 zephyr/libzephyr.a(nrf_power_clock.c.obj)
 .rodata.periph.10752
                0x000000000000487c       0xd0 zephyr/libzephyr.a(spm.c.obj)
 .rodata.fw_info_allowed_offsets
                0x000000000000494c       0x14 zephyr/libzephyr.a(secure_services.c.obj)
 .rodata.apis   0x0000000000004960        0x8 zephyr/libzephyr.a(nrf_cc310_platform_abort_zephyr.c.obj)
 .rodata.mutex_apis
                0x0000000000004968       0x10 zephyr/libzephyr.a(nrf_cc310_platform_mutex_zephyr.c.obj)
 .rodata.mutexes
                0x0000000000004978       0x14 zephyr/libzephyr.a(nrf_cc310_platform_mutex_zephyr.c.obj)
 .rodata.mpu_config
                0x000000000000498c        0x8 zephyr/soc/arm/common/cortex_m/libsoc__arm__common__cortex_m.a(arm_mpu_regions.c.obj)
                0x000000000000498c                mpu_config
 .rodata.mpu_regions
                0x0000000000004994       0x20 zephyr/soc/arm/common/cortex_m/libsoc__arm__common__cortex_m.a(arm_mpu_regions.c.obj)
 .rodata.uart_nrfx_uarte_driver_api
                0x00000000000049b4       0x14 zephyr/drivers/serial/libdrivers__serial.a(uart_nrfx_uarte.c.obj)
 .rodata.uarte_0z_config
                0x00000000000049c8        0x8 zephyr/drivers/serial/libdrivers__serial.a(uart_nrfx_uarte.c.obj)
 .rodata.uarte_1z_config
                0x00000000000049d0        0x8 zephyr/drivers/serial/libdrivers__serial.a(uart_nrfx_uarte.c.obj)
 .rodata.levels.10106
                0x00000000000049d8       0x14 zephyr/kernel/libkernel.a(device.c.obj)
 .rodata._k_neg_eagain
                0x00000000000049ec        0x4 zephyr/kernel/libkernel.a(errno.c.obj)
                0x00000000000049ec                _k_neg_eagain
 .rodata.CC_PalPowerSaveModeInit.str1.4
                0x00000000000049f0       0x20 modules/nrfxlib/nrf_security/src/mbedtls/cc310/libmbedcrypto_cc310.a(cc_pal_pm.c.obj)
 .rodata.CSWTCH.6
                0x0000000000004a10       0x1c /home/jolu/ncs/nrfxlib/crypto/nrf_cc310_platform/lib/cortex-m33/hard-float/no-interrupts/libnrf_cc310_platform_0.9.2.a(nrf_cc310_platform.c.obj)
 .rodata.mutex_init.str1.4
                0x0000000000004a2c       0x23 /home/jolu/ncs/nrfxlib/crypto/nrf_cc310_platform/lib/cortex-m33/hard-float/no-interrupts/libnrf_cc310_platform_0.9.2.a(nrf_cc310_platform_mutex.c.obj)
 *fill*         0x0000000000004a4f        0x1 
 .rodata.mutex_unlock.str1.4
                0x0000000000004a50       0x1f /home/jolu/ncs/nrfxlib/crypto/nrf_cc310_platform/lib/cortex-m33/hard-float/no-interrupts/libnrf_cc310_platform_0.9.2.a(nrf_cc310_platform_mutex.c.obj)
 *fill*         0x0000000000004a6f        0x1 
 .rodata.CC_LibInitRngModule.str1.4
                0x0000000000004a70       0x70 /home/jolu/ncs/nrfxlib/crypto/nrf_cc310_platform/lib/cortex-m33/hard-float/no-interrupts/libnrf_cc310_platform_0.9.2.a(cc_lib.c.obj)
                                         0x6d (size before relaxing)
 .rodata.LLF_RND_GetTrngSource.str1.4
                0x0000000000004ae0       0x6f /home/jolu/ncs/nrfxlib/crypto/nrf_cc310_platform/lib/cortex-m33/hard-float/no-interrupts/libnrf_cc310_platform_0.9.2.a(llf_rnd_trng90b.c.obj)
 .rodata.config
                0x0000000000004ae0        0x8 zephyr/libzephyr.a(nrf_power_clock.c.obj)
 .rodata.uart_console_init.str1.1
                0x0000000000004ae8        0x7 zephyr/libzephyr.a(uart_console.c.obj)
 .rodata.str1.1
                0x0000000000004aef        0x7 zephyr/libzephyr.a(nrf_power_clock.c.obj)
                                          0x6 (size before relaxing)
 .rodata.str1.1
                0x0000000000004aef        0xa zephyr/libzephyr.a(sys_clock_init.c.obj)
 .rodata.z_clock_driver_init.str1.1
                0x0000000000004af9        0x6 zephyr/libzephyr.a(nrf_rtc_timer.c.obj)
 .rodata.config_regions.str1.1
                0x0000000000004af9       0x32 zephyr/libzephyr.a(spm.c.obj)
                                         0x37 (size before relaxing)
 .rodata.spm_jump.str1.1
                0x0000000000004b2b       0x75 zephyr/libzephyr.a(spm.c.obj)
 .rodata.spm_config.str1.1
                0x0000000000004ba0      0x104 zephyr/libzephyr.a(spm.c.obj)
                                        0x10c (size before relaxing)
 .rodata.str1.1
                0x0000000000004ca4       0xfc zephyr/libzephyr.a(spm.c.obj)
 .rodata.mutex_free.str1.1
                0x0000000000004da0       0x26 zephyr/libzephyr.a(nrf_cc310_platform_mutex_zephyr.c.obj)
 .rodata.mutex_init.str1.1
                0x0000000000004dc6       0x2d zephyr/libzephyr.a(nrf_cc310_platform_mutex_zephyr.c.obj)
 .rodata.str1.1
                0x0000000000004df3        0xf zephyr/soc/arm/common/cortex_m/libsoc__arm__common__cortex_m.a(arm_mpu_regions.c.obj)
 .rodata.str1.1
                0x0000000000004e02        0x7 zephyr/drivers/serial/libdrivers__serial.a(uart_nrfx_uarte.c.obj)
                                          0xe (size before relaxing)
 .rodata.check_ext_api_requests.str1.1
                0x0000000000004e09       0x5c modules/nrf/subsys/fw_info/lib..__nrf__subsys__fw_info.a(fw_info.c.obj)
 .rodata.str1.1
                0x0000000000004e65        0xb modules/nrf/drivers/hw_cc310/lib..__nrf__drivers__hw_cc310.a(hw_cc310.c.obj)
 .rodata.bg_thread_main.str1.1
                0x0000000000004e70       0x37 zephyr/kernel/libkernel.a(init.c.obj)
                                         0x38 (size before relaxing)
 .rodata.z_cstart.str1.1
                0x0000000000004ea7        0x5 zephyr/kernel/libkernel.a(init.c.obj)
 *(SORT_BY_ALIGNMENT(.gnu.linkonce.r.*))
                0x0000000000004eac                . = ALIGN (0x4)
                0x0000000000004eac                _fw_info_images_start = .
 *(SORT_BY_ALIGNMENT(.fw_info_images))
 .fw_info_images
                0x0000000000004eac        0x4 modules/nrf/subsys/fw_info/lib..__nrf__subsys__fw_info.a(fw_info.c.obj)
                0x0000000000004eac                self_image
                0x0000000000000001                _fw_info_images_size = ABSOLUTE (((. - _fw_info_images_start) / 0x4))
                0x0000000000004eb0                _ext_apis_start = .
 *(SORT_BY_ALIGNMENT(.ext_apis))
                0x0000000000000000                _ext_apis_size = ABSOLUTE ((. - _ext_apis_start))
                0x0000000000004eb0                _ext_apis_req_start = .
 *(SORT_BY_ALIGNMENT(.ext_apis_req))
                0x0000000000000000                _ext_apis_req_size = ABSOLUTE ((. - _ext_apis_req_start))
                0x0000000000004eb0                . = ALIGN (0x4)
                0x0000000000004eb0                _image_rodata_end = .
                0x0000000000004ec0                . = ALIGN (_region_min_align)
                0x0000000000004ec0                _image_rom_end = .
                0x0000000020000000                . = 0x20000000
                0x0000000020000000                . = ALIGN (_region_min_align)
                0x0000000020000000                _image_ram_start = .

.ramfunc        0x0000000020000000        0x0 load address 0x0000000000004eb0
                0x0000000020000000                . = ALIGN (_region_min_align)
                0x0000000020000000                _ramfunc_ram_start = .
 *(SORT_BY_ALIGNMENT(.ramfunc))
 *(SORT_BY_ALIGNMENT(.ramfunc.*))
                0x0000000020000000                . = ALIGN (_region_min_align)
                0x0000000020000000                _ramfunc_ram_end = .
                0x0000000000000000                _ramfunc_ram_size = (_ramfunc_ram_end - _ramfunc_ram_start)
                0x0000000000004eb0                _ramfunc_rom_start = LOADADDR (.ramfunc)

datas           0x0000000020000000       0x94 load address 0x0000000000004eb0
                0x0000000020000000                __data_ram_start = .
 *(SORT_BY_ALIGNMENT(.data))
 *(SORT_BY_ALIGNMENT(.data.*))
 .data._char_out
                0x0000000020000000        0x4 zephyr/libzephyr.a(printk.c.obj)
                0x0000000020000000                _char_out
 .data.asym_mutex
                0x0000000020000004        0x8 zephyr/libzephyr.a(nrf_cc310_platform_mutex_zephyr.c.obj)
                0x0000000020000004                asym_mutex
 .data.power_mutex
                0x000000002000000c        0x8 zephyr/libzephyr.a(nrf_cc310_platform_mutex_zephyr.c.obj)
                0x000000002000000c                power_mutex
 .data.rng_mutex
                0x0000000020000014        0x8 zephyr/libzephyr.a(nrf_cc310_platform_mutex_zephyr.c.obj)
                0x0000000020000014                rng_mutex
 .data.sym_mutex
                0x000000002000001c        0x8 zephyr/libzephyr.a(nrf_cc310_platform_mutex_zephyr.c.obj)
                0x000000002000001c                sym_mutex
 .data._stdout_hook
                0x0000000020000024        0x4 zephyr/lib/libc/minimal/liblib__libc__minimal.a(stdout_console.c.obj)
 .data.uarte_0_data
                0x0000000020000028       0x10 zephyr/drivers/serial/libdrivers__serial.a(uart_nrfx_uarte.c.obj)
 .data.uarte_1_data
                0x0000000020000038       0x10 zephyr/drivers/serial/libdrivers__serial.a(uart_nrfx_uarte.c.obj)
 .data.SystemCoreClock
                0x0000000020000048        0x4 modules/nordic/lib..__modules__hal__nordic.a(system_nrf9160.c.obj)
                0x0000000020000048                SystemCoreClock
 .data.timeout_list
                0x000000002000004c        0x8 zephyr/kernel/libkernel.a(timeout.c.obj)
 .data.CCAsymCryptoMutex
                0x0000000020000054        0x4 modules/nrfxlib/nrf_security/src/mbedtls/cc310/libmbedcrypto_cc310.a(cc_pal.c.obj)
                0x0000000020000054                CCAsymCryptoMutex
 .data.CCPowerMutex
                0x0000000020000058        0x4 modules/nrfxlib/nrf_security/src/mbedtls/cc310/libmbedcrypto_cc310.a(cc_pal.c.obj)
                0x0000000020000058                CCPowerMutex
 .data.CCRndCryptoMutex
                0x000000002000005c        0x4 modules/nrfxlib/nrf_security/src/mbedtls/cc310/libmbedcrypto_cc310.a(cc_pal.c.obj)
                0x000000002000005c                CCRndCryptoMutex
 .data.CCSymCryptoMutex
                0x0000000020000060        0x4 modules/nrfxlib/nrf_security/src/mbedtls/cc310/libmbedcrypto_cc310.a(cc_pal.c.obj)
                0x0000000020000060                CCSymCryptoMutex
 .data.pCCRndCryptoMutex
                0x0000000020000064        0x4 modules/nrfxlib/nrf_security/src/mbedtls/cc310/libmbedcrypto_cc310.a(cc_pal.c.obj)
                0x0000000020000064                pCCRndCryptoMutex
 .data.platform_abort_apis
                0x0000000020000068        0x8 /home/jolu/ncs/nrfxlib/crypto/nrf_cc310_platform/lib/cortex-m33/hard-float/no-interrupts/libnrf_cc310_platform_0.9.2.a(nrf_cc310_platform_abort.c.obj)
                0x0000000020000068                platform_abort_apis
 .data.platform_mutex_apis
                0x0000000020000070       0x10 /home/jolu/ncs/nrfxlib/crypto/nrf_cc310_platform/lib/cortex-m33/hard-float/no-interrupts/libnrf_cc310_platform_0.9.2.a(nrf_cc310_platform_mutex.c.obj)
                0x0000000020000070                platform_mutex_apis
 .data.platform_mutexes
                0x0000000020000080       0x14 /home/jolu/ncs/nrfxlib/crypto/nrf_cc310_platform/lib/cortex-m33/hard-float/no-interrupts/libnrf_cc310_platform_0.9.2.a(nrf_cc310_platform_mutex.c.obj)
                0x0000000020000080                platform_mutexes
 *(SORT_BY_ALIGNMENT(.kernel.*))
                0x0000000000004eb0                __data_rom_start = LOADADDR (datas)

devices         0x0000000020000094       0x50 load address 0x0000000000004f44
                0x0000000020000094                __device_start = .
                0x0000000020000094                __device_PRE_KERNEL_1_start = .
 *(SORT_BY_NAME(SORT_BY_ALIGNMENT(.device_PRE_KERNEL_1[0-9])))
 *(SORT_BY_NAME(SORT_BY_ALIGNMENT(.device_PRE_KERNEL_1[1-9][0-9])))
 .device_PRE_KERNEL_150
                0x0000000020000094       0x10 zephyr/libzephyr.a(nrf_power_clock.c.obj)
 .device_PRE_KERNEL_150
                0x00000000200000a4       0x20 zephyr/drivers/serial/libdrivers__serial.a(uart_nrfx_uarte.c.obj)
                0x00000000200000c4                __device_PRE_KERNEL_2_start = .
 *(SORT_BY_NAME(SORT_BY_ALIGNMENT(.device_PRE_KERNEL_2[0-9])))
 .device_PRE_KERNEL_20
                0x00000000200000c4       0x10 zephyr/libzephyr.a(sys_clock_init.c.obj)
 *(SORT_BY_NAME(SORT_BY_ALIGNMENT(.device_PRE_KERNEL_2[1-9][0-9])))
                0x00000000200000d4                __device_POST_KERNEL_start = .
 *(SORT_BY_NAME(SORT_BY_ALIGNMENT(.device_POST_KERNEL[0-9])))
 *(SORT_BY_NAME(SORT_BY_ALIGNMENT(.device_POST_KERNEL[1-9][0-9])))
 .device_POST_KERNEL40
                0x00000000200000d4       0x10 modules/nrf/drivers/hw_cc310/lib..__nrf__drivers__hw_cc310.a(hw_cc310.c.obj)
                0x00000000200000e4                __device_APPLICATION_start = .
 *(SORT_BY_NAME(SORT_BY_ALIGNMENT(.device_APPLICATION[0-9])))
 *(SORT_BY_NAME(SORT_BY_ALIGNMENT(.device_APPLICATION[1-9][0-9])))
                0x00000000200000e4                __device_SMP_start = .
 *(SORT_BY_NAME(SORT_BY_ALIGNMENT(.device_SMP[0-9])))
 *(SORT_BY_NAME(SORT_BY_ALIGNMENT(.device_SMP[1-9][0-9])))
                0x00000000200000e4                __device_end = .

initshell       0x00000000200000e4        0x0 load address 0x0000000000004f94
                0x00000000200000e4                __shell_module_start = .
 *(SORT_BY_ALIGNMENT(.shell_module_*))
                0x00000000200000e4                __shell_module_end = .
                0x00000000200000e4                __shell_cmd_start = .
 *(SORT_BY_ALIGNMENT(.shell_cmd_*))
                0x00000000200000e4                __shell_cmd_end = .

log_dynamic_sections
                0x00000000200000e4        0x0 load address 0x0000000000004f94
                0x00000000200000e4                __log_dynamic_start = .
 *(SORT_BY_NAME(SORT_BY_ALIGNMENT(.log_dynamic_*)))
                0x00000000200000e4                __log_dynamic_end = .

_static_thread_area
                0x00000000200000e4        0x0 load address 0x0000000000004f94
                0x00000000200000e4                __static_thread_data_list_start = .
 *(SORT_BY_NAME(SORT_BY_ALIGNMENT(.__static_thread_data.static.*)))
                0x00000000200000e4                __static_thread_data_list_end = .

_k_timer_area   0x00000000200000e4        0x0 load address 0x0000000000004f94
                0x00000000200000e4                _k_timer_list_start = .
 *(SORT_BY_ALIGNMENT(._k_timer.static.*))
                0x00000000200000e4                _k_timer_list_end = .

_k_mem_slab_area
                0x00000000200000e4        0x0 load address 0x0000000000004f94
                0x00000000200000e4                _k_mem_slab_list_start = .
 *(SORT_BY_ALIGNMENT(._k_mem_slab.static.*))
                0x00000000200000e4                _k_mem_slab_list_end = .

_k_mem_pool_area
                0x00000000200000e4        0x0 load address 0x0000000000004f94
                0x00000000200000e4                _k_mem_pool_list_start = .
 *(SORT_BY_ALIGNMENT(._k_mem_pool.static.*))
                0x00000000200000e4                _k_mem_pool_list_end = .

_k_heap_area    0x00000000200000e4        0x0 load address 0x0000000000004f94
                0x00000000200000e4                _k_heap_list_start = .
 *(SORT_BY_ALIGNMENT(._k_heap.static.*))
                0x00000000200000e4                _k_heap_list_end = .

_k_sem_area     0x00000000200000e4        0x0 load address 0x0000000000004f94
                0x00000000200000e4                _k_sem_list_start = .
 *(SORT_BY_ALIGNMENT(._k_sem.static.*))
 *(SORT_BY_ALIGNMENT(._sys_sem.static.*))
                0x00000000200000e4                _k_sem_list_end = .

_k_mutex_area   0x00000000200000e4       0x64 load address 0x0000000000004f94
                0x00000000200000e4                _k_mutex_list_start = .
 *(SORT_BY_ALIGNMENT(._k_mutex.static.*))
 ._k_mutex.static.fdtable_lock
                0x00000000200000e4       0x14 zephyr/libzephyr.a(fdtable.c.obj)
 ._k_mutex.static.asym_mutex_int
                0x00000000200000f8       0x14 zephyr/libzephyr.a(nrf_cc310_platform_mutex_zephyr.c.obj)
                0x00000000200000f8                asym_mutex_int
 ._k_mutex.static.power_mutex_int
                0x000000002000010c       0x14 zephyr/libzephyr.a(nrf_cc310_platform_mutex_zephyr.c.obj)
                0x000000002000010c                power_mutex_int
 ._k_mutex.static.rng_mutex_int
                0x0000000020000120       0x14 zephyr/libzephyr.a(nrf_cc310_platform_mutex_zephyr.c.obj)
                0x0000000020000120                rng_mutex_int
 ._k_mutex.static.sym_mutex_int
                0x0000000020000134       0x14 zephyr/libzephyr.a(nrf_cc310_platform_mutex_zephyr.c.obj)
                0x0000000020000134                sym_mutex_int
                0x0000000020000148                _k_mutex_list_end = .

_k_queue_area   0x0000000020000148        0x0 load address 0x0000000000004ff8
                0x0000000020000148                _k_queue_list_start = .
 *(SORT_BY_ALIGNMENT(._k_queue.static.*))
 *(SORT_BY_ALIGNMENT(._k_fifo.static.*))
 *(SORT_BY_ALIGNMENT(._k_lifo.static.*))
                0x0000000020000148                _k_queue_list_end = .

_k_stack_area   0x0000000020000148        0x0 load address 0x0000000000004ff8
                0x0000000020000148                _k_stack_list_start = .
 *(SORT_BY_ALIGNMENT(._k_stack.static.*))
                0x0000000020000148                _k_stack_list_end = .

_k_msgq_area    0x0000000020000148        0x0 load address 0x0000000000004ff8
                0x0000000020000148                _k_msgq_list_start = .
 *(SORT_BY_ALIGNMENT(._k_msgq.static.*))
                0x0000000020000148                _k_msgq_list_end = .

_k_mbox_area    0x0000000020000148        0x0 load address 0x0000000000004ff8
                0x0000000020000148                _k_mbox_list_start = .
 *(SORT_BY_ALIGNMENT(._k_mbox.static.*))
                0x0000000020000148                _k_mbox_list_end = .

_k_pipe_area    0x0000000020000148        0x0 load address 0x0000000000004ff8
                0x0000000020000148                _k_pipe_list_start = .
 *(SORT_BY_ALIGNMENT(._k_pipe.static.*))
                0x0000000020000148                _k_pipe_list_end = .

_net_buf_pool_area
                0x0000000020000148        0x0 load address 0x0000000000004ff8
                0x0000000020000148                _net_buf_pool_list = .
 *(SORT_BY_NAME(SORT_BY_ALIGNMENT(._net_buf_pool.static.*)))

net_if          0x0000000020000148        0x0 load address 0x0000000000004ff8
                0x0000000020000148                __net_if_start = .
 *(SORT_BY_ALIGNMENT(.net_if.*))
 *(SORT_BY_NAME(SORT_BY_ALIGNMENT(.net_if.*)))
                0x0000000020000148                __net_if_end = .

net_if_dev      0x0000000020000148        0x0 load address 0x0000000000004ff8
                0x0000000020000148                __net_if_dev_start = .
 *(SORT_BY_ALIGNMENT(.net_if_dev.*))
 *(SORT_BY_NAME(SORT_BY_ALIGNMENT(.net_if_dev.*)))
                0x0000000020000148                __net_if_dev_end = .

net_l2_data     0x0000000020000148        0x0 load address 0x0000000000004ff8
                0x0000000020000148                __net_l2_data_start = .
 *(SORT_BY_ALIGNMENT(.net_l2.data))
 *(SORT_BY_NAME(SORT_BY_ALIGNMENT(.net_l2.data*)))
                0x0000000020000148                __net_l2_data_end = .
                0x0000000020000148                __data_ram_end = .

bss             0x0000000020000148      0x69e
                0x0000000020000148                . = ALIGN (0x4)
                0x0000000020000148                __bss_start = .
                0x0000000020000148                __kernel_ram_start = .
 *(SORT_BY_ALIGNMENT(.bss))
 *(SORT_BY_ALIGNMENT(.bss.*))
 .bss.curr_tick
                0x0000000020000148        0x8 zephyr/kernel/libkernel.a(timeout.c.obj)
 .bss.uart_console_dev
                0x0000000020000150        0x4 zephyr/libzephyr.a(uart_console.c.obj)
 .bss.data      0x0000000020000154       0x18 zephyr/libzephyr.a(nrf_power_clock.c.obj)
 .bss.last_count
                0x000000002000016c        0x4 zephyr/libzephyr.a(nrf_rtc_timer.c.obj)
 .bss.mutex_slab
                0x0000000020000170       0x1c zephyr/libzephyr.a(nrf_cc310_platform_mutex_zephyr.c.obj)
                0x0000000020000170                mutex_slab
 .bss.mutex_slab_buffer
                0x000000002000018c      0x500 zephyr/libzephyr.a(nrf_cc310_platform_mutex_zephyr.c.obj)
                0x000000002000018c                mutex_slab_buffer
 .bss.dyn_reg_info
                0x000000002000068c       0x14 zephyr/arch/arch/arm/core/aarch32/cortex_m/mpu/libarch__arm__core__aarch32__cortex_m__mpu.a(arm_mpu.c.obj)
 .bss.z_idle_threads
                0x00000000200006a0       0x74 zephyr/kernel/libkernel.a(init.c.obj)
                0x00000000200006a0                z_idle_threads
 .bss.z_main_thread
                0x0000000020000714       0x74 zephyr/kernel/libkernel.a(init.c.obj)
                0x0000000020000714                z_main_thread
 .bss._kernel   0x0000000020000788       0x30 zephyr/kernel/libkernel.a(sched.c.obj)
                0x0000000020000788                _kernel
 .bss.pending_current
                0x00000000200007b8        0x4 zephyr/kernel/libkernel.a(sched.c.obj)
 .bss.slice_max_prio
                0x00000000200007bc        0x4 zephyr/kernel/libkernel.a(sched.c.obj)
 .bss.slice_time
                0x00000000200007c0        0x4 zephyr/kernel/libkernel.a(sched.c.obj)
 .bss.announce_remaining
                0x00000000200007c4        0x4 zephyr/kernel/libkernel.a(timeout.c.obj)
 .bss.use_count
                0x00000000200007c8        0x4 modules/nrfxlib/nrf_security/src/mbedtls/cc310/libmbedcrypto_cc310.a(cc_pal_pm.c.obj)
 .bss.nrf_cc310_platform_initialized
                0x00000000200007cc        0x4 /home/jolu/ncs/nrfxlib/crypto/nrf_cc310_platform/lib/cortex-m33/hard-float/no-interrupts/libnrf_cc310_platform_0.9.2.a(nrf_cc310_platform.c.obj)
 .bss.nrf_cc310_platform_rng_initialized
                0x00000000200007d0        0x4 /home/jolu/ncs/nrfxlib/crypto/nrf_cc310_platform/lib/cortex-m33/hard-float/no-interrupts/libnrf_cc310_platform_0.9.2.a(nrf_cc310_platform.c.obj)
 .bss.asym_mutex
                0x00000000200007d4        0x4 /home/jolu/ncs/nrfxlib/crypto/nrf_cc310_platform/lib/cortex-m33/hard-float/no-interrupts/libnrf_cc310_platform_0.9.2.a(nrf_cc310_platform_mutex.c.obj)
 .bss.power_mutex
                0x00000000200007d8        0x4 /home/jolu/ncs/nrfxlib/crypto/nrf_cc310_platform/lib/cortex-m33/hard-float/no-interrupts/libnrf_cc310_platform_0.9.2.a(nrf_cc310_platform_mutex.c.obj)
 .bss.rng_mutex
                0x00000000200007dc        0x4 /home/jolu/ncs/nrfxlib/crypto/nrf_cc310_platform/lib/cortex-m33/hard-float/no-interrupts/libnrf_cc310_platform_0.9.2.a(nrf_cc310_platform_mutex.c.obj)
 .bss.sym_mutex
                0x00000000200007e0        0x4 /home/jolu/ncs/nrfxlib/crypto/nrf_cc310_platform/lib/cortex-m33/hard-float/no-interrupts/libnrf_cc310_platform_0.9.2.a(nrf_cc310_platform_mutex.c.obj)
 .bss.static_regions_num
                0x00000000200007e4        0x1 zephyr/arch/arch/arm/core/aarch32/cortex_m/mpu/libarch__arm__core__aarch32__cortex_m__mpu.a(arm_mpu.c.obj)
 .bss.z_sys_post_kernel
                0x00000000200007e5        0x1 zephyr/kernel/libkernel.a(init.c.obj)
                0x00000000200007e5                z_sys_post_kernel
 .bss.lock      0x00000000200007e6        0x0 zephyr/kernel/libkernel.a(mem_slab.c.obj)
 .bss.lock      0x00000000200007e6        0x0 zephyr/kernel/libkernel.a(mutex.c.obj)
 .bss.sched_spinlock
                0x00000000200007e6        0x0 zephyr/kernel/libkernel.a(sched.c.obj)
 *(SORT_BY_ALIGNMENT(COMMON))
 *(SORT_BY_ALIGNMENT(.kernel_bss.*))
                0x00000000200007e8                __bss_end = ALIGN (0x4)

noinit          0x00000000200007e8      0xd40
 *(SORT_BY_ALIGNMENT(.noinit))
 *(SORT_BY_ALIGNMENT(.noinit.*))
 .noinit."WEST_TOPDIR/zephyr/kernel/init.c".2
                0x00000000200007e8      0x400 zephyr/kernel/libkernel.a(init.c.obj)
                0x00000000200007e8                z_main_stack
 .noinit."WEST_TOPDIR/zephyr/kernel/init.c".3
                0x0000000020000be8      0x140 zephyr/kernel/libkernel.a(init.c.obj)
 .noinit."WEST_TOPDIR/zephyr/kernel/init.c".4
                0x0000000020000d28      0x800 zephyr/kernel/libkernel.a(init.c.obj)
                0x0000000020000d28                z_interrupt_stacks
 *(SORT_BY_ALIGNMENT(.kernel_noinit.*))
                0x0000000020001528                _image_ram_end = .
                0x0000000020001528                _end = .
                0x0000000020010000                __kernel_ram_end = 0x20010000
                0x000000000000feb8                __kernel_ram_size = (__kernel_ram_end - __kernel_ram_start)
                0x0000000000000001                ASSERT (((((_image_rom_start + _flash_used) - 0x1) / 0x8000) < 0x1), SPM and app are sharing an SPU region. Cannot partition flash correctly into secure and non-secure. Adjust partitions sizes so they are placed in separate regions.)

.gnu.sgstubs    0x0000000000005000     0x3000
                0x0000000000007fe0                . = (ALIGN (0x8000) - (0x1 << LOG2CEIL (__sg_size)))
 *fill*         0x0000000000005000     0x2fe0 
                0x0000000000007fe0                __sg_start = .
 *fill*         0x0000000000007fe0        0x0 
 .gnu.sgstubs.__stub
                0x0000000000007fe0       0x18 linker stubs
                0x0000000000007fe0                spm_request_read
                0x0000000000007fe8                spm_firmware_info
                0x0000000000007ff0                spm_request_random_number
                0x0000000000008000                __sg_end = .
                0x0000000000000020                __sg_size = (__sg_end - __sg_start)
                0x0000000000008000                . = ALIGN (0x8000)
                0x0000000000000020                __nsc_size = (. - __sg_start)
                0x0000000000000001                ASSERT (((__sg_size == 0x0) || ((((0x1 << LOG2CEIL ((0x8000 - (__sg_start % 0x8000)))) == (0x8000 - (__sg_start % 0x8000))) && ((0x8000 - (__sg_start % 0x8000)) >= 0x20)) && ((0x8000 - (__sg_start % 0x8000)) <= 0x1000))), The Non-Secure Callable region size must be a power of 2 between 32 and 4096 bytes.)

.stab
 *(SORT_BY_ALIGNMENT(.stab))

.stabstr
 *(SORT_BY_ALIGNMENT(.stabstr))

.stab.excl
 *(SORT_BY_ALIGNMENT(.stab.excl))

.stab.exclstr
 *(SORT_BY_ALIGNMENT(.stab.exclstr))

.stab.index
 *(SORT_BY_ALIGNMENT(.stab.index))

.stab.indexstr
 *(SORT_BY_ALIGNMENT(.stab.indexstr))

.gnu.build.attributes
 *(SORT_BY_ALIGNMENT(.gnu.build.attributes) SORT_BY_ALIGNMENT(.gnu.build.attributes.*))

.comment        0x0000000000000000       0xb1
 *(SORT_BY_ALIGNMENT(.comment))
 .comment       0x0000000000000000       0x32 zephyr/CMakeFiles/zephyr_final.dir/isr_tables.c.obj
                                         0x33 (size before relaxing)
 .comment       0x0000000000000032       0x33 app/libapp.a(main.c.obj)
 .comment       0x0000000000000032       0x33 zephyr/libzephyr.a(fdtable.c.obj)
 .comment       0x0000000000000032       0x33 zephyr/libzephyr.a(printk.c.obj)
 .comment       0x0000000000000032       0x33 zephyr/libzephyr.a(thread_entry.c.obj)
 .comment       0x0000000000000032       0x33 zephyr/libzephyr.a(heap.c.obj)
 .comment       0x0000000000000032       0x33 zephyr/libzephyr.a(configs.c.obj)
 .comment       0x0000000000000032       0x33 zephyr/libzephyr.a(soc.c.obj)
 .comment       0x0000000000000032       0x33 zephyr/libzephyr.a(uart_console.c.obj)
 .comment       0x0000000000000032       0x33 zephyr/libzephyr.a(nrf_power_clock.c.obj)
 .comment       0x0000000000000032       0x33 zephyr/libzephyr.a(sys_clock_init.c.obj)
 .comment       0x0000000000000032       0x33 zephyr/libzephyr.a(nrf_rtc_timer.c.obj)
 .comment       0x0000000000000032       0x33 zephyr/libzephyr.a(spm.c.obj)
 .comment       0x0000000000000032       0x33 zephyr/libzephyr.a(secure_services.c.obj)
 .comment       0x0000000000000032       0x33 zephyr/libzephyr.a(nrf_cc310_platform_abort_zephyr.c.obj)
 .comment       0x0000000000000032       0x33 zephyr/libzephyr.a(nrf_cc310_platform_mutex_zephyr.c.obj)
 .comment       0x0000000000000032       0x33 zephyr/arch/common/libarch__common.a(isr_tables.c.obj)
 .comment       0x0000000000000032       0x33 zephyr/arch/arch/arm/core/aarch32/libarch__arm__core__aarch32.a(swap.c.obj)
 .comment       0x0000000000000032       0x33 zephyr/arch/arch/arm/core/aarch32/libarch__arm__core__aarch32.a(irq_manage.c.obj)
 .comment       0x0000000000000032       0x33 zephyr/arch/arch/arm/core/aarch32/libarch__arm__core__aarch32.a(thread.c.obj)
 .comment       0x0000000000000032       0x33 zephyr/arch/arch/arm/core/aarch32/libarch__arm__core__aarch32.a(fatal.c.obj)
 .comment       0x0000000000000032       0x33 zephyr/arch/arch/arm/core/aarch32/libarch__arm__core__aarch32.a(nmi.c.obj)
 .comment       0x0000000000000032       0x33 zephyr/arch/arch/arm/core/aarch32/libarch__arm__core__aarch32.a(prep_c.c.obj)
 .comment       0x0000000000000032       0x33 zephyr/arch/arch/arm/core/aarch32/cortex_m/libarch__arm__core__aarch32__cortex_m.a(fault.c.obj)
 .comment       0x0000000000000032       0x33 zephyr/arch/arch/arm/core/aarch32/cortex_m/libarch__arm__core__aarch32__cortex_m.a(scb.c.obj)
 .comment       0x0000000000000032       0x33 zephyr/arch/arch/arm/core/aarch32/cortex_m/libarch__arm__core__aarch32__cortex_m.a(irq_init.c.obj)
 .comment       0x0000000000000032       0x33 zephyr/arch/arch/arm/core/aarch32/cortex_m/libarch__arm__core__aarch32__cortex_m.a(thread_abort.c.obj)
 .comment       0x0000000000000032       0x33 zephyr/arch/arch/arm/core/aarch32/cortex_m/mpu/libarch__arm__core__aarch32__cortex_m__mpu.a(arm_core_mpu.c.obj)
 .comment       0x0000000000000032       0x33 zephyr/arch/arch/arm/core/aarch32/cortex_m/mpu/libarch__arm__core__aarch32__cortex_m__mpu.a(arm_mpu.c.obj)
 .comment       0x0000000000000032       0x33 zephyr/arch/arch/arm/core/aarch32/cortex_m/cmse/libarch__arm__core__aarch32__cortex_m__cmse.a(arm_core_cmse.c.obj)
 .comment       0x0000000000000032       0x33 zephyr/arch/arch/arm/core/aarch32/cortex_m/tz/libarch__arm__core__aarch32__cortex_m__tz.a(arm_core_tz.c.obj)
 .comment       0x0000000000000032       0x33 zephyr/lib/libc/minimal/liblib__libc__minimal.a(string.c.obj)
 .comment       0x0000000000000032       0x33 zephyr/lib/libc/minimal/liblib__libc__minimal.a(stdout_console.c.obj)
 .comment       0x0000000000000032       0x33 zephyr/soc/arm/common/cortex_m/libsoc__arm__common__cortex_m.a(arm_mpu_regions.c.obj)
 .comment       0x0000000000000032       0x33 zephyr/drivers/serial/libdrivers__serial.a(uart_nrfx_uarte.c.obj)
 .comment       0x0000000000000032       0x33 modules/nrf/lib/fatal_error/lib..__nrf__lib__fatal_error.a(fatal_error.c.obj)
 .comment       0x0000000000000032       0x33 modules/nrf/subsys/fw_info/lib..__nrf__subsys__fw_info.a(fw_info.c.obj)
 .comment       0x0000000000000032       0x33 modules/nrf/drivers/hw_cc310/lib..__nrf__drivers__hw_cc310.a(hw_cc310.c.obj)
 .comment       0x0000000000000032       0x33 modules/nordic/lib..__modules__hal__nordic.a(system_nrf9160.c.obj)
 .comment       0x0000000000000032       0x33 modules/nordic/lib..__modules__hal__nordic.a(nrfx_glue.c.obj)
 .comment       0x0000000000000032       0x33 zephyr/kernel/libkernel.a(device.c.obj)
 .comment       0x0000000000000032       0x33 zephyr/kernel/libkernel.a(errno.c.obj)
 .comment       0x0000000000000032       0x33 zephyr/kernel/libkernel.a(fatal.c.obj)
 .comment       0x0000000000000032       0x33 zephyr/kernel/libkernel.a(idle.c.obj)
 .comment       0x0000000000000032       0x33 zephyr/kernel/libkernel.a(init.c.obj)
 .comment       0x0000000000000032       0x33 zephyr/kernel/libkernel.a(mem_slab.c.obj)
 .comment       0x0000000000000032       0x33 zephyr/kernel/libkernel.a(mutex.c.obj)
 .comment       0x0000000000000032       0x33 zephyr/kernel/libkernel.a(sched.c.obj)
 .comment       0x0000000000000032       0x33 zephyr/kernel/libkernel.a(thread.c.obj)
 .comment       0x0000000000000032       0x33 zephyr/kernel/libkernel.a(timeout.c.obj)
 .comment       0x0000000000000032       0x33 zephyr/kernel/libkernel.a(kheap.c.obj)
 .comment       0x0000000000000032       0x33 zephyr/CMakeFiles/offsets.dir/./arch/arm/core/offsets/offsets.c.obj
 .comment       0x0000000000000032       0x7f modules/nrfxlib/nrf_security/src/mbedtls/cc310/libmbedcrypto_cc310.a(cc_pal_mem.c.obj)
                                         0x80 (size before relaxing)
 .comment       0x00000000000000b1       0x80 modules/nrfxlib/nrf_security/src/mbedtls/cc310/libmbedcrypto_cc310.a(cc_pal.c.obj)
 .comment       0x00000000000000b1       0x80 modules/nrfxlib/nrf_security/src/mbedtls/cc310/libmbedcrypto_cc310.a(cc_pal_dma.c.obj)
 .comment       0x00000000000000b1       0x80 modules/nrfxlib/nrf_security/src/mbedtls/cc310/libmbedcrypto_cc310.a(cc_pal_mutex.c.obj)
 .comment       0x00000000000000b1       0x80 modules/nrfxlib/nrf_security/src/mbedtls/cc310/libmbedcrypto_cc310.a(cc_pal_pm.c.obj)
 .comment       0x00000000000000b1       0x80 modules/nrfxlib/nrf_security/src/mbedtls/cc310/libmbedcrypto_cc310.a(cc_hal.c.obj)
 .comment       0x00000000000000b1       0x80 modules/nrfxlib/nrf_security/src/mbedtls/cc310/libmbedcrypto_cc310.a(cc_pal_interrupt_ctrl.c.obj)
 .comment       0x00000000000000b1       0x80 /home/jolu/ncs/nrfxlib/crypto/nrf_cc310_platform/lib/cortex-m33/hard-float/no-interrupts/libnrf_cc310_platform_0.9.2.a(platform_alt.c.obj)
 .comment       0x00000000000000b1       0x80 /home/jolu/ncs/nrfxlib/crypto/nrf_cc310_platform/lib/cortex-m33/hard-float/no-interrupts/libnrf_cc310_platform_0.9.2.a(cc_rng_plat.c.obj)
 .comment       0x00000000000000b1       0x80 /home/jolu/ncs/nrfxlib/crypto/nrf_cc310_platform/lib/cortex-m33/hard-float/no-interrupts/libnrf_cc310_platform_0.9.2.a(nrf_cc310_platform.c.obj)
 .comment       0x00000000000000b1       0x80 /home/jolu/ncs/nrfxlib/crypto/nrf_cc310_platform/lib/cortex-m33/hard-float/no-interrupts/libnrf_cc310_platform_0.9.2.a(nrf_cc310_platform_abort.c.obj)
 .comment       0x00000000000000b1       0x80 /home/jolu/ncs/nrfxlib/crypto/nrf_cc310_platform/lib/cortex-m33/hard-float/no-interrupts/libnrf_cc310_platform_0.9.2.a(nrf_cc310_platform_mutex.c.obj)
 .comment       0x00000000000000b1       0x80 /home/jolu/ncs/nrfxlib/crypto/nrf_cc310_platform/lib/cortex-m33/hard-float/no-interrupts/libnrf_cc310_platform_0.9.2.a(cc_lib.c.obj)
 .comment       0x00000000000000b1       0x80 /home/jolu/ncs/nrfxlib/crypto/nrf_cc310_platform/lib/cortex-m33/hard-float/no-interrupts/libnrf_cc310_platform_0.9.2.a(cc_pal_trng.c.obj)
 .comment       0x00000000000000b1       0x80 /home/jolu/ncs/nrfxlib/crypto/nrf_cc310_platform/lib/cortex-m33/hard-float/no-interrupts/libnrf_cc310_platform_0.9.2.a(llf_rnd_trng90b.c.obj)
 .comment       0x00000000000000b1       0x80 /home/jolu/ncs/nrfxlib/crypto/nrf_cc310_platform/lib/cortex-m33/hard-float/no-interrupts/libnrf_cc310_platform_0.9.2.a(llf_rnd.c.obj)

.debug
 *(SORT_BY_ALIGNMENT(.debug))

.line
 *(SORT_BY_ALIGNMENT(.line))

.debug_srcinfo
 *(SORT_BY_ALIGNMENT(.debug_srcinfo))

.debug_sfnames
 *(SORT_BY_ALIGNMENT(.debug_sfnames))

.debug_aranges  0x0000000000000000      0xec0
 *(SORT_BY_ALIGNMENT(.debug_aranges))
 .debug_aranges
                0x0000000000000000       0x28 zephyr/arch/arch/arm/core/aarch32/libarch__arm__core__aarch32.a(swap_helper.S.obj)
 .debug_aranges
                0x0000000000000028       0x30 zephyr/arch/arch/arm/core/aarch32/libarch__arm__core__aarch32.a(cpu_idle.S.obj)
 .debug_aranges
                0x0000000000000058       0x20 zephyr/arch/arch/arm/core/aarch32/libarch__arm__core__aarch32.a(nmi_on_reset.S.obj)
 .debug_aranges
                0x0000000000000078       0x20 zephyr/arch/arch/arm/core/aarch32/libarch__arm__core__aarch32.a(isr_wrapper.S.obj)
 .debug_aranges
                0x0000000000000098       0x20 zephyr/arch/arch/arm/core/aarch32/cortex_m/libarch__arm__core__aarch32__cortex_m.a(reset.S.obj)
 .debug_aranges
                0x00000000000000b8       0x20 zephyr/arch/arch/arm/core/aarch32/cortex_m/libarch__arm__core__aarch32__cortex_m.a(fault_s.S.obj)
 .debug_aranges
                0x00000000000000d8       0x20 zephyr/arch/arch/arm/core/aarch32/cortex_m/libarch__arm__core__aarch32__cortex_m.a(exc_exit.S.obj)
 .debug_aranges
                0x00000000000000f8       0x18 zephyr/CMakeFiles/zephyr_final.dir/isr_tables.c.obj
 .debug_aranges
                0x0000000000000110       0x20 app/libapp.a(main.c.obj)
 .debug_aranges
                0x0000000000000130       0x50 zephyr/libzephyr.a(fdtable.c.obj)
 .debug_aranges
                0x0000000000000180       0x80 zephyr/libzephyr.a(printk.c.obj)
 .debug_aranges
                0x0000000000000200       0x20 zephyr/libzephyr.a(thread_entry.c.obj)
 .debug_aranges
                0x0000000000000220       0x60 zephyr/libzephyr.a(heap.c.obj)
 .debug_aranges
                0x0000000000000280       0x20 zephyr/libzephyr.a(configs.c.obj)
 .debug_aranges
                0x00000000000002a0       0x30 zephyr/libzephyr.a(soc.c.obj)
 .debug_aranges
                0x00000000000002d0       0x28 zephyr/libzephyr.a(uart_console.c.obj)
 .debug_aranges
                0x00000000000002f8       0x50 zephyr/libzephyr.a(nrf_power_clock.c.obj)
 .debug_aranges
                0x0000000000000348       0x40 zephyr/libzephyr.a(sys_clock_init.c.obj)
 .debug_aranges
                0x0000000000000388       0x48 zephyr/libzephyr.a(nrf_rtc_timer.c.obj)
 .debug_aranges
                0x00000000000003d0       0x38 zephyr/libzephyr.a(spm.c.obj)
 .debug_aranges
                0x0000000000000408       0x38 zephyr/libzephyr.a(secure_services.c.obj)
 .debug_aranges
                0x0000000000000440       0x28 zephyr/libzephyr.a(nrf_cc310_platform_abort_zephyr.c.obj)
 .debug_aranges
                0x0000000000000468       0x40 zephyr/libzephyr.a(nrf_cc310_platform_mutex_zephyr.c.obj)
 .debug_aranges
                0x00000000000004a8       0x18 zephyr/arch/common/libarch__common.a(isr_tables.c.obj)
 .debug_aranges
                0x00000000000004c0       0x20 zephyr/arch/arch/arm/core/aarch32/libarch__arm__core__aarch32.a(swap.c.obj)
 .debug_aranges
                0x00000000000004e0       0x58 zephyr/arch/arch/arm/core/aarch32/libarch__arm__core__aarch32.a(irq_manage.c.obj)
 .debug_aranges
                0x0000000000000538       0x28 zephyr/arch/arch/arm/core/aarch32/libarch__arm__core__aarch32.a(thread.c.obj)
 .debug_aranges
                0x0000000000000560       0x30 zephyr/arch/arch/arm/core/aarch32/libarch__arm__core__aarch32.a(fatal.c.obj)
 .debug_aranges
                0x0000000000000590       0x20 zephyr/arch/arch/arm/core/aarch32/libarch__arm__core__aarch32.a(nmi.c.obj)
 .debug_aranges
                0x00000000000005b0       0x20 zephyr/arch/arch/arm/core/aarch32/libarch__arm__core__aarch32.a(prep_c.c.obj)
 .debug_aranges
                0x00000000000005d0       0x48 zephyr/arch/arch/arm/core/aarch32/cortex_m/libarch__arm__core__aarch32__cortex_m.a(fault.c.obj)
 .debug_aranges
                0x0000000000000618       0x20 zephyr/arch/arch/arm/core/aarch32/cortex_m/libarch__arm__core__aarch32__cortex_m.a(scb.c.obj)
 .debug_aranges
                0x0000000000000638       0x20 zephyr/arch/arch/arm/core/aarch32/cortex_m/libarch__arm__core__aarch32__cortex_m.a(irq_init.c.obj)
 .debug_aranges
                0x0000000000000658       0x20 zephyr/arch/arch/arm/core/aarch32/cortex_m/libarch__arm__core__aarch32__cortex_m.a(thread_abort.c.obj)
 .debug_aranges
                0x0000000000000678       0x28 zephyr/arch/arch/arm/core/aarch32/cortex_m/mpu/libarch__arm__core__aarch32__cortex_m__mpu.a(arm_core_mpu.c.obj)
 .debug_aranges
                0x00000000000006a0       0x60 zephyr/arch/arch/arm/core/aarch32/cortex_m/mpu/libarch__arm__core__aarch32__cortex_m__mpu.a(arm_mpu.c.obj)
 .debug_aranges
                0x0000000000000700       0x80 zephyr/arch/arch/arm/core/aarch32/cortex_m/cmse/libarch__arm__core__aarch32__cortex_m__cmse.a(arm_core_cmse.c.obj)
 .debug_aranges
                0x0000000000000780       0x60 zephyr/arch/arch/arm/core/aarch32/cortex_m/tz/libarch__arm__core__aarch32__cortex_m__tz.a(arm_core_tz.c.obj)
 .debug_aranges