Archive member included to satisfy reference by file (symbol)

app/libapp.a(audio_provider.cc.obj)
                              (--whole-archive)
app/libapp.a(command_responder.cc.obj)
                              (--whole-archive)
app/libapp.a(feature_provider.cc.obj)
                              (--whole-archive)
app/libapp.a(main.cc.obj)     (--whole-archive)
app/libapp.a(main_functions.cc.obj)
                              (--whole-archive)
app/libapp.a(no_1000ms_sample_data.cc.obj)
                              (--whole-archive)
app/libapp.a(no_30ms_sample_data.cc.obj)
                              (--whole-archive)
app/libapp.a(recognize_commands.cc.obj)
                              (--whole-archive)
app/libapp.a(yes_1000ms_sample_data.cc.obj)
                              (--whole-archive)
app/libapp.a(yes_30ms_sample_data.cc.obj)
                              (--whole-archive)
app/libapp.a(micro_features_generator.cc.obj)
                              (--whole-archive)
app/libapp.a(micro_model_settings.cc.obj)
                              (--whole-archive)
app/libapp.a(model.cc.obj)    (--whole-archive)
app/libapp.a(no_feature_data_slice.cc.obj)
                              (--whole-archive)
app/libapp.a(no_micro_features_data.cc.obj)
                              (--whole-archive)
app/libapp.a(yes_micro_features_data.cc.obj)
                              (--whole-archive)
zephyr/libzephyr.a(crc32_sw.c.obj)
                              (--whole-archive)
zephyr/libzephyr.a(crc16_sw.c.obj)
                              (--whole-archive)
zephyr/libzephyr.a(crc8_sw.c.obj)
                              (--whole-archive)
zephyr/libzephyr.a(crc7_sw.c.obj)
                              (--whole-archive)
zephyr/libzephyr.a(dec.c.obj)
                              (--whole-archive)
zephyr/libzephyr.a(fdtable.c.obj)
                              (--whole-archive)
zephyr/libzephyr.a(hex.c.obj)
                              (--whole-archive)
zephyr/libzephyr.a(mempool.c.obj)
                              (--whole-archive)
zephyr/libzephyr.a(notify.c.obj)
                              (--whole-archive)
zephyr/libzephyr.a(printk.c.obj)
                              (--whole-archive)
zephyr/libzephyr.a(onoff.c.obj)
                              (--whole-archive)
zephyr/libzephyr.a(rb.c.obj)  (--whole-archive)
zephyr/libzephyr.a(sem.c.obj)
                              (--whole-archive)
zephyr/libzephyr.a(thread_entry.c.obj)
                              (--whole-archive)
zephyr/libzephyr.a(timeutil.c.obj)
                              (--whole-archive)
zephyr/libzephyr.a(work_q.c.obj)
                              (--whole-archive)
zephyr/libzephyr.a(heap.c.obj)
                              (--whole-archive)
zephyr/libzephyr.a(heap-validate.c.obj)
                              (--whole-archive)
zephyr/libzephyr.a(configs.c.obj)
                              (--whole-archive)
zephyr/libzephyr.a(soc.c.obj)
                              (--whole-archive)
zephyr/libzephyr.a(power.c.obj)
                              (--whole-archive)
zephyr/libzephyr.a(validate_base_addresses.c.obj)
                              (--whole-archive)
zephyr/libzephyr.a(validate_enabled_instances.c.obj)
                              (--whole-archive)
zephyr/libzephyr.a(cpp_init_array.c.obj)
                              (--whole-archive)
zephyr/libzephyr.a(cpp_ctors.c.obj)
                              (--whole-archive)
zephyr/libzephyr.a(cpp_dtors.c.obj)
                              (--whole-archive)
zephyr/libzephyr.a(power.c.obj)
                              (--whole-archive)
zephyr/libzephyr.a(policy_residency.c.obj)
                              (--whole-archive)
zephyr/libzephyr.a(uart_console.c.obj)
                              (--whole-archive)
zephyr/libzephyr.a(nrf_power_clock.c.obj)
                              (--whole-archive)
zephyr/libzephyr.a(sys_clock_init.c.obj)
                              (--whole-archive)
zephyr/libzephyr.a(nrf_rtc_timer.c.obj)
                              (--whole-archive)
zephyr/libzephyr.a(secure_services_ns.c.obj)
                              (--whole-archive)
zephyr/arch/common/libarch__common.a(isr_tables.c.obj)
                              (--whole-archive)
zephyr/arch/common/libarch__common.a(sw_isr_common.c.obj)
                              (--whole-archive)
zephyr/arch/arch/arm/core/aarch32/libarch__arm__core__aarch32.a(swap.c.obj)
                              (--whole-archive)
zephyr/arch/arch/arm/core/aarch32/libarch__arm__core__aarch32.a(swap_helper.S.obj)
                              (--whole-archive)
zephyr/arch/arch/arm/core/aarch32/libarch__arm__core__aarch32.a(irq_manage.c.obj)
                              (--whole-archive)
zephyr/arch/arch/arm/core/aarch32/libarch__arm__core__aarch32.a(thread.c.obj)
                              (--whole-archive)
zephyr/arch/arch/arm/core/aarch32/libarch__arm__core__aarch32.a(cpu_idle.S.obj)
[...]
Memory Configuration

Name             Origin             Length             Attributes
FLASH            0x000000000000c000 0x00000000000f4000 xr
SRAM             0x0000000020020000 0x0000000000020000 xw
IDT_LIST         0x0000000020040000 0x0000000000000800 xw
*default*        0x0000000000000000 0xffffffffffffffff

Linker script and memory map

LOAD zephyr/CMakeFiles/zephyr_final.dir/misc/empty_file.c.obj
LOAD zephyr/CMakeFiles/zephyr_final.dir/isr_tables.c.obj
                0x0000000000000020                _region_min_align = 0x20

.rel.plt        0x000000000000c000        0x0
 *(SORT_BY_ALIGNMENT(.rel.plt))
                [!provide]                        PROVIDE (__rel_iplt_start = .)
 *(SORT_BY_ALIGNMENT(.rel.iplt))
 .rel.iplt      0x000000000000c000        0x0 zephyr/CMakeFiles/zephyr_final.dir/isr_tables.c.obj
                [!provide]                        PROVIDE (__rel_iplt_end = .)

.rela.plt       0x0000000000000000        0x0
 *(SORT_BY_ALIGNMENT(.rela.plt))
                [!provide]                        PROVIDE (__rela_iplt_start = .)
 *(SORT_BY_ALIGNMENT(.rela.iplt))
                [!provide]                        PROVIDE (__rela_iplt_end = .)

.rel.dyn
 *(SORT_BY_ALIGNMENT(.rel.*))

.rela.dyn
 *(SORT_BY_ALIGNMENT(.rela.*))

/DISCARD/
 *(SORT_BY_ALIGNMENT(.plt))
 *(SORT_BY_ALIGNMENT(.iplt))
 *(SORT_BY_ALIGNMENT(.got.plt))
 *(SORT_BY_ALIGNMENT(.igot.plt))
 *(SORT_BY_ALIGNMENT(.got))
 *(SORT_BY_ALIGNMENT(.igot))
 *(SORT_BY_ALIGNMENT(.irq_info))
 *(SORT_BY_ALIGNMENT(.intList))
 *(SORT_BY_ALIGNMENT(.note.GNU-stack))
                0x000000000000c000                _image_rom_start = 0xc000

rom_start       0x000000000000c000      0x23c
                0x0000000000000000                . = 0x0
                0x0000000000000000                . = ALIGN (0x4)
                0x000000000000c000                _vector_start = .
 *(SORT_BY_ALIGNMENT(.exc_vector_table))
 *(SORT_BY_ALIGNMENT(.exc_vector_table.*))
 .exc_vector_table._vector_table_section
                0x000000000000c000       0x40 zephyr/arch/arch/arm/core/aarch32/cortex_m/libarch__arm__core__aarch32__cortex_m.a(vector_table.S.obj)
                0x000000000000c000                _vector_table
 *(SORT_BY_ALIGNMENT(.gnu.linkonce.irq_vector_table))
 .gnu.linkonce.irq_vector_table
                0x000000000000c040      0x104 zephyr/CMakeFiles/zephyr_final.dir/isr_tables.c.obj
                0x000000000000c040                _irq_vector_table
 *(SORT_BY_ALIGNMENT(.vectors))
                0x000000000000c144                _vector_end = .
 *(SORT_BY_ALIGNMENT(.openocd_dbg))
 *(SORT_BY_ALIGNMENT(.openocd_dbg.*))
                0x0000000000000200                . = 0x200
 *fill*         0x000000000000c144       0xbc 
                0x000000000000c200                _fw_info_start = .
 *(SORT_BY_NAME(SORT_BY_ALIGNMENT(.firmware_info*)))
 .firmware_info
                0x000000000000c200       0x3c modules/nrf/subsys/fw_info/lib..__nrf__subsys__fw_info.a(fw_info.c.obj)
                0x000000000000c200                m_firmware_info
                0x000000000000003c                _fw_info_size = ABSOLUTE ((. - _fw_info_start))

text            0x000000000000c240    0x186f4
                0x000000000000c240                _image_text_start = .
 *(SORT_BY_ALIGNMENT(.text))
 .text          0x000000000000c240      0x230 /home/jolu/tensorflow/tensorflow/lite/micro/tools/make/gen/nrf9160dk_nrf9160ns_cortex-m33/lib/libtensorflow-microlite.a(window_util.o)
                0x000000000000c240                WindowFillConfigWithDefaults
                0x000000000000c25e                WindowPopulateState
                0x000000000000c440                WindowFreeStateContents
 .text          0x000000000000c470      0x700 /home/jolu/tensorflow/tensorflow/lite/micro/tools/make/gen/nrf9160dk_nrf9160ns_cortex-m33/lib/libtensorflow-microlite.a(filterbank_util.o)
                0x000000000000c470                FilterbankFillConfigWithDefaults
                0x000000000000c674                FilterbankPopulateState
                0x000000000000cb24                FilterbankFreeStateContents
 .text          0x000000000000cb70      0x79c /home/jolu/tensorflow/tensorflow/lite/micro/tools/make/gen/nrf9160dk_nrf9160ns_cortex-m33/lib/libtensorflow-microlite.a(kiss_fftr.o)
                0x000000000000cb70                kiss_fftr_alloc
                0x000000000000cd4c                kiss_fftr
                0x000000000000d016                kiss_fftri
 *fill*         0x000000000000d30c        0x4 
 .text          0x000000000000d310     0x1854 /home/jolu/tensorflow/tensorflow/lite/micro/tools/make/gen/nrf9160dk_nrf9160ns_cortex-m33/lib/libtensorflow-microlite.a(kiss_fft.o)
                0x000000000000e8a0                kiss_fft_alloc
                0x000000000000ea3c                kiss_fft_stride
                0x000000000000ea9c                kiss_fft
                0x000000000000eabc                kiss_fft_cleanup
                0x000000000000eac8                kiss_fft_next_fast_size
 .text          0x000000000000eb64       0xa0 /home/jolu/zephyr-sdk/arm-zephyr-eabi/bin/../lib/gcc/arm-zephyr-eabi/9.2.0/thumb/v8-m.main+fp/softfp/libgcc.a(_aeabi_ldivmod.o)
                0x000000000000eb64                __aeabi_ldivmod
 .text          0x000000000000ec04       0x30 /home/jolu/zephyr-sdk/arm-zephyr-eabi/bin/../lib/gcc/arm-zephyr-eabi/9.2.0/thumb/v8-m.main+fp/softfp/libgcc.a(_aeabi_uldivmod.o)
                0x000000000000ec04                __aeabi_uldivmod
 .text          0x000000000000ec34      0x2c4 /home/jolu/zephyr-sdk/arm-zephyr-eabi/bin/../lib/gcc/arm-zephyr-eabi/9.2.0/thumb/v8-m.main+fp/softfp/libgcc.a(_udivmoddi4.o)
                0x000000000000ec34                __udivmoddi4
 .text          0x000000000000eef8        0x4 /home/jolu/zephyr-sdk/arm-zephyr-eabi/bin/../lib/gcc/arm-zephyr-eabi/9.2.0/thumb/v8-m.main+fp/softfp/libgcc.a(_dvmd_tls.o)
                0x000000000000eef8                __aeabi_ldiv0
                0x000000000000eef8                __aeabi_idiv0
 .text          0x000000000000eefc      0x500 /home/jolu/tensorflow/tensorflow/lite/micro/tools/make/gen/nrf9160dk_nrf9160ns_cortex-m33/lib/libtensorflow-microlite.a(common.o)
                0x000000000000eefc                TfLiteIntArrayGetSizeInBytes
                0x000000000000ef14                TfLiteIntArrayEqual
                0x000000000000ef54                TfLiteIntArrayEqualsArray
                0x000000000000efc0                TfLiteIntArrayCreate
                0x000000000000efea                TfLiteIntArrayCopy
                0x000000000000f02c                TfLiteIntArrayFree
                0x000000000000f042                TfLiteFloatArrayGetSizeInBytes
                0x000000000000f05a                TfLiteFloatArrayCreate
                0x000000000000f084                TfLiteFloatArrayFree
                0x000000000000f09a                TfLiteTensorDataFree
                0x000000000000f0ca                TfLiteQuantizationFree
                0x000000000000f12a                TfLiteSparsityFree
                0x000000000000f1d8                TfLiteTensorFree
                0x000000000000f238                TfLiteTensorReset
                0x000000000000f2b2                TfLiteTensorRealloc
                0x000000000000f310                TfLiteTypeGetName
                0x000000000000f3c8                TfLiteDelegateCreate
 .text          0x000000000000f3fc      0x240 /home/jolu/tensorflow/tensorflow/lite/micro/tools/make/gen/nrf9160dk_nrf9160ns_cortex-m33/lib/libtensorflow-microlite.a(frontend_util.o)
                0x000000000000f43a                FrontendFillConfigWithDefaults
                0x000000000000f47a                FrontendPopulateState
                0x000000000000f5fc                FrontendFreeStateContents
 .text          0x000000000000f63c      0x218 /home/jolu/tensorflow/tensorflow/lite/micro/tools/make/gen/nrf9160dk_nrf9160ns_cortex-m33/lib/libtensorflow-microlite.a(log_scale.o)
                0x000000000000f7ba                LogScaleApply
 .text          0x000000000000f854      0x10c /home/jolu/tensorflow/tensorflow/lite/micro/tools/make/gen/nrf9160dk_nrf9160ns_cortex-m33/lib/libtensorflow-microlite.a(noise_reduction_util.o)
                0x000000000000f854                NoiseReductionFillConfigWithDefaults
                0x000000000000f88c                NoiseReductionPopulateState
                0x000000000000f944                NoiseReductionFreeStateContents
 .text          0x000000000000f960      0x27c /home/jolu/tensorflow/tensorflow/lite/micro/tools/make/gen/nrf9160dk_nrf9160ns_cortex-m33/lib/libtensorflow-microlite.a(pcan_gain_control_util.o)
                0x000000000000f960                PcanGainControlFillConfigWithDefaults
                0x000000000000f994                PcanGainLookupFunction
                0x000000000000fa3c                PcanGainControlPopulateState
                0x000000000000fbc0                PcanGainControlFreeStateContents
 .text          0x000000000000fbdc     0x36fc /home/jolu/zephyr-sdk/arm-zephyr-eabi/arm-zephyr-eabi/lib/thumb/v8-m.main+fp/softfp/libstdc++_nano.a(cp-demangle.o)
                0x0000000000013214                __cxa_demangle
                0x00000000000132bc                __gcclibcxx_demangle_callback
 .text          0x00000000000132d8      0x378 /home/jolu/zephyr-sdk/arm-zephyr-eabi/bin/../lib/gcc/arm-zephyr-eabi/9.2.0/thumb/v8-m.main+fp/softfp/libgcc.a(_arm_addsubdf3.o)
                0x00000000000132d8                __aeabi_drsub
                0x00000000000132e0                __aeabi_dsub
                0x00000000000132e0                __subdf3
                0x00000000000132e4                __adddf3
                0x00000000000132e4                __aeabi_dadd
                0x000000000001355c                __aeabi_ui2d
                0x000000000001355c                __floatunsidf
                0x000000000001357c                __floatsidf
                0x000000000001357c                __aeabi_i2d
                0x00000000000135a0                __extendsfdf2
                0x00000000000135a0                __aeabi_f2d
                0x00000000000135e4                __aeabi_ul2d
                0x00000000000135e4                __floatundidf
                0x00000000000135f4                __floatdidf
                0x00000000000135f4                __aeabi_l2d
 .text          0x0000000000013650      0x424 /home/jolu/zephyr-sdk/arm-zephyr-eabi/bin/../lib/gcc/arm-zephyr-eabi/9.2.0/thumb/v8-m.main+fp/softfp/libgcc.a(_arm_muldivdf3.o)
                0x0000000000013650                __aeabi_dmul
                0x0000000000013650                __muldf3
                0x00000000000138a4                __aeabi_ddiv
                0x00000000000138a4                __divdf3
 .text          0x0000000000013a74      0x110 /home/jolu/zephyr-sdk/arm-zephyr-eabi/bin/../lib/gcc/arm-zephyr-eabi/9.2.0/thumb/v8-m.main+fp/softfp/libgcc.a(_arm_cmpdf2.o)
                0x0000000000013a74                __gtdf2
                0x0000000000013a74                __gedf2
                0x0000000000013a7c                __ltdf2
                0x0000000000013a7c                __ledf2
                0x0000000000013a84                __cmpdf2
                0x0000000000013a84                __eqdf2
                0x0000000000013a84                __nedf2
                0x0000000000013b00                __aeabi_cdrcmple
                0x0000000000013b10                __aeabi_cdcmple
                0x0000000000013b10                __aeabi_cdcmpeq
                0x0000000000013b20                __aeabi_dcmpeq
                0x0000000000013b34                __aeabi_dcmplt
                0x0000000000013b48                __aeabi_dcmple
                0x0000000000013b5c                __aeabi_dcmpge
                0x0000000000013b70                __aeabi_dcmpgt
 .text          0x0000000000013b84       0x2c /home/jolu/zephyr-sdk/arm-zephyr-eabi/bin/../lib/gcc/arm-zephyr-eabi/9.2.0/thumb/v8-m.main+fp/softfp/libgcc.a(_arm_unorddf2.o)
                0x0000000000013b84                __aeabi_dcmpun
                0x0000000000013b84                __unorddf2
 .text          0x0000000000013bb0       0x50 /home/jolu/zephyr-sdk/arm-zephyr-eabi/bin/../lib/gcc/arm-zephyr-eabi/9.2.0/thumb/v8-m.main+fp/softfp/libgcc.a(_arm_fixdfsi.o)
                0x0000000000013bb0                __fixdfsi
                0x0000000000013bb0                __aeabi_d2iz
 .text          0x0000000000013c00       0xa0 /home/jolu/zephyr-sdk/arm-zephyr-eabi/bin/../lib/gcc/arm-zephyr-eabi/9.2.0/thumb/v8-m.main+fp/softfp/libgcc.a(_arm_truncdfsf2.o)
                0x0000000000013c00                __aeabi_d2f
                0x0000000000013c00                __truncdfsf2
 .text          0x0000000000013ca0      0x21c /home/jolu/zephyr-sdk/arm-zephyr-eabi/bin/../lib/gcc/arm-zephyr-eabi/9.2.0/thumb/v8-m.main+fp/softfp/libgcc.a(_arm_addsubsf3.o)
                0x0000000000013ca0                __aeabi_frsub
                0x0000000000013ca8                __subsf3
                0x0000000000013ca8                __aeabi_fsub
                0x0000000000013cac                __aeabi_fadd
                0x0000000000013cac                __addsf3
                0x0000000000013e0c                __aeabi_ui2f
                0x0000000000013e0c                __floatunsisf
                0x0000000000013e14                __aeabi_i2f
                0x0000000000013e14                __floatsisf
                0x0000000000013e30                __floatundisf
                0x0000000000013e30                __aeabi_ul2f
                0x0000000000013e40                __floatdisf
                0x0000000000013e40                __aeabi_l2f
 .text          0x0000000000013ebc      0x2a0 /home/jolu/zephyr-sdk/arm-zephyr-eabi/bin/../lib/gcc/arm-zephyr-eabi/9.2.0/thumb/v8-m.main+fp/softfp/libgcc.a(_arm_muldivsf3.o)
                0x0000000000013ebc                __mulsf3
                0x0000000000013ebc                __aeabi_fmul
                0x0000000000014024                __divsf3
                0x0000000000014024                __aeabi_fdiv
 .text          0x000000000001415c       0xec /home/jolu/zephyr-sdk/arm-zephyr-eabi/bin/../lib/gcc/arm-zephyr-eabi/9.2.0/thumb/v8-m.main+fp/softfp/libgcc.a(_arm_cmpsf2.o)
                0x000000000001415c                __gtsf2
                0x000000000001415c                __gesf2
                0x0000000000014164                __lesf2
                0x0000000000014164                __ltsf2
                0x000000000001416c                __nesf2
                0x000000000001416c                __eqsf2
                0x000000000001416c                __cmpsf2
                0x00000000000141cc                __aeabi_cfrcmple
                0x00000000000141d4                __aeabi_cfcmple
                0x00000000000141d4                __aeabi_cfcmpeq
                0x00000000000141e4                __aeabi_fcmpeq
                0x00000000000141f8                __aeabi_fcmplt
                0x000000000001420c                __aeabi_fcmple
                0x0000000000014220                __aeabi_fcmpge
                0x0000000000014234                __aeabi_fcmpgt
 .text          0x0000000000014248       0x4c /home/jolu/zephyr-sdk/arm-zephyr-eabi/bin/../lib/gcc/arm-zephyr-eabi/9.2.0/thumb/v8-m.main+fp/softfp/libgcc.a(_arm_fixsfsi.o)
                0x0000000000014248                __fixsfsi
                0x0000000000014248                __aeabi_f2iz
 .text          0x0000000000014294       0x40 /home/jolu/zephyr-sdk/arm-zephyr-eabi/bin/../lib/gcc/arm-zephyr-eabi/9.2.0/thumb/v8-m.main+fp/softfp/libgcc.a(_arm_fixunssfsi.o)
                0x0000000000014294                __aeabi_f2uiz
                0x0000000000014294                __fixunssfsi
 .text          0x00000000000142d4       0x30 /home/jolu/zephyr-sdk/arm-zephyr-eabi/bin/../lib/gcc/arm-zephyr-eabi/9.2.0/thumb/v8-m.main+fp/softfp/libgcc.a(_fixdfdi.o)
                0x00000000000142d4                __aeabi_d2lz
                0x00000000000142d4                __fixdfdi
 .text          0x0000000000014304       0x3c /home/jolu/zephyr-sdk/arm-zephyr-eabi/bin/../lib/gcc/arm-zephyr-eabi/9.2.0/thumb/v8-m.main+fp/softfp/libgcc.a(_fixunsdfdi.o)
                0x0000000000014304                __aeabi_d2ulz
                0x0000000000014304                __fixunsdfdi
 .text          0x0000000000014340      0xa4c /home/jolu/zephyr-sdk/arm-zephyr-eabi/bin/../lib/gcc/arm-zephyr-eabi/9.2.0/thumb/v8-m.main+fp/softfp/libgcc.a(unwind-arm.o)
                0x00000000000145fc                _Unwind_GetCFA
                0x0000000000014600                __gnu_Unwind_RaiseException
                0x0000000000014660                __gnu_Unwind_ForcedUnwind
                0x0000000000014674                __gnu_Unwind_Resume
                0x00000000000146b8                __gnu_Unwind_Resume_or_Rethrow
                0x00000000000146cc                _Unwind_Complete
                0x00000000000146d0                _Unwind_DeleteException
                0x00000000000146dc                _Unwind_VRS_Get
                0x0000000000014728                _Unwind_VRS_Set
                0x0000000000014774                __gnu_Unwind_Backtrace
                0x0000000000014ad0                __aeabi_unwind_cpp_pr0
                0x0000000000014ad4                __aeabi_unwind_cpp_pr1
                0x0000000000014ad8                __aeabi_unwind_cpp_pr2
                0x0000000000014adc                _Unwind_VRS_Pop
 .text          0x0000000000014d8c      0x1ac /home/jolu/zephyr-sdk/arm-zephyr-eabi/bin/../lib/gcc/arm-zephyr-eabi/9.2.0/thumb/v8-m.main+fp/softfp/libgcc.a(libunwind.o)
                0x0000000000014d8c                __restore_core_regs
                0x0000000000014d8c                restore_core_regs
                0x0000000000014da4                __gnu_Unwind_Restore_VFP
                0x0000000000014dac                __gnu_Unwind_Save_VFP
                0x0000000000014db4                __gnu_Unwind_Restore_VFP_D
                0x0000000000014dbc                __gnu_Unwind_Save_VFP_D
                0x0000000000014dc4                __gnu_Unwind_Restore_VFP_D_16_to_31
                0x0000000000014dcc                __gnu_Unwind_Save_VFP_D_16_to_31
                0x0000000000014dd4                __gnu_Unwind_Restore_WMMXD
                0x0000000000014e18                __gnu_Unwind_Save_WMMXD
                0x0000000000014e5c                __gnu_Unwind_Restore_WMMXC
                0x0000000000014e70                __gnu_Unwind_Save_WMMXC
                0x0000000000014e84                ___Unwind_RaiseException
                0x0000000000014e84                _Unwind_RaiseException
                0x0000000000014ea8                ___Unwind_Resume
                0x0000000000014ea8                _Unwind_Resume
                0x0000000000014ecc                _Unwind_Resume_or_Rethrow
                0x0000000000014ecc                ___Unwind_Resume_or_Rethrow
                0x0000000000014ef0                ___Unwind_ForcedUnwind
                0x0000000000014ef0                _Unwind_ForcedUnwind
                0x0000000000014f14                _Unwind_Backtrace
                0x0000000000014f14                ___Unwind_Backtrace
 .text          0x0000000000014f38      0x390 /home/jolu/zephyr-sdk/arm-zephyr-eabi/bin/../lib/gcc/arm-zephyr-eabi/9.2.0/thumb/v8-m.main+fp/softfp/libgcc.a(pr-support.o)
                0x0000000000014f90                __gnu_unwind_execute
                0x000000000001527c                __gnu_unwind_frame
                0x00000000000152a8                _Unwind_GetRegionStart
                0x00000000000152b4                _Unwind_GetLanguageSpecificData
 .text          0x00000000000152c8       0x40 /home/jolu/zephyr-sdk/arm-zephyr-eabi/bin/../lib/gcc/arm-zephyr-eabi/9.2.0/thumb/v8-m.main+fp/softfp/libgcc.a(_arm_fixunsdfsi.o)
                0x00000000000152c8                __fixunsdfsi
                0x00000000000152c8                __aeabi_d2uiz
 .text          0x0000000000015308      0x16c /home/jolu/tensorflow/tensorflow/lite/micro/tools/make/gen/nrf9160dk_nrf9160ns_cortex-m33/lib/libtensorflow-microlite.a(frontend.o)
                0x0000000000015346                FrontendProcessSamples
                0x000000000001543e                FrontendReset
 .text          0x0000000000015474       0x44 /home/jolu/tensorflow/tensorflow/lite/micro/tools/make/gen/nrf9160dk_nrf9160ns_cortex-m33/lib/libtensorflow-microlite.a(log_scale_util.o)
                0x0000000000015474                LogScaleFillConfigWithDefaults
                0x0000000000015492                LogScalePopulateState
 .text          0x00000000000154b8      0x170 /home/jolu/tensorflow/tensorflow/lite/micro/tools/make/gen/nrf9160dk_nrf9160ns_cortex-m33/lib/libtensorflow-microlite.a(noise_reduction.o)
                0x00000000000154b8                NoiseReductionApply
                0x0000000000015606                NoiseReductionReset
 .text          0x0000000000015628      0x1d2 /home/jolu/tensorflow/tensorflow/lite/micro/tools/make/gen/nrf9160dk_nrf9160ns_cortex-m33/lib/libtensorflow-microlite.a(pcan_gain_control.o)
                0x0000000000015666                WideDynamicFunction
                0x000000000001572a                PcanShrink
                0x0000000000015754                PcanGainControlApply
 .text          0x00000000000157fa      0x158 /home/jolu/tensorflow/tensorflow/lite/micro/tools/make/gen/nrf9160dk_nrf9160ns_cortex-m33/lib/libtensorflow-microlite.a(window.o)
                0x00000000000157fa                WindowProcessSamples
                0x0000000000015912                WindowReset
 .text          0x0000000000015952      0x512 /home/jolu/tensorflow/tensorflow/lite/micro/tools/make/gen/nrf9160dk_nrf9160ns_cortex-m33/lib/libtensorflow-microlite.a(filterbank.o)
                0x00000000000159e4                FilterbankConvertFftComplexToEnergy
                0x0000000000015a60                FilterbankAccumulateChannels
                0x0000000000015dde                FilterbankSqrt
                0x0000000000015e40                FilterbankReset
 .text          0x0000000000015e64       0x14 /home/jolu/zephyr-sdk/arm-zephyr-eabi/arm-zephyr-eabi/lib/thumb/v8-m.main+fp/softfp/libc_nano.a(lib_a-strcmp.o)
                0x0000000000015e64                strcmp
 .text          0x0000000000015e78       0x10 /home/jolu/zephyr-sdk/arm-zephyr-eabi/arm-zephyr-eabi/lib/thumb/v8-m.main+fp/softfp/libc_nano.a(lib_a-strlen.o)
                0x0000000000015e78                strlen
 *(SORT_BY_ALIGNMENT(.text.*))
 .text._ZN6tflite24PreprocessSoftmaxScalingEddiPiS0_
                0x0000000000015e88       0x68 /home/jolu/tensorflow/tensorflow/lite/micro/tools/make/gen/nrf9160dk_nrf9160ns_cortex-m33/lib/libtensorflow-microlite.a(quantization_util.o)
                0x0000000000015e88                tflite::PreprocessSoftmaxScaling(double, double, int, int*, int*)
 .text._ZN6tflite32GetQuantizedConvolutionMultiplerEP13TfLiteContextPK12TfLiteTensorS4_S4_PS2_Pd
                0x0000000000015ef0       0xac /home/jolu/tensorflow/tensorflow/lite/micro/tools/make/gen/nrf9160dk_nrf9160ns_cortex-m33/lib/libtensorflow-microlite.a(kernel_util.o)
                0x0000000000015ef0                tflite::GetQuantizedConvolutionMultipler(TfLiteContext*, TfLiteTensor const*, TfLiteTensor const*, TfLiteTensor const*, TfLiteTensor*, double*)
 *fill*         0x0000000000015f9c        0x4 
 .text.floor    0x0000000000015fa0      0x1d0 /home/jolu/zephyr-sdk/arm-zephyr-eabi/arm-zephyr-eabi/lib/thumb/v8-m.main+fp/softfp/libm.a(lib_a-s_floor.o)
                0x0000000000015fa0                floor
 .text.log1p    0x0000000000016170      0x634 /home/jolu/zephyr-sdk/arm-zephyr-eabi/arm-zephyr-eabi/lib/thumb/v8-m.main+fp/softfp/libm.a(lib_a-s_log1p.o)
                0x0000000000016170                log1p
 *fill*         0x00000000000167a4        0x4 
 .text.__ieee754_rem_pio2
                0x00000000000167a8      0x6cc /home/jolu/zephyr-sdk/arm-zephyr-eabi/arm-zephyr-eabi/lib/thumb/v8-m.main+fp/softfp/libm.a(lib_a-e_rem_pio2.o)
                0x00000000000167a8                __ieee754_rem_pio2
 *fill*         0x0000000000016e74        0x4 
 .text.__ieee754_sqrt
                0x0000000000016e78      0x358 /home/jolu/zephyr-sdk/arm-zephyr-eabi/arm-zephyr-eabi/lib/thumb/v8-m.main+fp/softfp/libm.a(lib_a-e_sqrt.o)
                0x0000000000016e78                __ieee754_sqrt
 .text.__kernel_cos
                0x00000000000171d0      0x27c /home/jolu/zephyr-sdk/arm-zephyr-eabi/arm-zephyr-eabi/lib/thumb/v8-m.main+fp/softfp/libm.a(lib_a-k_cos.o)
                0x00000000000171d0                __kernel_cos
 *fill*         0x000000000001744c        0x4 
 .text.__kernel_sin
                0x0000000000017450      0x1fc /home/jolu/zephyr-sdk/arm-zephyr-eabi/arm-zephyr-eabi/lib/thumb/v8-m.main+fp/softfp/libm.a(lib_a-k_sin.o)
                0x0000000000017450                __kernel_sin
 *fill*         0x000000000001764c        0x4 
 .text.scalbn   0x0000000000017650      0x1b0 /home/jolu/zephyr-sdk/arm-zephyr-eabi/arm-zephyr-eabi/lib/thumb/v8-m.main+fp/softfp/libm.a(lib_a-s_scalbn.o)
                0x0000000000017650                scalbn
 .text._Z15GetAudioSamplesPN6tflite13ErrorReporterEiiPiPPs
                0x0000000000017800       0x24 app/libapp.a(audio_provider.cc.obj)
                0x0000000000017800                GetAudioSamples(tflite::ErrorReporter*, int, int, int*, short**)
 .text._Z20LatestAudioTimestampv
                0x0000000000017824       0x10 app/libapp.a(audio_provider.cc.obj)
                0x0000000000017824                LatestAudioTimestamp()
 .text._Z16RespondToCommandPN6tflite13ErrorReporterEiPKchb
                0x0000000000017834       0x20 app/libapp.a(command_responder.cc.obj)
                0x0000000000017834                RespondToCommand(tflite::ErrorReporter*, int, char const*, unsigned char, bool)
 .text._ZN15FeatureProvider19PopulateFeatureDataEPN6tflite13ErrorReporterEiiPi
                0x0000000000017854       0xf0 app/libapp.a(feature_provider.cc.obj)
                0x0000000000017854                FeatureProvider::PopulateFeatureData(tflite::ErrorReporter*, int, int, int*)
 .text.loop     0x0000000000017944       0xd8 app/libapp.a(main_functions.cc.obj)
                0x0000000000017944                loop
 .text._ZN6tflite22MicroMutableOpResolverILj4EE10AddBuiltinENS_15BuiltinOperatorERK18TfLiteRegistrationPF12TfLiteStatusPKNS_8OperatorEPNS_13ErrorReporterEPNS_20BuiltinDataAllocatorEPPvE
                0x0000000000017a1c       0xa8 app/libapp.a(main_functions.cc.obj)
                0x0000000000017a1c                tflite::MicroMutableOpResolver<4u>::AddBuiltin(tflite::BuiltinOperator, TfLiteRegistration const&, TfLiteStatus (*)(tflite::Operator const*, tflite::ErrorReporter*, tflite::BuiltinDataAllocator*, void**))
 .text.setup    0x0000000000017ac4      0x26c app/libapp.a(main_functions.cc.obj)
                0x0000000000017ac4                setup
 .text._ZN17RecognizeCommandsC2EPN6tflite13ErrorReporterEihii
                0x0000000000017d30       0x44 app/libapp.a(recognize_commands.cc.obj)
                0x0000000000017d30                RecognizeCommands::RecognizeCommands(tflite::ErrorReporter*, int, unsigned char, int, int)
                0x0000000000017d30                RecognizeCommands::RecognizeCommands(tflite::ErrorReporter*, int, unsigned char, int, int)
 .text._ZN17RecognizeCommands20ProcessLatestResultsEPK12TfLiteTensoriPPKcPhPb
                0x0000000000017d74      0x248 app/libapp.a(recognize_commands.cc.obj)
                0x0000000000017d74                RecognizeCommands::ProcessLatestResults(TfLiteTensor const*, int, char const**, unsigned char*, bool*)
 .text._Z23InitializeMicroFeaturesPN6tflite13ErrorReporterE
                0x0000000000017fbc       0x8c app/libapp.a(micro_features_generator.cc.obj)
                0x0000000000017fbc                InitializeMicroFeatures(tflite::ErrorReporter*)
 .text._Z21GenerateMicroFeaturesPN6tflite13ErrorReporterEPKsiiPaPj
                0x0000000000018048       0x60 app/libapp.a(micro_features_generator.cc.obj)
                0x0000000000018048                GenerateMicroFeatures(tflite::ErrorReporter*, short const*, int, int, signed char*, unsigned int*)
 .text.char_out
                0x00000000000180a8       0x10 zephyr/libzephyr.a(printk.c.obj)
 .text._printk_dec_ulong
                0x00000000000180b8       0xa8 zephyr/libzephyr.a(printk.c.obj)
 .text.__printk_hook_install
                0x0000000000018160        0xc zephyr/libzephyr.a(printk.c.obj)
                0x0000000000018160                __printk_hook_install
 .text.z_vprintk
                0x000000000001816c      0x328 zephyr/libzephyr.a(printk.c.obj)
                0x000000000001816c                z_vprintk
 .text.vprintk  0x0000000000018494       0x1c zephyr/libzephyr.a(printk.c.obj)
                0x0000000000018494                vprintk
 .text.nordicsemi_nrf91_init
                0x00000000000184b0       0x28 zephyr/libzephyr.a(soc.c.obj)
 .text.arch_busy_wait
                0x00000000000184d8       0x14 zephyr/libzephyr.a(soc.c.obj)
                0x00000000000184d8                arch_busy_wait
 .text.__do_init_array_aux
                0x00000000000184ec       0x1c zephyr/libzephyr.a(cpp_init_array.c.obj)
                0x00000000000184ec                __do_init_array_aux
 .text.__do_global_ctors_aux
                0x0000000000018508       0x1c zephyr/libzephyr.a(cpp_ctors.c.obj)
                0x0000000000018508                __do_global_ctors_aux
 .text.uart_console_init
                0x0000000000018524       0x28 zephyr/libzephyr.a(uart_console.c.obj)
 .text.console_out
                0x000000000001854c       0x28 zephyr/libzephyr.a(uart_console.c.obj)
 .text.clock_async_start
                0x0000000000018574       0xd0 zephyr/libzephyr.a(nrf_power_clock.c.obj)
 .text.clk_init
                0x0000000000018644       0x38 zephyr/libzephyr.a(nrf_power_clock.c.obj)
 .text.clkstarted_handle.constprop.0
                0x000000000001867c       0x50 zephyr/libzephyr.a(nrf_power_clock.c.obj)
 .text.nrf_power_clock_isr
                0x00000000000186cc       0x54 zephyr/libzephyr.a(nrf_power_clock.c.obj)
                0x00000000000186cc                nrf_power_clock_isr
 .text.handle_next_tick_case
                0x0000000000018720       0x28 zephyr/libzephyr.a(nrf_rtc_timer.c.obj)
 .text.rtc1_nrf_isr
                0x0000000000018748       0x24 zephyr/libzephyr.a(nrf_rtc_timer.c.obj)
                0x0000000000018748                rtc1_nrf_isr
 .text.z_clock_driver_init
                0x000000000001876c       0x68 zephyr/libzephyr.a(nrf_rtc_timer.c.obj)
                0x000000000001876c                z_clock_driver_init
 .text.z_clock_set_timeout
                0x00000000000187d4       0xc8 zephyr/libzephyr.a(nrf_rtc_timer.c.obj)
                0x00000000000187d4                z_clock_set_timeout
 .text.z_clock_elapsed
                0x000000000001889c       0x34 zephyr/libzephyr.a(nrf_rtc_timer.c.obj)
                0x000000000001889c                z_clock_elapsed
 .text.arch_swap
                0x00000000000188d0       0x34 zephyr/arch/arch/arm/core/aarch32/libarch__arm__core__aarch32.a(swap.c.obj)
                0x00000000000188d0                arch_swap
 .text.z_arm_pendsv
                0x0000000000018904       0x48 zephyr/arch/arch/arm/core/aarch32/libarch__arm__core__aarch32.a(swap_helper.S.obj)
                0x0000000000018904                z_arm_pendsv
 .text.z_arm_svc
                0x000000000001894c       0x20 zephyr/arch/arch/arm/core/aarch32/libarch__arm__core__aarch32.a(swap_helper.S.obj)
                0x000000000001894c                z_arm_svc
 .text.arch_irq_enable
                0x000000000001896c       0x20 zephyr/arch/arch/arm/core/aarch32/libarch__arm__core__aarch32.a(irq_manage.c.obj)
                0x000000000001896c                arch_irq_enable
 .text.z_arm_irq_priority_set
                0x000000000001898c       0x2c zephyr/arch/arch/arm/core/aarch32/libarch__arm__core__aarch32.a(irq_manage.c.obj)
                0x000000000001898c                z_arm_irq_priority_set
 .text.arch_new_thread
                0x00000000000189b8       0x34 zephyr/arch/arch/arm/core/aarch32/libarch__arm__core__aarch32.a(thread.c.obj)
                0x00000000000189b8                arch_new_thread
 .text.arch_switch_to_main_thread
                0x00000000000189ec       0x3c zephyr/arch/arch/arm/core/aarch32/libarch__arm__core__aarch32.a(thread.c.obj)
                0x00000000000189ec                arch_switch_to_main_thread
 .text.z_arm_cpu_idle_init
                0x0000000000018a28        0xc zephyr/arch/arch/arm/core/aarch32/libarch__arm__core__aarch32.a(cpu_idle.S.obj)
                0x0000000000018a28                z_arm_cpu_idle_init
 .text.arch_cpu_idle
                0x0000000000018a34       0x1c zephyr/arch/arch/arm/core/aarch32/libarch__arm__core__aarch32.a(cpu_idle.S.obj)
                0x0000000000018a34                arch_cpu_idle
 .text.z_SysNmiOnReset
                0x0000000000018a50        0x8 zephyr/arch/arch/arm/core/aarch32/libarch__arm__core__aarch32.a(nmi_on_reset.S.obj)
                0x0000000000018a50                z_SysNmiOnReset
 .text.z_arm_prep_c
                0x0000000000018a58       0x6c zephyr/arch/arch/arm/core/aarch32/libarch__arm__core__aarch32.a(prep_c.c.obj)
                0x0000000000018a58                z_arm_prep_c
 .text._isr_wrapper
                0x0000000000018ac4       0x40 zephyr/arch/arch/arm/core/aarch32/libarch__arm__core__aarch32.a(isr_wrapper.S.obj)
                0x0000000000018ac4                _isr_wrapper
 .text._reset_section
                0x0000000000018b04       0x30 zephyr/arch/arch/arm/core/aarch32/cortex_m/libarch__arm__core__aarch32__cortex_m.a(reset.S.obj)
                0x0000000000018b04                z_arm_reset
                0x0000000000018b04                __start
 .text.__fault  0x0000000000018b34       0x14 zephyr/arch/arch/arm/core/aarch32/cortex_m/libarch__arm__core__aarch32__cortex_m.a(fault_s.S.obj)
                0x0000000000018b34                z_arm_bus_fault
                0x0000000000018b34                z_arm_usage_fault
                0x0000000000018b34                z_arm_mpu_fault
                0x0000000000018b34                z_arm_exc_spurious
                0x0000000000018b34                z_arm_debug_monitor
                0x0000000000018b34                z_arm_hard_fault
 .text.mem_manage_fault.isra.0
                0x0000000000018b48       0x38 zephyr/arch/arch/arm/core/aarch32/cortex_m/libarch__arm__core__aarch32__cortex_m.a(fault.c.obj)
 .text.bus_fault.isra.0
                0x0000000000018b80       0x3c zephyr/arch/arch/arm/core/aarch32/cortex_m/libarch__arm__core__aarch32__cortex_m.a(fault.c.obj)
 .text.usage_fault.isra.0
                0x0000000000018bbc       0x24 zephyr/arch/arch/arm/core/aarch32/cortex_m/libarch__arm__core__aarch32__cortex_m.a(fault.c.obj)
 .text.z_arm_fault
                0x0000000000018be0      0x108 zephyr/arch/arch/arm/core/aarch32/cortex_m/libarch__arm__core__aarch32__cortex_m.a(fault.c.obj)
                0x0000000000018be0                z_arm_fault
 .text.z_arm_fault_init
                0x0000000000018ce8       0x10 zephyr/arch/arch/arm/core/aarch32/cortex_m/libarch__arm__core__aarch32__cortex_m.a(fault.c.obj)
                0x0000000000018ce8                z_arm_fault_init
 .text._HandlerModeExit
                0x0000000000018cf8       0x1c zephyr/arch/arch/arm/core/aarch32/cortex_m/libarch__arm__core__aarch32__cortex_m.a(exc_exit.S.obj)
                0x0000000000018cf8                z_arm_exc_exit
                0x0000000000018cf8                z_arm_int_exit
 .text.sys_arch_reboot
                0x0000000000018d14       0x24 zephyr/arch/arch/arm/core/aarch32/cortex_m/libarch__arm__core__aarch32__cortex_m.a(scb.c.obj)
                0x0000000000018d14                sys_arch_reboot
 .text.z_arm_interrupt_init
                0x0000000000018d38       0x18 zephyr/arch/arch/arm/core/aarch32/cortex_m/libarch__arm__core__aarch32__cortex_m.a(irq_init.c.obj)
                0x0000000000018d38                z_arm_interrupt_init
 .text.z_impl_k_thread_abort
                0x0000000000018d50       0x4c zephyr/arch/arch/arm/core/aarch32/cortex_m/libarch__arm__core__aarch32__cortex_m.a(thread_abort.c.obj)
                0x0000000000018d50                z_impl_k_thread_abort
 .text.z_arm_configure_static_mpu_regions
                0x0000000000018d9c       0x54 zephyr/arch/arch/arm/core/aarch32/cortex_m/mpu/libarch__arm__core__aarch32__cortex_m__mpu.a(arm_core_mpu.c.obj)
                0x0000000000018d9c                z_arm_configure_static_mpu_regions
 .text.region_init
                0x0000000000018df0       0x30 zephyr/arch/arch/arm/core/aarch32/cortex_m/mpu/libarch__arm__core__aarch32__cortex_m__mpu.a(arm_mpu.c.obj)
 .text.mpu_configure_regions_and_partition.constprop.0
                0x0000000000018e20      0x13c zephyr/arch/arch/arm/core/aarch32/cortex_m/mpu/libarch__arm__core__aarch32__cortex_m__mpu.a(arm_mpu.c.obj)
 .text.arm_core_mpu_enable
                0x0000000000018f5c       0x14 zephyr/arch/arch/arm/core/aarch32/cortex_m/mpu/libarch__arm__core__aarch32__cortex_m__mpu.a(arm_mpu.c.obj)
                0x0000000000018f5c                arm_core_mpu_enable
 .text.arm_core_mpu_disable
                0x0000000000018f70       0x10 zephyr/arch/arch/arm/core/aarch32/cortex_m/mpu/libarch__arm__core__aarch32__cortex_m__mpu.a(arm_mpu.c.obj)
                0x0000000000018f70                arm_core_mpu_disable
 .text.arm_mpu_init
                0x0000000000018f80       0x4c zephyr/arch/arch/arm/core/aarch32/cortex_m/mpu/libarch__arm__core__aarch32__cortex_m__mpu.a(arm_mpu.c.obj)
 .text.arm_core_mpu_configure_static_mpu_regions
                0x0000000000018fcc       0x14 zephyr/arch/arch/arm/core/aarch32/cortex_m/mpu/libarch__arm__core__aarch32__cortex_m__mpu.a(arm_mpu.c.obj)
                0x0000000000018fcc                arm_core_mpu_configure_static_mpu_regions
 .text.arm_core_mpu_mark_areas_for_dynamic_regions
                0x0000000000018fe0       0xac zephyr/arch/arch/arm/core/aarch32/cortex_m/mpu/libarch__arm__core__aarch32__cortex_m__mpu.a(arm_mpu.c.obj)
                0x0000000000018fe0                arm_core_mpu_mark_areas_for_dynamic_regions
 .text.__stdout_hook_install
                0x000000000001908c        0xc zephyr/lib/libc/newlib/liblib__libc__newlib.a(libc-hooks.c.obj)
                0x000000000001908c                __stdout_hook_install
 .text.z_impl_zephyr_read_stdin
                0x0000000000019098       0x28 zephyr/lib/libc/newlib/liblib__libc__newlib.a(libc-hooks.c.obj)
                0x0000000000019098                z_impl_zephyr_read_stdin
 .text.z_impl_zephyr_write_stdout
                0x00000000000190c0       0x30 zephyr/lib/libc/newlib/liblib__libc__newlib.a(libc-hooks.c.obj)
                0x00000000000190c0                z_impl_zephyr_write_stdout
 .text._exit    0x00000000000190f0       0x10 zephyr/lib/libc/newlib/liblib__libc__newlib.a(libc-hooks.c.obj)
                0x00000000000190f0                _exit
 .text._sbrk    0x0000000000019100       0x44 zephyr/lib/libc/newlib/liblib__libc__newlib.a(libc-hooks.c.obj)
                0x0000000000019100                _sbrk
                0x0000000000019100                sbrk
 .text.gpio_nrfx_init
                0x0000000000019144       0x30 zephyr/drivers/gpio/libdrivers__gpio.a(gpio_nrfx.c.obj)
 .text.gpio_nrfx_config
                0x0000000000019174       0xb8 zephyr/drivers/gpio/libdrivers__gpio.a(gpio_nrfx.c.obj)
 .text.gpiote_pin_int_cfg
                0x000000000001922c      0x140 zephyr/drivers/gpio/libdrivers__gpio.a(gpio_nrfx.c.obj)
 .text.gpio_nrfx_pin_interrupt_configure
                0x000000000001936c       0x90 zephyr/drivers/gpio/libdrivers__gpio.a(gpio_nrfx.c.obj)
 .text.gpiote_event_handler
                0x00000000000193fc      0x150 zephyr/drivers/gpio/libdrivers__gpio.a(gpio_nrfx.c.obj)
 .text.pwm_nrfx_get_cycles_per_sec
                0x000000000001954c       0x10 zephyr/drivers/pwm/libdrivers__pwm.a(pwm_nrfx.c.obj)
 .text.pwm_nrfx_init
                0x000000000001955c       0x24 zephyr/drivers/pwm/libdrivers__pwm.a(pwm_nrfx.c.obj)
 .text.pwm_nrfx_pin_set
                0x0000000000019580      0x158 zephyr/drivers/pwm/libdrivers__pwm.a(pwm_nrfx.c.obj)
 .text.uarte_nrfx_configure
                0x00000000000196d8      0x168 zephyr/drivers/serial/libdrivers__serial.a(uart_nrfx_uarte.c.obj)
 .text.uarte_instance_init.isra.0
                0x0000000000019840       0x98 zephyr/drivers/serial/libdrivers__serial.a(uart_nrfx_uarte.c.obj)
 .text.uarte_0_init
                0x00000000000198d8       0x20 zephyr/drivers/serial/libdrivers__serial.a(uart_nrfx_uarte.c.obj)
 .text.uarte_1_init
                0x00000000000198f8       0x20 zephyr/drivers/serial/libdrivers__serial.a(uart_nrfx_uarte.c.obj)
 .text.check_ext_api_requests
                0x0000000000019918       0x9c modules/nrf/subsys/fw_info/lib..__nrf__subsys__fw_info.a(fw_info.c.obj)
 .text.SystemInit
                0x00000000000199b4       0x2c modules/nordic/lib..__modules__hal__nordic.a(system_nrf9160.c.obj)
                0x00000000000199b4                SystemInit
 .text.nrfx_pwm_init
                0x00000000000199e0       0xf8 modules/nordic/lib..__modules__hal__nordic.a(nrfx_pwm.c.obj)
                0x00000000000199e0                nrfx_pwm_init
 .text.nrfx_pwm_simple_playback
                0x0000000000019ad8       0x7c modules/nordic/lib..__modules__hal__nordic.a(nrfx_pwm.c.obj)
                0x0000000000019ad8                nrfx_pwm_simple_playback
 .text.nrfx_pwm_is_stopped
                0x0000000000019b54       0x28 modules/nordic/lib..__modules__hal__nordic.a(nrfx_pwm.c.obj)
                0x0000000000019b54                nrfx_pwm_is_stopped
 .text.z_sys_init_run_level
                0x0000000000019b7c       0x2c zephyr/kernel/libkernel.a(device.c.obj)
                0x0000000000019b7c                z_sys_init_run_level
 .text.z_impl_device_get_binding
                0x0000000000019ba8       0x48 zephyr/kernel/libkernel.a(device.c.obj)
                0x0000000000019ba8                z_impl_device_get_binding
 .text.z_impl_z_errno
                0x0000000000019bf0        0xc zephyr/kernel/libkernel.a(errno.c.obj)
                0x0000000000019bf0                z_impl_z_errno
 .text.idle     0x0000000000019bfc       0x34 zephyr/kernel/libkernel.a(idle.c.obj)
                0x0000000000019bfc                idle
 .text.z_bss_zero
                0x0000000000019c30       0x14 zephyr/kernel/libkernel.a(init.c.obj)
                0x0000000000019c30                z_bss_zero
 .text.z_data_copy
                0x0000000000019c44       0x34 zephyr/kernel/libkernel.a(init.c.obj)
                0x0000000000019c44                z_data_copy
 .text.bg_thread_main
                0x0000000000019c78       0x50 zephyr/kernel/libkernel.a(init.c.obj)
 .text.z_cstart
                0x0000000000019cc8      0x100 zephyr/kernel/libkernel.a(init.c.obj)
                0x0000000000019cc8                z_cstart
 .text.z_reset_time_slice
                0x0000000000019dc8       0x2c zephyr/kernel/libkernel.a(sched.c.obj)
                0x0000000000019dc8                z_reset_time_slice
 .text.k_sched_time_slice_set
                0x0000000000019df4       0x58 zephyr/kernel/libkernel.a(sched.c.obj)
                0x0000000000019df4                k_sched_time_slice_set
 .text.k_sched_lock
                0x0000000000019e4c       0x28 zephyr/kernel/libkernel.a(sched.c.obj)
                0x0000000000019e4c                k_sched_lock
 .text.z_priq_dumb_remove
                0x0000000000019e74       0x2c zephyr/kernel/libkernel.a(sched.c.obj)
                0x0000000000019e74                z_priq_dumb_remove
 .text.update_cache
                0x0000000000019ea0       0x48 zephyr/kernel/libkernel.a(sched.c.obj)
 .text.k_sched_unlock
                0x0000000000019ee8       0x38 zephyr/kernel/libkernel.a(sched.c.obj)
                0x0000000000019ee8                k_sched_unlock
 .text.ready_thread
                0x0000000000019f20       0x68 zephyr/kernel/libkernel.a(sched.c.obj)
 .text.z_sched_start
                0x0000000000019f88       0x3c zephyr/kernel/libkernel.a(sched.c.obj)
                0x0000000000019f88                z_sched_start
 .text.z_move_thread_to_end_of_prio_q
                0x0000000000019fc4       0x8c zephyr/kernel/libkernel.a(sched.c.obj)
                0x0000000000019fc4                z_move_thread_to_end_of_prio_q
 .text.z_time_slice
                0x000000000001a050       0x6c zephyr/kernel/libkernel.a(sched.c.obj)
                0x000000000001a050                z_time_slice
 .text.z_impl_k_thread_suspend
                0x000000000001a0bc       0x68 zephyr/kernel/libkernel.a(sched.c.obj)
                0x000000000001a0bc                z_impl_k_thread_suspend
 .text.z_thread_single_abort
                0x000000000001a124       0xb8 zephyr/kernel/libkernel.a(sched.c.obj)
                0x000000000001a124                z_thread_single_abort
 .text.unready_thread
                0x000000000001a1dc       0x34 zephyr/kernel/libkernel.a(sched.c.obj)
 .text.z_tick_sleep.part.0
                0x000000000001a210       0x5c zephyr/kernel/libkernel.a(sched.c.obj)
 .text.pend     0x000000000001a26c       0x4c zephyr/kernel/libkernel.a(sched.c.obj)
 .text.z_pend_curr
                0x000000000001a2b8       0x28 zephyr/kernel/libkernel.a(sched.c.obj)
                0x000000000001a2b8                z_pend_curr
 .text.z_sched_init
                0x000000000001a2e0       0x18 zephyr/kernel/libkernel.a(sched.c.obj)
                0x000000000001a2e0                z_sched_init
 .text.z_impl_k_yield
                0x000000000001a2f8       0x9c zephyr/kernel/libkernel.a(sched.c.obj)
                0x000000000001a2f8                z_impl_k_yield
 .text.z_impl_k_sleep
                0x000000000001a394       0x40 zephyr/kernel/libkernel.a(sched.c.obj)
                0x000000000001a394                z_impl_k_sleep
 .text.z_impl_k_current_get
                0x000000000001a3d4        0xc zephyr/kernel/libkernel.a(sched.c.obj)
                0x000000000001a3d4                z_impl_k_current_get
 .text.z_impl_k_sem_give
                0x000000000001a3e0       0x40 zephyr/kernel/libkernel.a(sem.c.obj)
                0x000000000001a3e0                z_impl_k_sem_give
 .text.z_impl_k_sem_take
                0x000000000001a420       0x54 zephyr/kernel/libkernel.a(sem.c.obj)
                0x000000000001a420                z_impl_k_sem_take
 .text.z_setup_new_thread
                0x000000000001a474       0x4c zephyr/kernel/libkernel.a(thread.c.obj)
                0x000000000001a474                z_setup_new_thread
 .text.z_init_static_threads
                0x000000000001a4c0       0xc4 zephyr/kernel/libkernel.a(thread.c.obj)
                0x000000000001a4c0                z_init_static_threads
 .text.elapsed  0x000000000001a584       0x14 zephyr/kernel/libkernel.a(timeout.c.obj)
 .text.remove_timeout
                0x000000000001a598       0x28 zephyr/kernel/libkernel.a(timeout.c.obj)
 .text.next_timeout
                0x000000000001a5c0       0x38 zephyr/kernel/libkernel.a(timeout.c.obj)
 .text.z_add_timeout
                0x000000000001a5f8       0xf4 zephyr/kernel/libkernel.a(timeout.c.obj)
                0x000000000001a5f8                z_add_timeout
 .text.z_clock_announce
                0x000000000001a6ec       0xa8 zephyr/kernel/libkernel.a(timeout.c.obj)
                0x000000000001a6ec                z_clock_announce
 .text.z_tick_get
                0x000000000001a794       0x34 zephyr/kernel/libkernel.a(timeout.c.obj)
                0x000000000001a794                z_tick_get
 .text.statics_init
                0x000000000001a7c8       0x24 zephyr/kernel/libkernel.a(kheap.c.obj)
 .text._ZN6tflite18MicroErrorReporter6ReportEPKcSt9__va_list
                0x000000000001a7ec       0x2c /home/jolu/tensorflow/tensorflow/lite/micro/tools/make/gen/nrf9160dk_nrf9160ns_cortex-m33/lib/libtensorflow-microlite.a(micro_error_reporter.o)
                0x000000000001a7ec                tflite::MicroErrorReporter::Report(char const*, std::__va_list)
 .text._ZN6tflite12_GLOBAL__N_122OpNameFromRegistrationEPK18TfLiteRegistration
                0x000000000001a818       0x24 /home/jolu/tensorflow/tensorflow/lite/micro/tools/make/gen/nrf9160dk_nrf9160ns_cortex-m33/lib/libtensorflow-microlite.a(micro_interpreter.o)
 .text._ZN6tflite16MicroInterpreter4InitEPNS_8ProfilerE
                0x000000000001a83c       0x54 /home/jolu/tensorflow/tensorflow/lite/micro/tools/make/gen/nrf9160dk_nrf9160ns_cortex-m33/lib/libtensorflow-microlite.a(micro_interpreter.o)
                0x000000000001a83c                tflite::MicroInterpreter::Init(tflite::Profiler*)
 .text._ZNK11flatbuffers6VectorIiE3GetEj
                0x000000000001a890       0x2c /home/jolu/tensorflow/tensorflow/lite/micro/tools/make/gen/nrf9160dk_nrf9160ns_cortex-m33/lib/libtensorflow-microlite.a(micro_interpreter.o)
                0x000000000001a890                flatbuffers::Vector<int>::Get(unsigned int) const
 .text._ZN6tflite16MicroInterpreter5inputEj
                0x000000000001a8bc       0x38 /home/jolu/tensorflow/tensorflow/lite/micro/tools/make/gen/nrf9160dk_nrf9160ns_cortex-m33/lib/libtensorflow-microlite.a(micro_interpreter.o)
                0x000000000001a8bc                tflite::MicroInterpreter::input(unsigned int)
 .text._ZN6tflite16MicroInterpreter6outputEj
                0x000000000001a8f4       0x38 /home/jolu/tensorflow/tensorflow/lite/micro/tools/make/gen/nrf9160dk_nrf9160ns_cortex-m33/lib/libtensorflow-microlite.a(micro_interpreter.o)
                0x000000000001a8f4                tflite::MicroInterpreter::output(unsigned int)
 .text._ZN6tflite16MicroInterpreter15AllocateTensorsEv
                0x000000000001a92c       0xfc /home/jolu/tensorflow/tensorflow/lite/micro/tools/make/gen/nrf9160dk_nrf9160ns_cortex-m33/lib/libtensorflow-microlite.a(micro_interpreter.o)
                0x000000000001a92c                tflite::MicroInterpreter::AllocateTensors()
 .text._ZN6tflite16MicroInterpreter6InvokeEv
                0x000000000001aa28       0xdc /home/jolu/tensorflow/tensorflow/lite/micro/tools/make/gen/nrf9160dk_nrf9160ns_cortex-m33/lib/libtensorflow-microlite.a(micro_interpreter.o)
                0x000000000001aa28                tflite::MicroInterpreter::Invoke()
 .text.MicroVsnprintf
                0x000000000001ab04      0x274 /home/jolu/tensorflow/tensorflow/lite/micro/tools/make/gen/nrf9160dk_nrf9160ns_cortex-m33/lib/libtensorflow-microlite.a(micro_string.o)
                0x000000000001ab04                MicroVsnprintf
 .text._ZN6tflite29MultiplyByQuantizedMultiplierEiii
                0x000000000001ad78       0xb0 /home/jolu/tensorflow/tensorflow/lite/micro/tools/make/gen/nrf9160dk_nrf9160ns_cortex-m33/lib/libtensorflow-microlite.a(depthwise_conv.o)
                0x000000000001ad78                tflite::MultiplyByQuantizedMultiplier(int, int, int)
 .text._ZN6tflite13reference_ops13DepthwiseConvERKNS_15DepthwiseParamsERKNS_12RuntimeShapeEPKfS6_S8_S6_S8_S6_Pf
                0x000000000001ae28      0x240 /home/jolu/tensorflow/tensorflow/lite/micro/tools/make/gen/nrf9160dk_nrf9160ns_cortex-m33/lib/libtensorflow-microlite.a(depthwise_conv.o)
                0x000000000001ae28                tflite::reference_ops::DepthwiseConv(tflite::DepthwiseParams const&, tflite::RuntimeShape const&, float const*, tflite::RuntimeShape const&, float const*, tflite::RuntimeShape const&, float const*, tflite::RuntimeShape const&, float*)
 .text._ZN6tflite3ops5micro14depthwise_conv7PrepareEP13TfLiteContextP10TfLiteNode
                0x000000000001b068      0x258 /home/jolu/tensorflow/tensorflow/lite/micro/tools/make/gen/nrf9160dk_nrf9160ns_cortex-m33/lib/libtensorflow-microlite.a(depthwise_conv.o)
                0x000000000001b068                tflite::ops::micro::depthwise_conv::Prepare(TfLiteContext*, TfLiteNode*)
 .text._ZN6tflite3ops5micro26Register_DEPTHWISE_CONV_2DEv
                0x000000000001b2c0       0x1c /home/jolu/tensorflow/tensorflow/lite/micro/tools/make/gen/nrf9160dk_nrf9160ns_cortex-m33/lib/libtensorflow-microlite.a(depthwise_conv.o)
                0x000000000001b2c0                tflite::ops::micro::Register_DEPTHWISE_CONV_2D()
 .text._ZN6tflite3ops5micro14depthwise_conv4EvalEP13TfLiteContextP10TfLiteNode
                0x000000000001b2dc      0x2b8 /home/jolu/tensorflow/tensorflow/lite/micro/tools/make/gen/nrf9160dk_nrf9160ns_cortex-m33/lib/libtensorflow-microlite.a(depthwise_conv.o)
                0x000000000001b2dc                tflite::ops::micro::depthwise_conv::Eval(TfLiteContext*, TfLiteNode*)
 .text._ZN6tflite3ops5micro15fully_connected7PrepareEP13TfLiteContextP10TfLiteNode
                0x000000000001b594      0x108 /home/jolu/tensorflow/tensorflow/lite/micro/tools/make/gen/nrf9160dk_nrf9160ns_cortex-m33/lib/libtensorflow-microlite.a(fully_connected.o)
                0x000000000001b594                tflite::ops::micro::fully_connected::Prepare(TfLiteContext*, TfLiteNode*)
 .text._ZN6tflite3ops5micro15fully_connected9EvalFloatEP13TfLiteContextP10TfLiteNode21TfLiteFusedActivationPK12TfLiteTensorSA_SA_PS8_
                0x000000000001b69c      0x170 /home/jolu/tensorflow/tensorflow/lite/micro/tools/make/gen/nrf9160dk_nrf9160ns_cortex-m33/lib/libtensorflow-microlite.a(fully_connected.o)
                0x000000000001b69c                tflite::ops::micro::fully_connected::EvalFloat(TfLiteContext*, TfLiteNode*, TfLiteFusedActivation, TfLiteTensor const*, TfLiteTensor const*, TfLiteTensor const*, TfLiteTensor*)
 .text._ZN6tflite3ops5micro15fully_connected4EvalEP13TfLiteContextP10TfLiteNode
                0x000000000001b80c      0x2c0 /home/jolu/tensorflow/tensorflow/lite/micro/tools/make/gen/nrf9160dk_nrf9160ns_cortex-m33/lib/libtensorflow-microlite.a(fully_connected.o)
                0x000000000001b80c                tflite::ops::micro::fully_connected::Eval(TfLiteContext*, TfLiteNode*)
 .text._ZN6tflite3ops5micro24Register_FULLY_CONNECTEDEv
                0x000000000001bacc       0x1c /home/jolu/tensorflow/tensorflow/lite/micro/tools/make/gen/nrf9160dk_nrf9160ns_cortex-m33/lib/libtensorflow-microlite.a(fully_connected.o)
                0x000000000001bacc                tflite::ops::micro::Register_FULLY_CONNECTED()
 .text._ZN6tflite3ops5micro7reshape13ReshapeOutputEP13TfLiteContextP10TfLiteNode
                0x000000000001bae8      0x13c /home/jolu/tensorflow/tensorflow/lite/micro/tools/make/gen/nrf9160dk_nrf9160ns_cortex-m33/lib/libtensorflow-microlite.a(reshape.o)
                0x000000000001bae8                tflite::ops::micro::reshape::ReshapeOutput(TfLiteContext*, TfLiteNode*)
 .text._ZN6tflite3ops5micro7reshape7PrepareEP13TfLiteContextP10TfLiteNode
                0x000000000001bc24       0x98 /home/jolu/tensorflow/tensorflow/lite/micro/tools/make/gen/nrf9160dk_nrf9160ns_cortex-m33/lib/libtensorflow-microlite.a(reshape.o)
                0x000000000001bc24                tflite::ops::micro::reshape::Prepare(TfLiteContext*, TfLiteNode*)
 .text._ZN6tflite3ops5micro16Register_RESHAPEEv
                0x000000000001bcbc       0x1c /home/jolu/tensorflow/tensorflow/lite/micro/tools/make/gen/nrf9160dk_nrf9160ns_cortex-m33/lib/libtensorflow-microlite.a(reshape.o)
                0x000000000001bcbc                tflite::ops::micro::Register_RESHAPE()
 .text._ZN6tflite3ops5micro11activations14SoftmaxPrepareEP13TfLiteContextP10TfLiteNode
                0x000000000001bcd8       0x8c /home/jolu/tensorflow/tensorflow/lite/micro/tools/make/gen/nrf9160dk_nrf9160ns_cortex-m33/lib/libtensorflow-microlite.a(softmax.o)
                0x000000000001bcd8                tflite::ops::micro::activations::SoftmaxPrepare(TfLiteContext*, TfLiteNode*)
 .text._ZN8gemmlowp33SaturatingRoundingDoublingHighMulIiEET_S1_S1_
                0x000000000001bd64       0x54 /home/jolu/tensorflow/tensorflow/lite/micro/tools/make/gen/nrf9160dk_nrf9160ns_cortex-m33/lib/libtensorflow-microlite.a(softmax.o)
                0x000000000001bd64                int gemmlowp::SaturatingRoundingDoublingHighMul<int>(int, int)
 .text._ZN6tflite13reference_ops7SoftmaxERKNS_13SoftmaxParamsERKNS_12RuntimeShapeEPKfS6_Pf
                0x000000000001bdb8      0x11c /home/jolu/tensorflow/tensorflow/lite/micro/tools/make/gen/nrf9160dk_nrf9160ns_cortex-m33/lib/libtensorflow-microlite.a(softmax.o)
                0x000000000001bdb8                tflite::reference_ops::Softmax(tflite::SoftmaxParams const&, tflite::RuntimeShape const&, float const*, tflite::RuntimeShape const&, float*)
 .text._ZN6tflite3ops5micro16Register_SOFTMAXEv
                0x000000000001bed4       0x1c /home/jolu/tensorflow/tensorflow/lite/micro/tools/make/gen/nrf9160dk_nrf9160ns_cortex-m33/lib/libtensorflow-microlite.a(softmax.o)
                0x000000000001bed4                tflite::ops::micro::Register_SOFTMAX()
 .text._ZN8gemmlowp19RoundingDivideByPOTIiEET_S1_i
                0x000000000001bef0       0x4c /home/jolu/tensorflow/tensorflow/lite/micro/tools/make/gen/nrf9160dk_nrf9160ns_cortex-m33/lib/libtensorflow-microlite.a(softmax.o)
                0x000000000001bef0                int gemmlowp::RoundingDivideByPOT<int>(int, int)
 .text._ZN8gemmlowp32one_over_one_plus_x_for_x_in_0_1IiEENS_10FixedPointIT_Li0EEES3_
                0x000000000001bf3c      0x12c /home/jolu/tensorflow/tensorflow/lite/micro/tools/make/gen/nrf9160dk_nrf9160ns_cortex-m33/lib/libtensorflow-microlite.a(softmax.o)
                0x000000000001bf3c                gemmlowp::FixedPoint<int, 0> gemmlowp::one_over_one_plus_x_for_x_in_0_1<int>(gemmlowp::FixedPoint<int, 0>)
 .text._ZN8gemmlowp55exp_on_interval_between_negative_one_quarter_and_0_exclIiEENS_10FixedPointIT_Li0EEES3_
                0x000000000001c068       0x60 /home/jolu/tensorflow/tensorflow/lite/micro/tools/make/gen/nrf9160dk_nrf9160ns_cortex-m33/lib/libtensorflow-microlite.a(softmax.o)
                0x000000000001c068                gemmlowp::FixedPoint<int, 0> gemmlowp::exp_on_interval_between_negative_one_quarter_and_0_excl<int>(gemmlowp::FixedPoint<int, 0>)
 .text._ZN8gemmlowp22exp_on_negative_valuesIiLi5EEENS_10FixedPointIT_Li0EEENS1_IS2_XT0_EEE
                0x000000000001c0c8      0x134 /home/jolu/tensorflow/tensorflow/lite/micro/tools/make/gen/nrf9160dk_nrf9160ns_cortex-m33/lib/libtensorflow-microlite.a(softmax.o)
                0x000000000001c0c8                gemmlowp::FixedPoint<int, 0> gemmlowp::exp_on_negative_values<int, 5>(gemmlowp::FixedPoint<int, 5>)
 .text._ZN6tflite13reference_ops7SoftmaxIasEEvRKNS_13SoftmaxParamsERKNS_12RuntimeShapeEPKT_S7_PT0_
                0x000000000001c1fc      0x144 /home/jolu/tensorflow/tensorflow/lite/micro/tools/make/gen/nrf9160dk_nrf9160ns_cortex-m33/lib/libtensorflow-microlite.a(softmax.o)
                0x000000000001c1fc                void tflite::reference_ops::Softmax<signed char, short>(tflite::SoftmaxParams const&, tflite::RuntimeShape const&, signed char const*, tflite::RuntimeShape const&, short*)
 .text._ZN6tflite3ops5micro11activations11SoftmaxEvalEP13TfLiteContextP10TfLiteNode
                0x000000000001c340      0x240 /home/jolu/tensorflow/tensorflow/lite/micro/tools/make/gen/nrf9160dk_nrf9160ns_cortex-m33/lib/libtensorflow-microlite.a(softmax.o)
                0x000000000001c340                tflite::ops::micro::activations::SoftmaxEval(TfLiteContext*, TfLiteNode*)
 .text._ZN6tflite12_GLOBAL__N_126FlatBufferIntVectorToArrayEiPKN11flatbuffers6VectorIiEEPiPNS_13ErrorReporterEPKc.constprop.0
                0x000000000001c580       0x60 /home/jolu/tensorflow/tensorflow/lite/micro/tools/make/gen/nrf9160dk_nrf9160ns_cortex-m33/lib/libtensorflow-microlite.a(flatbuffer_conversions.o)
 .text._ZN6tflite17ConvertTensorTypeENS_10TensorTypeEP10TfLiteTypePNS_13ErrorReporterE
                0x000000000001c5e0       0x64 /home/jolu/tensorflow/tensorflow/lite/micro/tools/make/gen/nrf9160dk_nrf9160ns_cortex-m33/lib/libtensorflow-microlite.a(flatbuffer_conversions.o)
                0x000000000001c5e0                tflite::ConvertTensorType(tflite::TensorType, TfLiteType*, tflite::ErrorReporter*)
 .text._ZN6tflite12ParseReshapeEPKNS_8OperatorEPNS_13ErrorReporterEPNS_20BuiltinDataAllocatorEPPv
                0x000000000001c644       0xa0 /home/jolu/tensorflow/tensorflow/lite/micro/tools/make/gen/nrf9160dk_nrf9160ns_cortex-m33/lib/libtensorflow-microlite.a(flatbuffer_conversions.o)
                0x000000000001c644                tflite::ParseReshape(tflite::Operator const*, tflite::ErrorReporter*, tflite::BuiltinDataAllocator*, void**)
 .text._ZN6tflite20ParseDepthwiseConv2DEPKNS_8OperatorEPNS_13ErrorReporterEPNS_20BuiltinDataAllocatorEPPv
                0x000000000001c6e4       0xc4 /home/jolu/tensorflow/tensorflow/lite/micro/tools/make/gen/nrf9160dk_nrf9160ns_cortex-m33/lib/libtensorflow-microlite.a(flatbuffer_conversions.o)
                0x000000000001c6e4                tflite::ParseDepthwiseConv2D(tflite::Operator const*, tflite::ErrorReporter*, tflite::BuiltinDataAllocator*, void**)
 .text._ZN6tflite19ParseFullyConnectedEPKNS_8OperatorEPNS_13ErrorReporterEPNS_20BuiltinDataAllocatorEPPv
                0x000000000001c7a8       0xc8 /home/jolu/tensorflow/tensorflow/lite/micro/tools/make/gen/nrf9160dk_nrf9160ns_cortex-m33/lib/libtensorflow-microlite.a(flatbuffer_conversions.o)
                0x000000000001c7a8                tflite::ParseFullyConnected(tflite::Operator const*, tflite::ErrorReporter*, tflite::BuiltinDataAllocator*, void**)
 .text._ZN6tflite12ParseSoftmaxEPKNS_8OperatorEPNS_13ErrorReporterEPNS_20BuiltinDataAllocatorEPPv
                0x000000000001c870       0x68 /home/jolu/tensorflow/tensorflow/lite/micro/tools/make/gen/nrf9160dk_nrf9160ns_cortex-m33/lib/libtensorflow-microlite.a(flatbuffer_conversions.o)
                0x000000000001c870                tflite::ParseSoftmax(tflite::Operator const*, tflite::ErrorReporter*, tflite::BuiltinDataAllocator*, void**)
 .text._ZN6tflite18QuantizeMultiplierEdPiS0_
                0x000000000001c8d8       0x74 /home/jolu/tensorflow/tensorflow/lite/micro/tools/make/gen/nrf9160dk_nrf9160ns_cortex-m33/lib/libtensorflow-microlite.a(quantization_util.o)
                0x000000000001c8d8                tflite::QuantizeMultiplier(double, int*, int*)
 .text._ZN6tflite32QuantizeMultiplierGreaterThanOneEdPiS0_
                0x000000000001c94c       0x30 /home/jolu/tensorflow/tensorflow/lite/micro/tools/make/gen/nrf9160dk_nrf9160ns_cortex-m33/lib/libtensorflow-microlite.a(quantization_util.o)
                0x000000000001c94c                tflite::QuantizeMultiplierGreaterThanOne(double, int*, int*)
 .text._ZN6tflite32GetQuantizedConvolutionMultiplerEP13TfLiteContextPK12TfLiteTensorS4_PS2_Pd
                0x000000000001c97c       0x64 /home/jolu/tensorflow/tensorflow/lite/micro/tools/make/gen/nrf9160dk_nrf9160ns_cortex-m33/lib/libtensorflow-microlite.a(kernel_util.o)
                0x000000000001c97c                tflite::GetQuantizedConvolutionMultipler(TfLiteContext*, TfLiteTensor const*, TfLiteTensor const*, TfLiteTensor*, double*)
 .text._ZN6tflite33CalculateActivationRangeQuantizedEP13TfLiteContext21TfLiteFusedActivationP12TfLiteTensorPiS5_
                0x000000000001c9e0       0xc0 /home/jolu/tensorflow/tensorflow/lite/micro/tools/make/gen/nrf9160dk_nrf9160ns_cortex-m33/lib/libtensorflow-microlite.a(kernel_util.o)
                0x000000000001c9e0                tflite::CalculateActivationRangeQuantized(TfLiteContext*, TfLiteFusedActivation, TfLiteTensor*, int*, int*)
 .text._ZN6tflite37PopulateConvolutionQuantizationParamsEP13TfLiteContextPK12TfLiteTensorS4_S4_PS2_RK21TfLiteFusedActivationPiS9_S9_S9_S9_S9_i
                0x000000000001caa0      0x22c /home/jolu/tensorflow/tensorflow/lite/micro/tools/make/gen/nrf9160dk_nrf9160ns_cortex-m33/lib/libtensorflow-microlite.a(kernel_util.o)
                0x000000000001caa0                tflite::PopulateConvolutionQuantizationParams(TfLiteContext*, TfLiteTensor const*, TfLiteTensor const*, TfLiteTensor const*, TfLiteTensor*, TfLiteFusedActivation const&, int*, int*, int*, int*, int*, int*, int)
 .text.DebugLog
                0x000000000001cccc       0x18 /home/jolu/tensorflow/tensorflow/lite/micro/tools/make/gen/nrf9160dk_nrf9160ns_cortex-m33/lib/libtensorflow-microlite.a(debug_log.o)
                0x000000000001cccc                DebugLog
 .text._ZN6tflite14MicroAllocator6CreateEPNS_21SimpleMemoryAllocatorEPNS_13ErrorReporterE
                0x000000000001cce4       0x34 /home/jolu/tensorflow/tensorflow/lite/micro/tools/make/gen/nrf9160dk_nrf9160ns_cortex-m33/lib/libtensorflow-microlite.a(micro_allocator.o)
                0x000000000001cce4                tflite::MicroAllocator::Create(tflite::SimpleMemoryAllocator*, tflite::ErrorReporter*)
 .text._ZN6tflite14MicroAllocator6CreateEPhjPNS_13ErrorReporterE
                0x000000000001cd18       0x38 /home/jolu/tensorflow/tensorflow/lite/micro/tools/make/gen/nrf9160dk_nrf9160ns_cortex-m33/lib/libtensorflow-microlite.a(micro_allocator.o)
                0x000000000001cd18                tflite::MicroAllocator::Create(unsigned char*, unsigned int, tflite::ErrorReporter*)
 .text._ZN6tflite14MicroAllocator24AllocatePersistentBufferEjPPv
                0x000000000001cd50       0x2c /home/jolu/tensorflow/tensorflow/lite/micro/tools/make/gen/nrf9160dk_nrf9160ns_cortex-m33/lib/libtensorflow-microlite.a(micro_allocator.o)
                0x000000000001cd50                tflite::MicroAllocator::AllocatePersistentBuffer(unsigned int, void**)
 .text._ZN6tflite14MicroAllocator27RequestScratchBufferInArenaEijPi
                0x000000000001cd7c       0x64 /home/jolu/tensorflow/tensorflow/lite/micro/tools/make/gen/nrf9160dk_nrf9160ns_cortex-m33/lib/libtensorflow-microlite.a(micro_allocator.o)
                0x000000000001cd7c                tflite::MicroAllocator::RequestScratchBufferInArena(int, unsigned int, int*)
 .text._ZNK6tflite14MicroAllocator16GetScratchBufferEi
                0x000000000001cde0       0x2c /home/jolu/tensorflow/tensorflow/lite/micro/tools/make/gen/nrf9160dk_nrf9160ns_cortex-m33/lib/libtensorflow-microlite.a(micro_allocator.o)
                0x000000000001cde0                tflite::MicroAllocator::GetScratchBuffer(int) const
 .text._ZN6tflite14MicroAllocator20GetSubGraphFromModelEPKNS_5ModelE
                0x000000000001ce0c       0x38 /home/jolu/tensorflow/tensorflow/lite/micro/tools/make/gen/nrf9160dk_nrf9160ns_cortex-m33/lib/libtensorflow-microlite.a(micro_allocator.o)
                0x000000000001ce0c                tflite::MicroAllocator::GetSubGraphFromModel(tflite::Model const*)
 .text._ZN6tflite14MicroAllocator20StartModelAllocationEPKNS_5ModelEP13TfLiteContextRKNS_15MicroOpResolverEPPNS_19NodeAndRegistrationE
                0x000000000001ce44       0x90 /home/jolu/tensorflow/tensorflow/lite/micro/tools/make/gen/nrf9160dk_nrf9160ns_cortex-m33/lib/libtensorflow-microlite.a(micro_allocator.o)
                0x000000000001ce44                tflite::MicroAllocator::StartModelAllocation(tflite::Model const*, TfLiteContext*, tflite::MicroOpResolver const&, tflite::NodeAndRegistration**)
 .text._ZN6tflite14MicroAllocator21FinishModelAllocationEPKNS_5ModelEP13TfLiteContext
                0x000000000001ced4       0x54 /home/jolu/tensorflow/tensorflow/lite/micro/tools/make/gen/nrf9160dk_nrf9160ns_cortex-m33/lib/libtensorflow-microlite.a(micro_allocator.o)
                0x000000000001ced4                tflite::MicroAllocator::FinishModelAllocation(tflite::Model const*, TfLiteContext*)
 .text._ZNK11flatbuffers6VectorIxE3GetEj
                0x000000000001cf28       0x2c /home/jolu/tensorflow/tensorflow/lite/micro/tools/make/gen/nrf9160dk_nrf9160ns_cortex-m33/lib/libtensorflow-microlite.a(micro_allocator.o)
                0x000000000001cf28                flatbuffers::Vector<long long>::Get(unsigned int) const
 .text._ZNK11flatbuffers6VectorINS_6OffsetIN6tflite6TensorEEEE3GetEj
                0x000000000001cf54       0x30 /home/jolu/tensorflow/tensorflow/lite/micro/tools/make/gen/nrf9160dk_nrf9160ns_cortex-m33/lib/libtensorflow-microlite.a(micro_allocator.o)
                0x000000000001cf54                flatbuffers::Vector<flatbuffers::Offset<tflite::Tensor> >::Get(unsigned int) const
 .text._ZNK11flatbuffers6VectorINS_6OffsetIN6tflite8OperatorEEEE3GetEj
                0x000000000001cf84       0x30 /home/jolu/tensorflow/tensorflow/lite/micro/tools/make/gen/nrf9160dk_nrf9160ns_cortex-m33/lib/libtensorflow-microlite.a(micro_allocator.o)
                0x000000000001cf84                flatbuffers::Vector<flatbuffers::Offset<tflite::Operator> >::Get(unsigned int) const
 .text._ZNK11flatbuffers6VectorINS_6OffsetIN6tflite6BufferEEEE3GetEj
                0x000000000001cfb4       0x30 /home/jolu/tensorflow/tensorflow/lite/micro/tools/make/gen/nrf9160dk_nrf9160ns_cortex-m33/lib/libtensorflow-microlite.a(micro_allocator.o)
                0x000000000001cfb4                flatbuffers::Vector<flatbuffers::Offset<tflite::Buffer> >::Get(unsigned int) const
 .text._ZN6tflite8internal36InitializeTfLiteTensorFromFlatbufferEPNS_21SimpleMemoryAllocatorERKNS_6TensorEPKN11flatbuffers6VectorINS6_6OffsetINS_6BufferEEEEEPNS_13ErrorReporterEP12TfLiteTensor
                0x000000000001cfe4      0x190 /home/jolu/tensorflow/tensorflow/lite/micro/tools/make/gen/nrf9160dk_nrf9160ns_cortex-m33/lib/libtensorflow-microlite.a(micro_allocator.o)
                0x000000000001cfe4                tflite::internal::InitializeTfLiteTensorFromFlatbuffer(tflite::SimpleMemoryAllocator*, tflite::Tensor const&, flatbuffers::Vector<flatbuffers::Offset<tflite::Buffer> > const*, tflite::ErrorReporter*, TfLiteTensor*)
 .text._ZN6tflite14MicroAllocator39PopulateTfLiteTensorArrayFromFlatbufferEPKNS_5ModelEP13TfLiteContextPKNS_8SubGraphE
                0x000000000001d174       0x70 /home/jolu/tensorflow/tensorflow/lite/micro/tools/make/gen/nrf9160dk_nrf9160ns_cortex-m33/lib/libtensorflow-microlite.a(micro_allocator.o)
                0x000000000001d174                tflite::MicroAllocator::PopulateTfLiteTensorArrayFromFlatbuffer(tflite::Model const*, TfLiteContext*, tflite::SubGraph const*)
 .text._ZN6tflite14MicroAllocator17AllocateVariablesEP13TfLiteContextPKNS_8SubGraphE
                0x000000000001d1e4       0x68 /home/jolu/tensorflow/tensorflow/lite/micro/tools/make/gen/nrf9160dk_nrf9160ns_cortex-m33/lib/libtensorflow-microlite.a(micro_allocator.o)
                0x000000000001d1e4                tflite::MicroAllocator::AllocateVariables(TfLiteContext*, tflite::SubGraph const*)
 .text._ZN6tflite14MicroAllocator25AllocateTfLiteTensorArrayEP13TfLiteContextPKNS_8SubGraphE
                0x000000000001d24c       0x3c /home/jolu/tensorflow/tensorflow/lite/micro/tools/make/gen/nrf9160dk_nrf9160ns_cortex-m33/lib/libtensorflow-microlite.a(micro_allocator.o)
                0x000000000001d24c                tflite::MicroAllocator::AllocateTfLiteTensorArray(TfLiteContext*, tflite::SubGraph const*)
 .text._ZN6tflite14MicroAllocator44PrepareNodeAndRegistrationDataFromFlatbufferEPKNS_5ModelEPKNS_8SubGraphERKNS_15MicroOpResolverEPNS_19NodeAndRegistrationE
                0x000000000001d288      0x1c4 /home/jolu/tensorflow/tensorflow/lite/micro/tools/make/gen/nrf9160dk_nrf9160ns_cortex-m33/lib/libtensorflow-microlite.a(micro_allocator.o)
                0x000000000001d288                tflite::MicroAllocator::PrepareNodeAndRegistrationDataFromFlatbuffer(tflite::Model const*, tflite::SubGraph const*, tflite::MicroOpResolver const&, tflite::NodeAndRegistration*)
 .text._ZN6tflite14MicroAllocator28AllocateNodeAndRegistrationsEPKNS_8SubGraphEPPNS_19NodeAndRegistrationE
                0x000000000001d44c       0x38 /home/jolu/tensorflow/tensorflow/lite/micro/tools/make/gen/nrf9160dk_nrf9160ns_cortex-m33/lib/libtensorflow-microlite.a(micro_allocator.o)
                0x000000000001d44c                tflite::MicroAllocator::AllocateNodeAndRegistrations(tflite::SubGraph const*, tflite::NodeAndRegistration**)
 .text._ZN6tflite14MicroAllocator22CommitStaticMemoryPlanEPKNS_5ModelEP13TfLiteContextPKNS_8SubGraphE
                0x000000000001d484      0x478 /home/jolu/tensorflow/tensorflow/lite/micro/tools/make/gen/nrf9160dk_nrf9160ns_cortex-m33/lib/libtensorflow-microlite.a(micro_allocator.o)
                0x000000000001d484                tflite::MicroAllocator::CommitStaticMemoryPlan(tflite::Model const*, TfLiteContext*, tflite::SubGraph const*)
 .text._ZN6tflite21SimpleMemoryAllocator16AllocateFromHeadEjj
                0x000000000001d8fc       0x34 /home/jolu/tensorflow/tensorflow/lite/micro/tools/make/gen/nrf9160dk_nrf9160ns_cortex-m33/lib/libtensorflow-microlite.a(simple_memory_allocator.o)
                0x000000000001d8fc                tflite::SimpleMemoryAllocator::AllocateFromHead(unsigned int, unsigned int)
 .text._ZN6tflite21SimpleMemoryAllocator16AllocateFromTailEjj
                0x000000000001d930       0x34 /home/jolu/tensorflow/tensorflow/lite/micro/tools/make/gen/nrf9160dk_nrf9160ns_cortex-m33/lib/libtensorflow-microlite.a(simple_memory_allocator.o)
                0x000000000001d930                tflite::SimpleMemoryAllocator::AllocateFromTail(unsigned int, unsigned int)
 .text._ZN6tflite21SimpleMemoryAllocatorC2EPNS_13ErrorReporterEPhS3_
                0x000000000001d964       0x18 /home/jolu/tensorflow/tensorflow/lite/micro/tools/make/gen/nrf9160dk_nrf9160ns_cortex-m33/lib/libtensorflow-microlite.a(simple_memory_allocator.o)
                0x000000000001d964                tflite::SimpleMemoryAllocator::SimpleMemoryAllocator(tflite::ErrorReporter*, unsigned char*, unsigned char*)
                0x000000000001d964                tflite::SimpleMemoryAllocator::SimpleMemoryAllocator(tflite::ErrorReporter*, unsigned char*, unsigned char*)
 .text._ZN6tflite21SimpleMemoryAllocator6CreateEPNS_13ErrorReporterEPhj
                0x000000000001d97c       0x48 /home/jolu/tensorflow/tensorflow/lite/micro/tools/make/gen/nrf9160dk_nrf9160ns_cortex-m33/lib/libtensorflow-microlite.a(simple_memory_allocator.o)
                0x000000000001d97c                tflite::SimpleMemoryAllocator::Create(tflite::ErrorReporter*, unsigned char*, unsigned int)
 .text._ZN6tflite19GreedyMemoryPlanner9AddBufferEPNS_13ErrorReporterEiii
                0x000000000001d9c4       0x44 /home/jolu/tensorflow/tensorflow/lite/micro/tools/make/gen/nrf9160dk_nrf9160ns_cortex-m33/lib/libtensorflow-microlite.a(greedy_memory_planner.o)
                0x000000000001d9c4                tflite::GreedyMemoryPlanner::AddBuffer(tflite::ErrorReporter*, int, int, int)
 .text._ZN6tflite19GreedyMemoryPlannerC2EPhi
                0x000000000001da08       0x3c /home/jolu/tensorflow/tensorflow/lite/micro/tools/make/gen/nrf9160dk_nrf9160ns_cortex-m33/lib/libtensorflow-microlite.a(greedy_memory_planner.o)
                0x000000000001da08                tflite::GreedyMemoryPlanner::GreedyMemoryPlanner(unsigned char*, int)
                0x000000000001da08                tflite::GreedyMemoryPlanner::GreedyMemoryPlanner(unsigned char*, int)
 .text._ZN6tflite19GreedyMemoryPlanner18GetOffsetForBufferEPNS_13ErrorReporterEiPi
                0x000000000001da44       0x38 /home/jolu/tensorflow/tensorflow/lite/micro/tools/make/gen/nrf9160dk_nrf9160ns_cortex-m33/lib/libtensorflow-microlite.a(greedy_memory_planner.o)
                0x000000000001da44                tflite::GreedyMemoryPlanner::GetOffsetForBuffer(tflite::ErrorReporter*, int, int*)
 .text._ZN6tflite25GetRegistrationFromOpCodeEPKNS_12OperatorCodeERKNS_10OpResolverEPNS_13ErrorReporterEPPK18TfLiteRegistration
                0x000000000001da7c       0xb4 /home/jolu/tensorflow/tensorflow/lite/micro/tools/make/gen/nrf9160dk_nrf9160ns_cortex-m33/lib/libtensorflow-microlite.a(op_resolver.o)
                0x000000000001da7c                tflite::GetRegistrationFromOpCode(tflite::OperatorCode const*, tflite::OpResolver const&, tflite::ErrorReporter*, TfLiteRegistration const**)
 .text.FftPopulateState
                0x000000000001db30       0xc0 /home/jolu/tensorflow/tensorflow/lite/micro/tools/make/gen/nrf9160dk_nrf9160ns_cortex-m33/lib/libtensorflow-microlite.a(fft_util.o)
                0x000000000001db30                FftPopulateState
 .text.__cxa_guard_acquire
                0x000000000001dbf0       0x38 /home/jolu/zephyr-sdk/arm-zephyr-eabi/arm-zephyr-eabi/lib/thumb/v8-m.main+fp/softfp/libstdc++_nano.a(guard.o)
                0x000000000001dbf0                __cxa_guard_acquire
 .text._ZN9__gnu_cxx20recursive_init_errorD2Ev
                0x000000000001dc28       0x14 /home/jolu/zephyr-sdk/arm-zephyr-eabi/arm-zephyr-eabi/lib/thumb/v8-m.main+fp/softfp/libstdc++_nano.a(guard_error.o)
                0x000000000001dc28                __gnu_cxx::recursive_init_error::~recursive_init_error()
                0x000000000001dc28                __gnu_cxx::recursive_init_error::~recursive_init_error()
 .text._ZN9__gnu_cxx20recursive_init_errorC2Ev
                0x000000000001dc3c        0xc /home/jolu/zephyr-sdk/arm-zephyr-eabi/arm-zephyr-eabi/lib/thumb/v8-m.main+fp/softfp/libstdc++_nano.a(guard_error.o)
                0x000000000001dc3c                __gnu_cxx::recursive_init_error::recursive_init_error()
                0x000000000001dc3c                __gnu_cxx::recursive_init_error::recursive_init_error()
 .text._ZN10__cxxabiv120__si_class_type_infoD2Ev
                0x000000000001dc48       0x14 /home/jolu/zephyr-sdk/arm-zephyr-eabi/arm-zephyr-eabi/lib/thumb/v8-m.main+fp/softfp/libstdc++_nano.a(si_class_type_info.o)
                0x000000000001dc48                __cxxabiv1::__si_class_type_info::~__si_class_type_info()
                0x000000000001dc48                __cxxabiv1::__si_class_type_info::~__si_class_type_info()
 .text._ZN10__cxxabiv117__class_type_infoD2Ev
                0x000000000001dc5c       0x14 /home/jolu/zephyr-sdk/arm-zephyr-eabi/arm-zephyr-eabi/lib/thumb/v8-m.main+fp/softfp/libstdc++_nano.a(class_type_info.o)
                0x000000000001dc5c                __cxxabiv1::__class_type_info::~__class_type_info()
                0x000000000001dc5c                __cxxabiv1::__class_type_info::~__class_type_info()
 .text._ZN12_GLOBAL__N_14pool4freeEPv.constprop.0
                0x000000000001dc70       0x70 /home/jolu/zephyr-sdk/arm-zephyr-eabi/arm-zephyr-eabi/lib/thumb/v8-m.main+fp/softfp/libstdc++_nano.a(eh_alloc.o)
 .text._ZN12_GLOBAL__N_14pool8allocateEj.constprop.0
                0x000000000001dce0       0x48 /home/jolu/zephyr-sdk/arm-zephyr-eabi/arm-zephyr-eabi/lib/thumb/v8-m.main+fp/softfp/libstdc++_nano.a(eh_alloc.o)
 .text.__cxa_free_exception
                0x000000000001dd28       0x20 /home/jolu/zephyr-sdk/arm-zephyr-eabi/arm-zephyr-eabi/lib/thumb/v8-m.main+fp/softfp/libstdc++_nano.a(eh_alloc.o)
                0x000000000001dd28                __cxa_free_exception
 .text.startup._GLOBAL__sub_I__ZN9__gnu_cxx9__freeresEv
                0x000000000001dd48       0x28 /home/jolu/zephyr-sdk/arm-zephyr-eabi/arm-zephyr-eabi/lib/thumb/v8-m.main+fp/softfp/libstdc++_nano.a(eh_alloc.o)
 .text._ZNKSt9exception4whatEv
                0x000000000001dd70        0x8 /home/jolu/zephyr-sdk/arm-zephyr-eabi/arm-zephyr-eabi/lib/thumb/v8-m.main+fp/softfp/libstdc++_nano.a(eh_exception.o)
                0x000000000001dd70                transaction clone for std::exception::what() const
                0x000000000001dd70                std::exception::what() const
 .text._ZNKSt13bad_exception4whatEv
                0x000000000001dd78        0x8 /home/jolu/zephyr-sdk/arm-zephyr-eabi/arm-zephyr-eabi/lib/thumb/v8-m.main+fp/softfp/libstdc++_nano.a(eh_exception.o)
                0x000000000001dd78                transaction clone for std::bad_exception::what() const
                0x000000000001dd78                std::bad_exception::what() const
 .text._ZSt13get_terminatev
                0x000000000001dd80        0xc /home/jolu/zephyr-sdk/arm-zephyr-eabi/arm-zephyr-eabi/lib/thumb/v8-m.main+fp/softfp/libstdc++_nano.a(eh_terminate.o)
                0x000000000001dd80                std::get_terminate()
 .text._ZSt14get_unexpectedv
                0x000000000001dd8c        0xc /home/jolu/zephyr-sdk/arm-zephyr-eabi/arm-zephyr-eabi/lib/thumb/v8-m.main+fp/softfp/libstdc++_nano.a(eh_terminate.o)
                0x000000000001dd8c                std::get_unexpected()
 .text.__cxa_init_primary_exception
                0x000000000001dd98       0x58 /home/jolu/zephyr-sdk/arm-zephyr-eabi/arm-zephyr-eabi/lib/thumb/v8-m.main+fp/softfp/libstdc++_nano.a(eh_throw.o)
                0x000000000001dd98                __cxa_init_primary_exception
 .text._Znwj    0x000000000001ddf0       0x3c /home/jolu/zephyr-sdk/arm-zephyr-eabi/arm-zephyr-eabi/lib/thumb/v8-m.main+fp/softfp/libstdc++_nano.a(new_op.o)
                0x000000000001ddf0                operator new(unsigned int)
 .text._ZNKSt9bad_alloc4whatEv
                0x000000000001de2c        0x8 /home/jolu/zephyr-sdk/arm-zephyr-eabi/arm-zephyr-eabi/lib/thumb/v8-m.main+fp/softfp/libstdc++_nano.a(bad_alloc.o)
                0x000000000001de2c                std::bad_alloc::what() const
 .text._ZNSt9bad_allocD2Ev
                0x000000000001de34       0x14 /home/jolu/zephyr-sdk/arm-zephyr-eabi/arm-zephyr-eabi/lib/thumb/v8-m.main+fp/softfp/libstdc++_nano.a(bad_alloc.o)
                0x000000000001de34                std::bad_alloc::~bad_alloc()
                0x000000000001de34                std::bad_alloc::~bad_alloc()
 .text.__cxa_type_match
                0x000000000001de48       0xbc /home/jolu/zephyr-sdk/arm-zephyr-eabi/arm-zephyr-eabi/lib/thumb/v8-m.main+fp/softfp/libstdc++_nano.a(eh_arm.o)
                0x000000000001de48                __cxa_type_match
 .text.unlikely.__cxa_call_unexpected
                0x000000000001df04       0xf0 /home/jolu/zephyr-sdk/arm-zephyr-eabi/arm-zephyr-eabi/lib/thumb/v8-m.main+fp/softfp/libstdc++_nano.a(eh_call.o)
                0x000000000001df04                __cxa_call_unexpected
 .text.__cxa_get_globals_fast
                0x000000000001dff4        0x8 /home/jolu/zephyr-sdk/arm-zephyr-eabi/arm-zephyr-eabi/lib/thumb/v8-m.main+fp/softfp/libstdc++_nano.a(eh_globals.o)
                0x000000000001dff4                __cxa_get_globals_fast
 .text.__cxa_get_globals
                0x000000000001dffc        0x8 /home/jolu/zephyr-sdk/arm-zephyr-eabi/arm-zephyr-eabi/lib/thumb/v8-m.main+fp/softfp/libstdc++_nano.a(eh_globals.o)
                0x000000000001dffc                __cxa_get_globals
 .text.__gxx_personality_v0
                0x000000000001e004      0x348 /home/jolu/zephyr-sdk/arm-zephyr-eabi/arm-zephyr-eabi/lib/thumb/v8-m.main+fp/softfp/libstdc++_nano.a(eh_personality.o)
                0x000000000001e004                __gxx_personality_v0
 .text._ZSt15get_new_handlerv
                0x000000000001e34c        0xc /home/jolu/zephyr-sdk/arm-zephyr-eabi/arm-zephyr-eabi/lib/thumb/v8-m.main+fp/softfp/libstdc++_nano.a(new_handler.o)
                0x000000000001e34c                std::get_new_handler()
 .text._ZN9__gnu_cxx27__verbose_terminate_handlerEv
                0x000000000001e358       0xe8 /home/jolu/zephyr-sdk/arm-zephyr-eabi/arm-zephyr-eabi/lib/thumb/v8-m.main+fp/softfp/libstdc++_nano.a(vterminate.o)
                0x000000000001e358                __gnu_cxx::__verbose_terminate_handler()
 .text.cos      0x000000000001e440       0xfc /home/jolu/zephyr-sdk/arm-zephyr-eabi/arm-zephyr-eabi/lib/thumb/v8-m.main+fp/softfp/libm.a(lib_a-s_cos.o)
                0x000000000001e440                cos
 .text.frexp    0x000000000001e53c       0xcc /home/jolu/zephyr-sdk/arm-zephyr-eabi/arm-zephyr-eabi/lib/thumb/v8-m.main+fp/softfp/libm.a(lib_a-s_frexp.o)
                0x000000000001e53c                frexp
 .text.round    0x000000000001e608      0x12c /home/jolu/zephyr-sdk/arm-zephyr-eabi/arm-zephyr-eabi/lib/thumb/v8-m.main+fp/softfp/libm.a(lib_a-s_round.o)
                0x000000000001e608                round
 .text.sin      0x000000000001e734      0x100 /home/jolu/zephyr-sdk/arm-zephyr-eabi/arm-zephyr-eabi/lib/thumb/v8-m.main+fp/softfp/libm.a(lib_a-s_sin.o)
                0x000000000001e734                sin
 .text.sqrt     0x000000000001e834       0xfc /home/jolu/zephyr-sdk/arm-zephyr-eabi/arm-zephyr-eabi/lib/thumb/v8-m.main+fp/softfp/libm.a(lib_a-w_sqrt.o)
                0x000000000001e834                sqrt
 .text.expf     0x000000000001e930      0x184 /home/jolu/zephyr-sdk/arm-zephyr-eabi/arm-zephyr-eabi/lib/thumb/v8-m.main+fp/softfp/libm.a(lib_a-wf_exp.o)
                0x000000000001e930                expf
 .text.powf     0x000000000001eab4      0x520 /home/jolu/zephyr-sdk/arm-zephyr-eabi/arm-zephyr-eabi/lib/thumb/v8-m.main+fp/softfp/libm.a(lib_a-wf_pow.o)
                0x000000000001eab4                powf
 .text.__ieee754_expf
                0x000000000001efd4      0x2d4 /home/jolu/zephyr-sdk/arm-zephyr-eabi/arm-zephyr-eabi/lib/thumb/v8-m.main+fp/softfp/libm.a(lib_a-ef_exp.o)
                0x000000000001efd4                __ieee754_expf
 .text.__ieee754_powf
                0x000000000001f2a8      0xb84 /home/jolu/zephyr-sdk/arm-zephyr-eabi/arm-zephyr-eabi/lib/thumb/v8-m.main+fp/softfp/libm.a(lib_a-ef_pow.o)
                0x000000000001f2a8                __ieee754_powf
 .text.__kernel_rem_pio2
                0x000000000001fe2c      0xcec /home/jolu/zephyr-sdk/arm-zephyr-eabi/arm-zephyr-eabi/lib/thumb/v8-m.main+fp/softfp/libm.a(lib_a-k_rem_pio2.o)
                0x000000000001fe2c                __kernel_rem_pio2
 .text.nanf     0x0000000000020b18       0x20 /home/jolu/zephyr-sdk/arm-zephyr-eabi/arm-zephyr-eabi/lib/thumb/v8-m.main+fp/softfp/libm.a(lib_a-sf_nan.o)
                0x0000000000020b18                nanf
 .text.scalbnf  0x0000000000020b38      0x150 /home/jolu/zephyr-sdk/arm-zephyr-eabi/arm-zephyr-eabi/lib/thumb/v8-m.main+fp/softfp/libm.a(lib_a-sf_scalbn.o)
                0x0000000000020b38                scalbnf
 .text.__assert_func
                0x0000000000020c88       0x3c /home/jolu/zephyr-sdk/arm-zephyr-eabi/arm-zephyr-eabi/lib/thumb/v8-m.main+fp/softfp/libc_nano.a(lib_a-assert.o)
                0x0000000000020c88                __assert_func
 .text.calloc   0x0000000000020cc4       0x10 /home/jolu/zephyr-sdk/arm-zephyr-eabi/arm-zephyr-eabi/lib/thumb/v8-m.main+fp/softfp/libc_nano.a(lib_a-calloc.o)
                0x0000000000020cc4                calloc
 .text.fprintf  0x0000000000020cd4       0x24 /home/jolu/zephyr-sdk/arm-zephyr-eabi/arm-zephyr-eabi/lib/thumb/v8-m.main+fp/softfp/libc_nano.a(lib_a-fprintf.o)
                0x0000000000020cd4                fprintf
                0x0000000000020cd4                fiprintf
 .text._fputc_r
                0x0000000000020cf8       0x4c /home/jolu/zephyr-sdk/arm-zephyr-eabi/arm-zephyr-eabi/lib/thumb/v8-m.main+fp/softfp/libc_nano.a(lib_a-fputc.o)
                0x0000000000020cf8                _fputc_r
 .text.fputc    0x0000000000020d44       0x10 /home/jolu/zephyr-sdk/arm-zephyr-eabi/arm-zephyr-eabi/lib/thumb/v8-m.main+fp/softfp/libc_nano.a(lib_a-fputc.o)
                0x0000000000020d44                fputc
 .text._fputs_r
                0x0000000000020d54       0x60 /home/jolu/zephyr-sdk/arm-zephyr-eabi/arm-zephyr-eabi/lib/thumb/v8-m.main+fp/softfp/libc_nano.a(lib_a-fputs.o)
                0x0000000000020d54                _fputs_r
 .text.fputs    0x0000000000020db4       0x10 /home/jolu/zephyr-sdk/arm-zephyr-eabi/arm-zephyr-eabi/lib/thumb/v8-m.main+fp/softfp/libc_nano.a(lib_a-fputs.o)
                0x0000000000020db4                fputs
 .text.__sfvwrite_r
                0x0000000000020dc4      0x294 /home/jolu/zephyr-sdk/arm-zephyr-eabi/arm-zephyr-eabi/lib/thumb/v8-m.main+fp/softfp/libc_nano.a(lib_a-fvwrite.o)
                0x0000000000020dc4                __sfvwrite_r
 .text._fwrite_r
                0x0000000000021058       0x70 /home/jolu/zephyr-sdk/arm-zephyr-eabi/arm-zephyr-eabi/lib/thumb/v8-m.main+fp/softfp/libc_nano.a(lib_a-fwrite.o)
                0x0000000000021058                _fwrite_r
 .text.fwrite   0x00000000000210c8       0x1c /home/jolu/zephyr-sdk/arm-zephyr-eabi/arm-zephyr-eabi/lib/thumb/v8-m.main+fp/softfp/libc_nano.a(lib_a-fwrite.o)
                0x00000000000210c8                fwrite
 .text.malloc   0x00000000000210e4       0x10 /home/jolu/zephyr-sdk/arm-zephyr-eabi/arm-zephyr-eabi/lib/thumb/v8-m.main+fp/softfp/libc_nano.a(lib_a-malloc.o)
                0x00000000000210e4                malloc
 .text.free     0x00000000000210f4       0x10 /home/jolu/zephyr-sdk/arm-zephyr-eabi/arm-zephyr-eabi/lib/thumb/v8-m.main+fp/softfp/libc_nano.a(lib_a-malloc.o)
                0x00000000000210f4                free
 .text._free_r  0x0000000000021104       0xa0 /home/jolu/zephyr-sdk/arm-zephyr-eabi/arm-zephyr-eabi/lib/thumb/v8-m.main+fp/softfp/libc_nano.a(lib_a-nano-freer.o)
                0x0000000000021104                _free_r
 .text._malloc_r
                0x00000000000211a4       0xb4 /home/jolu/zephyr-sdk/arm-zephyr-eabi/arm-zephyr-eabi/lib/thumb/v8-m.main+fp/softfp/libc_nano.a(lib_a-nano-mallocr.o)
                0x00000000000211a4                _malloc_r
 .text._vfprintf_r
                0x0000000000021258      0x22c /home/jolu/zephyr-sdk/arm-zephyr-eabi/arm-zephyr-eabi/lib/thumb/v8-m.main+fp/softfp/libc_nano.a(lib_a-nano-vfprintf.o)
                0x0000000000021258                _vfiprintf_r
                0x0000000000021258                _vfprintf_r
 .text._printf_i
                0x0000000000021484      0x24c /home/jolu/zephyr-sdk/arm-zephyr-eabi/arm-zephyr-eabi/lib/thumb/v8-m.main+fp/softfp/libc_nano.a(lib_a-nano-vfprintf_i.o)
                0x0000000000021484                _printf_i
 .text._putc_r  0x00000000000216d0       0x6c /home/jolu/zephyr-sdk/arm-zephyr-eabi/arm-zephyr-eabi/lib/thumb/v8-m.main+fp/softfp/libc_nano.a(lib_a-putc.o)
                0x00000000000216d0                _putc_r
 .text.realloc  0x000000000002173c       0x10 /home/jolu/zephyr-sdk/arm-zephyr-eabi/arm-zephyr-eabi/lib/thumb/v8-m.main+fp/softfp/libc_nano.a(lib_a-realloc.o)
                0x000000000002173c                realloc
 .text._sbrk_r  0x000000000002174c       0x20 /home/jolu/zephyr-sdk/arm-zephyr-eabi/arm-zephyr-eabi/lib/thumb/v8-m.main+fp/softfp/libc_nano.a(lib_a-sbrkr.o)
                0x000000000002174c                _sbrk_r
 .text.raise    0x000000000002176c       0x10 /home/jolu/zephyr-sdk/arm-zephyr-eabi/arm-zephyr-eabi/lib/thumb/v8-m.main+fp/softfp/libc_nano.a(lib_a-signal.o)
                0x000000000002176c                raise
 .text._kill_r  0x000000000002177c       0x24 /home/jolu/zephyr-sdk/arm-zephyr-eabi/arm-zephyr-eabi/lib/thumb/v8-m.main+fp/softfp/libc_nano.a(lib_a-signalr.o)
                0x000000000002177c                _kill_r
 .text.sprintf  0x00000000000217a0       0x40 /home/jolu/zephyr-sdk/arm-zephyr-eabi/arm-zephyr-eabi/lib/thumb/v8-m.main+fp/softfp/libc_nano.a(lib_a-sprintf.o)
                0x00000000000217a0                sprintf
                0x00000000000217a0                siprintf
 .text.__swbuf_r
                0x00000000000217e0       0xa4 /home/jolu/zephyr-sdk/arm-zephyr-eabi/arm-zephyr-eabi/lib/thumb/v8-m.main+fp/softfp/libc_nano.a(lib_a-wbuf.o)
                0x00000000000217e0                __swbuf_r
 .text.__swsetup_r
                0x0000000000021884       0xdc /home/jolu/zephyr-sdk/arm-zephyr-eabi/arm-zephyr-eabi/lib/thumb/v8-m.main+fp/softfp/libc_nano.a(lib_a-wsetup.o)
                0x0000000000021884                __swsetup_r
 .text.__sflush_r
                0x0000000000021960      0x11c /home/jolu/zephyr-sdk/arm-zephyr-eabi/arm-zephyr-eabi/lib/thumb/v8-m.main+fp/softfp/libc_nano.a(lib_a-fflush.o)
                0x0000000000021960                __sflush_r
 .text._fflush_r
                0x0000000000021a7c       0x54 /home/jolu/zephyr-sdk/arm-zephyr-eabi/arm-zephyr-eabi/lib/thumb/v8-m.main+fp/softfp/libc_nano.a(lib_a-fflush.o)
                0x0000000000021a7c                _fflush_r
 .text.std      0x0000000000021ad0       0x48 /home/jolu/zephyr-sdk/arm-zephyr-eabi/arm-zephyr-eabi/lib/thumb/v8-m.main+fp/softfp/libc_nano.a(lib_a-findfp.o)
 .text._cleanup_r
                0x0000000000021b18        0xc /home/jolu/zephyr-sdk/arm-zephyr-eabi/arm-zephyr-eabi/lib/thumb/v8-m.main+fp/softfp/libc_nano.a(lib_a-findfp.o)
                0x0000000000021b18                _cleanup_r
 .text.__sinit  0x0000000000021b24       0x60 /home/jolu/zephyr-sdk/arm-zephyr-eabi/arm-zephyr-eabi/lib/thumb/v8-m.main+fp/softfp/libc_nano.a(lib_a-findfp.o)
                0x0000000000021b24                __sinit
 .text.__sfp    0x0000000000021b84       0x78 /home/jolu/zephyr-sdk/arm-zephyr-eabi/arm-zephyr-eabi/lib/thumb/v8-m.main+fp/softfp/libc_nano.a(lib_a-findfp.o)
                0x0000000000021b84                __sfp
 .text.__smakebuf_r
                0x0000000000021bfc       0x80 /home/jolu/zephyr-sdk/arm-zephyr-eabi/arm-zephyr-eabi/lib/thumb/v8-m.main+fp/softfp/libc_nano.a(lib_a-makebuf.o)
                0x0000000000021bfc                __smakebuf_r
 .text._svfprintf_r
                0x0000000000021c7c      0x200 /home/jolu/zephyr-sdk/arm-zephyr-eabi/arm-zephyr-eabi/lib/thumb/v8-m.main+fp/softfp/libc_nano.a(lib_a-nano-svfprintf.o)
                0x0000000000021c7c                _svfprintf_r
                0x0000000000021c7c                _svfiprintf_r
 .text._write_r
                0x0000000000021e7c       0x24 /home/jolu/zephyr-sdk/arm-zephyr-eabi/arm-zephyr-eabi/lib/thumb/v8-m.main+fp/softfp/libc_nano.a(lib_a-writer.o)
                0x0000000000021e7c                _write_r
 .text._close_r
                0x0000000000021ea0       0x20 /home/jolu/zephyr-sdk/arm-zephyr-eabi/arm-zephyr-eabi/lib/thumb/v8-m.main+fp/softfp/libc_nano.a(lib_a-closer.o)
                0x0000000000021ea0                _close_r
 .text._fstat_r
                0x0000000000021ec0       0x24 /home/jolu/zephyr-sdk/arm-zephyr-eabi/arm-zephyr-eabi/lib/thumb/v8-m.main+fp/softfp/libc_nano.a(lib_a-fstatr.o)
                0x0000000000021ec0                _fstat_r